[2019-10-23T16:19:34.222+0300][0.012s][info][gc] Using Parallel
[2019-10-23T16:19:34.662+0300][0.453s][info][gc] GC(0) Pause Young (Allocation Failure) 128M->119M(491M) 124.756ms
[2019-10-23T16:19:34.815+0300][0.606s][info][gc] GC(1) Pause Young (Allocation Failure) 247M->204M(491M) 112.864ms
[2019-10-23T16:19:34.945+0300][0.736s][info][gc] GC(2) Pause Young (Allocation Failure) 333M->283M(491M) 97.275ms
[2019-10-23T16:19:35.241+0300][1.033s][info][gc] GC(3) Pause Full (Ergonomics) 283M->99M(491M) 296.161ms
[2019-10-23T16:19:35.407+0300][1.199s][info][gc] GC(4) Pause Young (Allocation Failure) 228M->224M(491M) 136.954ms
[2019-10-23T16:19:35.533+0300][1.324s][info][gc] GC(5) Pause Young (Allocation Failure) 353M->288M(420M) 91.826ms
[2019-10-23T16:19:35.748+0300][1.539s][info][gc] GC(6) Pause Full (Ergonomics) 288M->85M(455M) 214.674ms
[2019-10-23T16:19:36.008+0300][1.799s][info][gc] GC(7) Pause Young (Allocation Failure) 136M->135M(455M) 239.189ms
[2019-10-23T16:19:36.197+0300][1.989s][info][gc] GC(8) Pause Young (Allocation Failure) 193M->192M(455M) 180.340ms
[2019-10-23T16:19:36.311+0300][2.102s][info][gc] GC(9) Pause Young (Allocation Failure) 250M->250M(455M) 104.722ms
[2019-10-23T16:19:36.374+0300][2.166s][info][gc] GC(10) Pause Young (Allocation Failure) 308M->237M(455M) 45.054ms
[2019-10-23T16:19:36.473+0300][2.264s][info][gc] GC(11) Pause Young (Allocation Failure) 295M->294M(455M) 86.488ms
[2019-10-23T16:19:36.761+0300][2.552s][info][gc] GC(12) Pause Full (Ergonomics) 294M->97M(455M) 287.533ms
[2019-10-23T16:19:36.931+0300][2.721s][info][gc] GC(13) Pause Young (Allocation Failure) 155M->155M(455M) 152.052ms
[2019-10-23T16:19:37.053+0300][2.844s][info][gc] GC(14) Pause Young (Allocation Failure) 212M->212M(455M) 112.137ms
[2019-10-23T16:19:37.539+0300][3.330s][info][gc] GC(15) Pause Young (Allocation Failure) 270M->269M(455M) 465.466ms
[2019-10-23T16:19:37.765+0300][3.555s][info][gc] GC(16) Pause Young (Allocation Failure) 327M->327M(455M) 217.484ms
[2019-10-23T16:19:37.917+0300][3.708s][info][gc] GC(17) Pause Full (Ergonomics) 327M->59M(455M) 152.465ms
[2019-10-23T16:19:38.169+0300][3.960s][info][gc] GC(18) Pause Young (Allocation Failure) 116M->117M(455M) 243.087ms
[2019-10-23T16:19:38.432+0300][4.223s][info][gc] GC(19) Pause Young (Allocation Failure) 174M->174M(455M) 244.394ms
[2019-10-23T16:19:38.558+0300][4.349s][info][gc] GC(20) Pause Young (Allocation Failure) 232M->232M(455M) 116.739ms
[2019-10-23T16:19:38.974+0300][4.765s][info][gc] GC(21) Pause Young (Allocation Failure) 289M->290M(455M) 395.999ms
[2019-10-23T16:19:39.104+0300][4.895s][info][gc] GC(22) Pause Young (Allocation Failure) 347M->347M(455M) 120.540ms
[2019-10-23T16:19:39.308+0300][5.098s][info][gc] GC(23) Pause Full (Ergonomics) 347M->79M(455M) 203.107ms
[2019-10-23T16:19:39.567+0300][5.358s][info][gc] GC(24) Pause Young (Allocation Failure) 135M->135M(455M) 242.190ms
[2019-10-23T16:19:39.775+0300][5.567s][info][gc] GC(25) Pause Young (Allocation Failure) 193M->193M(455M) 199.736ms
[2019-10-23T16:19:39.913+0300][5.704s][info][gc] GC(26) Pause Young (Allocation Failure) 250M->250M(455M) 127.595ms
[2019-10-23T16:19:40.233+0300][6.024s][info][gc] GC(27) Pause Young (Allocation Failure) 308M->308M(455M) 301.471ms
[2019-10-23T16:19:40.318+0300][6.109s][info][gc] GC(28) Pause Full (Ergonomics) 308M->40M(455M) 84.757ms
[2019-10-23T16:19:40.588+0300][6.379s][info][gc] GC(29) Pause Young (Allocation Failure) 98M->98M(455M) 259.962ms
[2019-10-23T16:19:41.007+0300][6.798s][info][gc] GC(30) Pause Young (Allocation Failure) 155M->156M(455M) 399.587ms
[2019-10-23T16:19:41.129+0300][6.920s][info][gc] GC(31) Pause Young (Allocation Failure) 213M->213M(455M) 113.253ms
[2019-10-23T16:19:41.630+0300][7.421s][info][gc] GC(32) Pause Young (Allocation Failure) 270M->270M(455M) 479.833ms
[2019-10-23T16:19:41.835+0300][7.626s][info][gc] GC(33) Pause Young (Allocation Failure) 327M->327M(455M) 196.813ms
[2019-10-23T16:19:41.969+0300][7.760s][info][gc] GC(34) Pause Full (Ergonomics) 327M->59M(455M) 133.807ms
[2019-10-23T16:19:42.238+0300][8.028s][info][gc] GC(35) Pause Young (Allocation Failure) 116M->116M(455M) 259.855ms
[2019-10-23T16:19:42.567+0300][8.358s][info][gc] GC(36) Pause Young (Allocation Failure) 174M->174M(455M) 310.870ms
[2019-10-23T16:19:42.691+0300][8.482s][info][gc] GC(37) Pause Young (Allocation Failure) 232M->232M(455M) 114.092ms
[2019-10-23T16:19:43.111+0300][8.902s][info][gc] GC(38) Pause Young (Allocation Failure) 289M->290M(455M) 401.604ms
[2019-10-23T16:19:43.233+0300][9.024s][info][gc] GC(39) Pause Young (Allocation Failure) 347M->347M(455M) 113.598ms
[2019-10-23T16:19:43.442+0300][9.234s][info][gc] GC(40) Pause Full (Ergonomics) 347M->79M(455M) 209.134ms
[2019-10-23T16:19:43.707+0300][9.498s][info][gc] GC(41) Pause Young (Allocation Failure) 135M->135M(455M) 244.973ms
[2019-10-23T16:19:43.912+0300][9.703s][info][gc] GC(42) Pause Young (Allocation Failure) 193M->193M(455M) 196.497ms
[2019-10-23T16:19:44.051+0300][9.842s][info][gc] GC(43) Pause Young (Allocation Failure) 250M->250M(455M) 129.217ms
[2019-10-23T16:19:44.377+0300][10.168s][info][gc] GC(44) Pause Young (Allocation Failure) 308M->308M(455M) 307.053ms
[2019-10-23T16:19:44.460+0300][10.251s][info][gc] GC(45) Pause Full (Ergonomics) 308M->40M(455M) 82.652ms
[2019-10-23T16:19:44.731+0300][10.522s][info][gc] GC(46) Pause Young (Allocation Failure) 98M->98M(455M) 261.827ms
[2019-10-23T16:19:45.175+0300][10.966s][info][gc] GC(47) Pause Young (Allocation Failure) 155M->156M(455M) 424.441ms
[2019-10-23T16:19:45.292+0300][11.082s][info][gc] GC(48) Pause Young (Allocation Failure) 213M->213M(455M) 107.956ms
[2019-10-23T16:19:45.789+0300][11.579s][info][gc] GC(49) Pause Young (Allocation Failure) 269M->269M(455M) 476.160ms
[2019-10-23T16:19:46.008+0300][11.799s][info][gc] GC(50) Pause Young (Allocation Failure) 327M->327M(455M) 211.873ms
[2019-10-23T16:19:46.159+0300][11.950s][info][gc] GC(51) Pause Full (Ergonomics) 327M->59M(455M) 150.906ms
[2019-10-23T16:19:46.405+0300][12.196s][info][gc] GC(52) Pause Young (Allocation Failure) 116M->117M(455M) 237.386ms
[2019-10-23T16:19:46.728+0300][12.519s][info][gc] GC(53) Pause Young (Allocation Failure) 174M->174M(455M) 303.024ms
[2019-10-23T16:19:46.858+0300][12.650s][info][gc] GC(54) Pause Young (Allocation Failure) 232M->232M(455M) 121.879ms
[2019-10-23T16:19:47.280+0300][13.071s][info][gc] GC(55) Pause Young (Allocation Failure) 289M->290M(455M) 402.743ms
[2019-10-23T16:19:47.398+0300][13.189s][info][gc] GC(56) Pause Young (Allocation Failure) 347M->347M(455M) 109.387ms
[2019-10-23T16:19:47.614+0300][13.405s][info][gc] GC(57) Pause Full (Ergonomics) 347M->79M(455M) 216.014ms
[2019-10-23T16:19:47.895+0300][13.685s][info][gc] GC(58) Pause Young (Allocation Failure) 135M->135M(455M) 262.206ms
[2019-10-23T16:19:48.109+0300][13.900s][info][gc] GC(59) Pause Young (Allocation Failure) 193M->193M(455M) 205.748ms
[2019-10-23T16:19:48.247+0300][14.038s][info][gc] GC(60) Pause Young (Allocation Failure) 250M->250M(455M) 127.270ms
[2019-10-23T16:19:48.588+0300][14.378s][info][gc] GC(61) Pause Young (Allocation Failure) 308M->308M(455M) 323.126ms
[2019-10-23T16:19:48.652+0300][14.443s][info][gc] GC(62) Pause Full (Ergonomics) 308M->40M(455M) 65.005ms
[2019-10-23T16:19:48.926+0300][14.717s][info][gc] GC(63) Pause Young (Allocation Failure) 98M->98M(455M) 264.289ms
[2019-10-23T16:19:49.371+0300][15.162s][info][gc] GC(64) Pause Young (Allocation Failure) 155M->156M(455M) 426.745ms
[2019-10-23T16:19:49.487+0300][15.278s][info][gc] GC(65) Pause Young (Allocation Failure) 213M->213M(455M) 107.272ms
[2019-10-23T16:19:50.037+0300][15.828s][info][gc] GC(66) Pause Young (Allocation Failure) 269M->269M(455M) 529.031ms
[2019-10-23T16:19:50.245+0300][16.037s][info][gc] GC(67) Pause Young (Allocation Failure) 327M->327M(455M) 200.118ms
[2019-10-23T16:19:50.395+0300][16.186s][info][gc] GC(68) Pause Full (Ergonomics) 327M->59M(455M) 149.714ms
[2019-10-23T16:19:50.654+0300][16.445s][info][gc] GC(69) Pause Young (Allocation Failure) 116M->117M(455M) 250.065ms
[2019-10-23T16:19:50.977+0300][16.768s][info][gc] GC(70) Pause Young (Allocation Failure) 174M->174M(455M) 304.529ms
[2019-10-23T16:19:51.105+0300][16.896s][info][gc] GC(71) Pause Young (Allocation Failure) 232M->232M(455M) 116.956ms
[2019-10-23T16:19:51.529+0300][17.320s][info][gc] GC(72) Pause Young (Allocation Failure) 289M->290M(455M) 404.245ms
[2019-10-23T16:19:51.644+0300][17.435s][info][gc] GC(73) Pause Young (Allocation Failure) 347M->347M(455M) 105.955ms
[2019-10-23T16:19:51.862+0300][17.652s][info][gc] GC(74) Pause Full (Ergonomics) 347M->79M(455M) 217.428ms
[2019-10-23T16:19:52.102+0300][17.892s][info][gc] GC(75) Pause Young (Allocation Failure) 135M->135M(455M) 221.382ms
[2019-10-23T16:19:52.267+0300][18.058s][info][gc] GC(76) Pause Young (Allocation Failure) 193M->193M(455M) 155.910ms
[2019-10-23T16:19:52.402+0300][18.193s][info][gc] GC(77) Pause Young (Allocation Failure) 250M->250M(455M) 126.260ms
[2019-10-23T16:19:52.715+0300][18.506s][info][gc] GC(78) Pause Young (Allocation Failure) 308M->308M(455M) 293.380ms
[2019-10-23T16:19:52.796+0300][18.587s][info][gc] GC(79) Pause Full (Ergonomics) 308M->40M(455M) 81.216ms
[2019-10-23T16:19:53.079+0300][18.870s][info][gc] GC(80) Pause Young (Allocation Failure) 98M->98M(455M) 273.738ms
[2019-10-23T16:19:53.545+0300][19.336s][info][gc] GC(81) Pause Young (Allocation Failure) 155M->156M(455M) 446.018ms
[2019-10-23T16:19:53.669+0300][19.460s][info][gc] GC(82) Pause Young (Allocation Failure) 213M->213M(455M) 115.196ms
[2019-10-23T16:19:54.216+0300][20.007s][info][gc] GC(83) Pause Young (Allocation Failure) 269M->269M(455M) 526.281ms
[2019-10-23T16:19:54.417+0300][20.207s][info][gc] GC(84) Pause Young (Allocation Failure) 327M->327M(455M) 191.758ms
[2019-10-23T16:19:54.573+0300][20.363s][info][gc] GC(85) Pause Full (Ergonomics) 327M->59M(455M) 156.093ms
[2019-10-23T16:19:54.839+0300][20.630s][info][gc] GC(86) Pause Young (Allocation Failure) 116M->117M(455M) 257.410ms
[2019-10-23T16:19:55.148+0300][20.939s][info][gc] GC(87) Pause Young (Allocation Failure) 174M->174M(455M) 290.584ms
[2019-10-23T16:19:55.274+0300][21.064s][info][gc] GC(88) Pause Young (Allocation Failure) 232M->232M(455M) 116.488ms
[2019-10-23T16:19:55.700+0300][21.491s][info][gc] GC(89) Pause Young (Allocation Failure) 289M->290M(455M) 408.663ms
[2019-10-23T16:19:55.829+0300][21.620s][info][gc] GC(90) Pause Young (Allocation Failure) 347M->347M(455M) 119.824ms
[2019-10-23T16:19:56.056+0300][21.848s][info][gc] GC(91) Pause Full (Ergonomics) 347M->79M(455M) 227.475ms
[2019-10-23T16:19:56.317+0300][22.108s][info][gc] GC(92) Pause Young (Allocation Failure) 135M->135M(455M) 241.166ms
[2019-10-23T16:19:56.538+0300][22.330s][info][gc] GC(93) Pause Young (Allocation Failure) 193M->193M(455M) 213.207ms
[2019-10-23T16:19:56.678+0300][22.469s][info][gc] GC(94) Pause Young (Allocation Failure) 250M->250M(455M) 128.665ms
[2019-10-23T16:19:56.987+0300][22.778s][info][gc] GC(95) Pause Young (Allocation Failure) 308M->308M(455M) 290.102ms
[2019-10-23T16:19:57.072+0300][22.863s][info][gc] GC(96) Pause Full (Ergonomics) 308M->40M(455M) 84.426ms
[2019-10-23T16:19:57.348+0300][23.139s][info][gc] GC(97) Pause Young (Allocation Failure) 98M->98M(455M) 266.175ms
[2019-10-23T16:19:57.777+0300][23.568s][info][gc] GC(98) Pause Young (Allocation Failure) 155M->156M(455M) 408.958ms
[2019-10-23T16:19:57.887+0300][23.677s][info][gc] GC(99) Pause Young (Allocation Failure) 213M->213M(455M) 100.580ms
[2019-10-23T16:19:58.390+0300][24.180s][info][gc] GC(100) Pause Young (Allocation Failure) 269M->269M(455M) 482.923ms
[2019-10-23T16:19:58.547+0300][24.337s][info][gc] GC(101) Pause Young (Allocation Failure) 327M->327M(455M) 148.476ms
[2019-10-23T16:19:58.695+0300][24.486s][info][gc] GC(102) Pause Full (Ergonomics) 327M->59M(455M) 148.342ms
[2019-10-23T16:19:58.965+0300][24.756s][info][gc] GC(103) Pause Young (Allocation Failure) 116M->117M(455M) 261.441ms
[2019-10-23T16:19:59.279+0300][25.069s][info][gc] GC(104) Pause Young (Allocation Failure) 174M->174M(455M) 294.968ms
[2019-10-23T16:19:59.405+0300][25.196s][info][gc] GC(105) Pause Young (Allocation Failure) 232M->232M(455M) 115.760ms
[2019-10-23T16:19:59.824+0300][25.615s][info][gc] GC(106) Pause Young (Allocation Failure) 289M->290M(455M) 399.147ms
[2019-10-23T16:19:59.947+0300][25.737s][info][gc] GC(107) Pause Young (Allocation Failure) 347M->347M(455M) 113.934ms
[2019-10-23T16:20:00.164+0300][25.955s][info][gc] GC(108) Pause Full (Ergonomics) 347M->79M(455M) 217.090ms
[2019-10-23T16:20:00.421+0300][26.211s][info][gc] GC(109) Pause Young (Allocation Failure) 135M->135M(455M) 238.105ms
[2019-10-23T16:20:00.622+0300][26.412s][info][gc] GC(110) Pause Young (Allocation Failure) 193M->193M(455M) 192.956ms
[2019-10-23T16:20:00.761+0300][26.551s][info][gc] GC(111) Pause Young (Allocation Failure) 250M->250M(455M) 128.386ms
[2019-10-23T16:20:01.046+0300][26.837s][info][gc] GC(112) Pause Young (Allocation Failure) 308M->308M(455M) 266.429ms
[2019-10-23T16:20:01.125+0300][26.917s][info][gc] GC(113) Pause Full (Ergonomics) 308M->40M(455M) 79.104ms
[2019-10-23T16:20:01.401+0300][27.192s][info][gc] GC(114) Pause Young (Allocation Failure) 98M->98M(455M) 264.777ms
[2019-10-23T16:20:01.785+0300][27.576s][info][gc] GC(115) Pause Young (Allocation Failure) 155M->156M(455M) 366.022ms
[2019-10-23T16:20:01.909+0300][27.701s][info][gc] GC(116) Pause Young (Allocation Failure) 213M->213M(455M) 115.736ms
[2019-10-23T16:20:02.396+0300][28.187s][info][gc] GC(117) Pause Young (Allocation Failure) 269M->269M(455M) 465.149ms
[2019-10-23T16:20:02.566+0300][28.357s][info][gc] GC(118) Pause Young (Allocation Failure) 327M->327M(455M) 161.608ms
[2019-10-23T16:20:02.721+0300][28.512s][info][gc] GC(119) Pause Full (Ergonomics) 327M->59M(455M) 155.265ms
[2019-10-23T16:20:03.000+0300][28.791s][info][gc] GC(120) Pause Young (Allocation Failure) 116M->117M(455M) 269.834ms
[2019-10-23T16:20:03.320+0300][29.111s][info][gc] GC(121) Pause Young (Allocation Failure) 174M->174M(455M) 300.497ms
[2019-10-23T16:20:03.444+0300][29.235s][info][gc] GC(122) Pause Young (Allocation Failure) 232M->232M(455M) 115.309ms
[2019-10-23T16:20:03.833+0300][29.624s][info][gc] GC(123) Pause Young (Allocation Failure) 289M->290M(455M) 368.678ms
[2019-10-23T16:20:03.951+0300][29.742s][info][gc] GC(124) Pause Young (Allocation Failure) 347M->347M(455M) 108.913ms
[2019-10-23T16:20:04.168+0300][29.959s][info][gc] GC(125) Pause Full (Ergonomics) 347M->79M(455M) 217.183ms
[2019-10-23T16:20:04.431+0300][30.222s][info][gc] GC(126) Pause Young (Allocation Failure) 135M->135M(455M) 244.233ms
[2019-10-23T16:20:04.652+0300][30.443s][info][gc] GC(127) Pause Young (Allocation Failure) 193M->193M(455M) 211.541ms
[2019-10-23T16:20:04.790+0300][30.580s][info][gc] GC(128) Pause Young (Allocation Failure) 250M->250M(455M) 127.959ms
[2019-10-23T16:20:05.125+0300][30.916s][info][gc] GC(129) Pause Young (Allocation Failure) 308M->308M(455M) 316.316ms
[2019-10-23T16:20:05.214+0300][31.005s][info][gc] GC(130) Pause Full (Ergonomics) 308M->40M(455M) 88.739ms
[2019-10-23T16:20:05.454+0300][31.245s][info][gc] GC(131) Pause Young (Allocation Failure) 98M->98M(455M) 229.999ms
[2019-10-23T16:20:05.916+0300][31.706s][info][gc] GC(132) Pause Young (Allocation Failure) 155M->156M(455M) 442.792ms
[2019-10-23T16:20:06.036+0300][31.827s][info][gc] GC(133) Pause Young (Allocation Failure) 213M->213M(455M) 112.306ms
[2019-10-23T16:20:06.587+0300][32.378s][info][gc] GC(134) Pause Young (Allocation Failure) 269M->269M(455M) 531.305ms
[2019-10-23T16:20:06.811+0300][32.602s][info][gc] GC(135) Pause Young (Allocation Failure) 327M->327M(455M) 214.794ms
[2019-10-23T16:20:06.965+0300][32.756s][info][gc] GC(136) Pause Full (Ergonomics) 327M->59M(455M) 154.311ms
[2019-10-23T16:20:07.207+0300][32.998s][info][gc] GC(137) Pause Young (Allocation Failure) 116M->117M(455M) 233.285ms
[2019-10-23T16:20:07.543+0300][33.334s][info][gc] GC(138) Pause Young (Allocation Failure) 174M->174M(455M) 316.980ms
[2019-10-23T16:20:07.669+0300][33.460s][info][gc] GC(139) Pause Young (Allocation Failure) 232M->232M(455M) 117.458ms
[2019-10-23T16:20:08.143+0300][33.934s][info][gc] GC(140) Pause Young (Allocation Failure) 289M->290M(455M) 454.486ms
[2019-10-23T16:20:08.262+0300][34.053s][info][gc] GC(141) Pause Young (Allocation Failure) 347M->347M(455M) 109.136ms
[2019-10-23T16:20:08.503+0300][34.294s][info][gc] GC(142) Pause Full (Ergonomics) 347M->79M(455M) 240.553ms
[2019-10-23T16:20:08.754+0300][34.545s][info][gc] GC(143) Pause Young (Allocation Failure) 135M->135M(455M) 232.180ms
[2019-10-23T16:20:08.964+0300][34.755s][info][gc] GC(144) Pause Young (Allocation Failure) 193M->193M(455M) 201.374ms
[2019-10-23T16:20:09.102+0300][34.893s][info][gc] GC(145) Pause Young (Allocation Failure) 250M->250M(455M) 128.578ms
[2019-10-23T16:20:09.424+0300][35.215s][info][gc] GC(146) Pause Young (Allocation Failure) 308M->308M(455M) 302.062ms
[2019-10-23T16:20:09.513+0300][35.303s][info][gc] GC(147) Pause Full (Ergonomics) 308M->40M(455M) 88.445ms
[2019-10-23T16:20:09.730+0300][35.520s][info][gc] GC(148) Pause Young (Allocation Failure) 98M->98M(455M) 206.832ms
[2019-10-23T16:20:10.170+0300][35.961s][info][gc] GC(149) Pause Young (Allocation Failure) 155M->156M(455M) 422.781ms
[2019-10-23T16:20:10.282+0300][36.073s][info][gc] GC(150) Pause Young (Allocation Failure) 213M->213M(455M) 103.327ms
[2019-10-23T16:20:10.792+0300][36.584s][info][gc] GC(151) Pause Young (Allocation Failure) 269M->269M(455M) 489.855ms
[2019-10-23T16:20:10.983+0300][36.774s][info][gc] GC(152) Pause Young (Allocation Failure) 327M->327M(455M) 181.430ms
[2019-10-23T16:20:11.138+0300][36.929s][info][gc] GC(153) Pause Full (Ergonomics) 327M->59M(455M) 154.432ms
[2019-10-23T16:20:11.403+0300][37.194s][info][gc] GC(154) Pause Young (Allocation Failure) 116M->117M(455M) 256.874ms
[2019-10-23T16:20:11.726+0300][37.517s][info][gc] GC(155) Pause Young (Allocation Failure) 174M->174M(455M) 304.306ms
[2019-10-23T16:20:11.851+0300][37.641s][info][gc] GC(156) Pause Young (Allocation Failure) 232M->232M(455M) 115.528ms
[2019-10-23T16:20:12.260+0300][38.050s][info][gc] GC(157) Pause Young (Allocation Failure) 289M->290M(455M) 389.871ms
[2019-10-23T16:20:12.369+0300][38.160s][info][gc] GC(158) Pause Young (Allocation Failure) 347M->347M(455M) 100.706ms
[2019-10-23T16:20:12.593+0300][38.384s][info][gc] GC(159) Pause Full (Ergonomics) 347M->79M(455M) 223.822ms
[2019-10-23T16:20:12.840+0300][38.630s][info][gc] GC(160) Pause Young (Allocation Failure) 135M->135M(455M) 228.069ms
[2019-10-23T16:20:13.006+0300][38.797s][info][gc] GC(161) Pause Young (Allocation Failure) 193M->193M(455M) 157.016ms
[2019-10-23T16:20:13.143+0300][38.934s][info][gc] GC(162) Pause Young (Allocation Failure) 250M->250M(455M) 128.231ms
[2019-10-23T16:20:13.458+0300][39.249s][info][gc] GC(163) Pause Young (Allocation Failure) 308M->308M(455M) 297.575ms
[2019-10-23T16:20:13.545+0300][39.336s][info][gc] GC(164) Pause Full (Ergonomics) 308M->40M(455M) 86.869ms
[2019-10-23T16:20:13.810+0300][39.600s][info][gc] GC(165) Pause Young (Allocation Failure) 98M->98M(455M) 255.491ms
[2019-10-23T16:20:14.250+0300][40.041s][info][gc] GC(166) Pause Young (Allocation Failure) 155M->156M(455M) 421.936ms
[2019-10-23T16:20:14.360+0300][40.151s][info][gc] GC(167) Pause Young (Allocation Failure) 213M->213M(455M) 101.758ms
[2019-10-23T16:20:14.893+0300][40.684s][info][gc] GC(168) Pause Young (Allocation Failure) 269M->270M(455M) 511.739ms
[2019-10-23T16:20:15.106+0300][40.896s][info][gc] GC(169) Pause Young (Allocation Failure) 327M->327M(455M) 204.093ms
[2019-10-23T16:20:15.261+0300][41.052s][info][gc] GC(170) Pause Full (Ergonomics) 327M->59M(455M) 155.621ms
[2019-10-23T16:20:15.478+0300][41.268s][info][gc] GC(171) Pause Young (Allocation Failure) 116M->117M(455M) 207.431ms
[2019-10-23T16:20:15.797+0300][41.588s][info][gc] GC(172) Pause Young (Allocation Failure) 174M->174M(455M) 300.124ms
[2019-10-23T16:20:15.922+0300][41.713s][info][gc] GC(173) Pause Young (Allocation Failure) 232M->232M(455M) 115.884ms
[2019-10-23T16:20:16.315+0300][42.106s][info][gc] GC(174) Pause Young (Allocation Failure) 289M->290M(455M) 373.312ms
[2019-10-23T16:20:16.438+0300][42.229s][info][gc] GC(175) Pause Young (Allocation Failure) 347M->347M(455M) 114.042ms
[2019-10-23T16:20:16.613+0300][42.404s][info][gc] GC(176) Pause Full (Ergonomics) 347M->79M(455M) 175.418ms
[2019-10-23T16:20:16.907+0300][42.698s][info][gc] GC(177) Pause Young (Allocation Failure) 135M->135M(455M) 274.884ms
[2019-10-23T16:20:17.116+0300][42.908s][info][gc] GC(178) Pause Young (Allocation Failure) 193M->193M(455M) 200.186ms
[2019-10-23T16:20:17.254+0300][43.046s][info][gc] GC(179) Pause Young (Allocation Failure) 250M->250M(455M) 127.494ms
[2019-10-23T16:20:17.583+0300][43.375s][info][gc] GC(180) Pause Young (Allocation Failure) 308M->308M(455M) 309.398ms
[2019-10-23T16:20:17.654+0300][43.446s][info][gc] GC(181) Pause Full (Ergonomics) 308M->40M(455M) 70.750ms
[2019-10-23T16:20:17.907+0300][43.698s][info][gc] GC(182) Pause Young (Allocation Failure) 98M->98M(455M) 242.057ms
[2019-10-23T16:20:18.332+0300][44.123s][info][gc] GC(183) Pause Young (Allocation Failure) 155M->156M(455M) 406.988ms
[2019-10-23T16:20:18.449+0300][44.241s][info][gc] GC(184) Pause Young (Allocation Failure) 213M->213M(455M) 108.750ms
[2019-10-23T16:20:18.978+0300][44.769s][info][gc] GC(185) Pause Young (Allocation Failure) 269M->269M(455M) 507.709ms
[2019-10-23T16:20:19.182+0300][44.973s][info][gc] GC(186) Pause Young (Allocation Failure) 327M->327M(455M) 196.697ms
[2019-10-23T16:20:19.336+0300][45.127s][info][gc] GC(187) Pause Full (Ergonomics) 327M->59M(455M) 152.992ms
[2019-10-23T16:20:19.580+0300][45.371s][info][gc] GC(188) Pause Young (Allocation Failure) 116M->117M(455M) 234.232ms
[2019-10-23T16:20:19.863+0300][45.654s][info][gc] GC(189) Pause Young (Allocation Failure) 174M->174M(455M) 263.205ms
[2019-10-23T16:20:19.990+0300][45.781s][info][gc] GC(190) Pause Young (Allocation Failure) 232M->232M(455M) 117.640ms
[2019-10-23T16:20:20.412+0300][46.203s][info][gc] GC(191) Pause Young (Allocation Failure) 289M->290M(455M) 402.245ms
[2019-10-23T16:20:20.528+0300][46.319s][info][gc] GC(192) Pause Young (Allocation Failure) 347M->347M(455M) 106.874ms
[2019-10-23T16:20:20.698+0300][46.489s][info][gc] GC(193) Pause Full (Ergonomics) 347M->79M(455M) 170.091ms
[2019-10-23T16:20:20.972+0300][46.763s][info][gc] GC(194) Pause Young (Allocation Failure) 135M->135M(455M) 255.453ms
[2019-10-23T16:20:21.191+0300][46.982s][info][gc] GC(195) Pause Young (Allocation Failure) 193M->193M(455M) 210.968ms
[2019-10-23T16:20:21.328+0300][47.119s][info][gc] GC(196) Pause Young (Allocation Failure) 250M->250M(455M) 127.822ms
[2019-10-23T16:20:21.649+0300][47.439s][info][gc] GC(197) Pause Young (Allocation Failure) 308M->308M(455M) 300.724ms
[2019-10-23T16:20:21.737+0300][47.528s][info][gc] GC(198) Pause Full (Ergonomics) 308M->40M(455M) 88.309ms
[2019-10-23T16:20:21.985+0300][47.776s][info][gc] GC(199) Pause Young (Allocation Failure) 98M->98M(455M) 238.314ms
[2019-10-23T16:20:22.374+0300][48.165s][info][gc] GC(200) Pause Young (Allocation Failure) 155M->156M(455M) 370.111ms
[2019-10-23T16:20:22.489+0300][48.280s][info][gc] GC(201) Pause Young (Allocation Failure) 213M->213M(455M) 106.289ms
[2019-10-23T16:20:23.010+0300][48.801s][info][gc] GC(202) Pause Young (Allocation Failure) 269M->269M(455M) 499.617ms
[2019-10-23T16:20:23.200+0300][48.990s][info][gc] GC(203) Pause Young (Allocation Failure) 327M->327M(455M) 181.586ms
[2019-10-23T16:20:23.345+0300][49.135s][info][gc] GC(204) Pause Full (Ergonomics) 327M->59M(455M) 144.693ms
[2019-10-23T16:20:23.546+0300][49.337s][info][gc] GC(205) Pause Young (Allocation Failure) 116M->117M(455M) 193.038ms
[2019-10-23T16:20:23.888+0300][49.678s][info][gc] GC(206) Pause Young (Allocation Failure) 174M->174M(455M) 321.871ms
[2019-10-23T16:20:24.016+0300][49.807s][info][gc] GC(207) Pause Young (Allocation Failure) 232M->232M(455M) 117.040ms
[2019-10-23T16:20:24.438+0300][50.228s][info][gc] GC(208) Pause Young (Allocation Failure) 289M->290M(455M) 401.680ms
[2019-10-23T16:20:24.559+0300][50.349s][info][gc] GC(209) Pause Young (Allocation Failure) 347M->347M(455M) 112.008ms
[2019-10-23T16:20:24.763+0300][50.554s][info][gc] GC(210) Pause Full (Ergonomics) 347M->79M(455M) 204.460ms
[2019-10-23T16:20:25.043+0300][50.833s][info][gc] GC(211) Pause Young (Allocation Failure) 135M->135M(455M) 260.343ms
[2019-10-23T16:20:25.217+0300][51.007s][info][gc] GC(212) Pause Young (Allocation Failure) 193M->193M(455M) 164.302ms
[2019-10-23T16:20:25.352+0300][51.143s][info][gc] GC(213) Pause Young (Allocation Failure) 250M->250M(455M) 127.018ms
[2019-10-23T16:20:25.670+0300][51.461s][info][gc] GC(214) Pause Young (Allocation Failure) 308M->308M(455M) 299.346ms
[2019-10-23T16:20:25.751+0300][51.542s][info][gc] GC(215) Pause Full (Ergonomics) 308M->40M(455M) 80.907ms
[2019-10-23T16:20:26.032+0300][51.823s][info][gc] GC(216) Pause Young (Allocation Failure) 98M->98M(455M) 272.095ms
[2019-10-23T16:20:26.486+0300][52.277s][info][gc] GC(217) Pause Young (Allocation Failure) 155M->156M(455M) 435.247ms
[2019-10-23T16:20:26.599+0300][52.389s][info][gc] GC(218) Pause Young (Allocation Failure) 213M->213M(455M) 103.285ms
[2019-10-23T16:20:27.109+0300][52.900s][info][gc] GC(219) Pause Young (Allocation Failure) 269M->269M(455M) 489.771ms
[2019-10-23T16:20:27.325+0300][53.116s][info][gc] GC(220) Pause Young (Allocation Failure) 327M->327M(455M) 208.565ms
[2019-10-23T16:20:27.472+0300][53.263s][info][gc] GC(221) Pause Full (Ergonomics) 327M->59M(455M) 146.192ms
[2019-10-23T16:20:27.714+0300][53.505s][info][gc] GC(222) Pause Young (Allocation Failure) 116M->117M(455M) 233.517ms
[2019-10-23T16:20:28.033+0300][53.824s][info][gc] GC(223) Pause Young (Allocation Failure) 174M->174M(455M) 299.415ms
[2019-10-23T16:20:28.158+0300][53.950s][info][gc] GC(224) Pause Young (Allocation Failure) 232M->232M(455M) 115.452ms
[2019-10-23T16:20:28.613+0300][54.404s][info][gc] GC(225) Pause Young (Allocation Failure) 289M->290M(455M) 434.966ms
[2019-10-23T16:20:28.733+0300][54.524s][info][gc] GC(226) Pause Young (Allocation Failure) 347M->347M(455M) 111.171ms
[2019-10-23T16:20:28.957+0300][54.748s][info][gc] GC(227) Pause Full (Ergonomics) 347M->79M(455M) 224.062ms
[2019-10-23T16:20:29.206+0300][54.997s][info][gc] GC(228) Pause Young (Allocation Failure) 135M->135M(455M) 229.492ms
[2019-10-23T16:20:29.419+0300][55.211s][info][gc] GC(229) Pause Young (Allocation Failure) 193M->193M(455M) 204.284ms
[2019-10-23T16:20:29.557+0300][55.348s][info][gc] GC(230) Pause Young (Allocation Failure) 250M->250M(455M) 128.437ms
[2019-10-23T16:20:29.868+0300][55.659s][info][gc] GC(231) Pause Young (Allocation Failure) 308M->308M(455M) 291.844ms
[2019-10-23T16:20:29.945+0300][55.736s][info][gc] GC(232) Pause Full (Ergonomics) 308M->40M(455M) 77.119ms
[2019-10-23T16:20:30.229+0300][56.020s][info][gc] GC(233) Pause Young (Allocation Failure) 98M->98M(455M) 275.482ms
[2019-10-23T16:20:30.648+0300][56.439s][info][gc] GC(234) Pause Young (Allocation Failure) 155M->156M(455M) 401.103ms
[2019-10-23T16:20:30.775+0300][56.566s][info][gc] GC(235) Pause Young (Allocation Failure) 213M->213M(455M) 118.452ms
[2019-10-23T16:20:31.291+0300][57.081s][info][gc] GC(236) Pause Young (Allocation Failure) 269M->269M(455M) 493.660ms
[2019-10-23T16:20:31.474+0300][57.265s][info][gc] GC(237) Pause Young (Allocation Failure) 327M->327M(455M) 175.435ms
[2019-10-23T16:20:31.612+0300][57.402s][info][gc] GC(238) Pause Full (Ergonomics) 327M->59M(455M) 137.353ms
[2019-10-23T16:20:31.873+0300][57.664s][info][gc] GC(239) Pause Young (Allocation Failure) 116M->117M(455M) 252.995ms
[2019-10-23T16:20:32.220+0300][58.011s][info][gc] GC(240) Pause Young (Allocation Failure) 174M->174M(455M) 327.087ms
[2019-10-23T16:20:32.347+0300][58.137s][info][gc] GC(241) Pause Young (Allocation Failure) 232M->232M(455M) 117.708ms
[2019-10-23T16:20:32.783+0300][58.573s][info][gc] GC(242) Pause Young (Allocation Failure) 289M->290M(455M) 415.935ms
[2019-10-23T16:20:32.907+0300][58.697s][info][gc] GC(243) Pause Young (Allocation Failure) 347M->347M(455M) 113.508ms
[2019-10-23T16:20:33.121+0300][58.911s][info][gc] GC(244) Pause Full (Ergonomics) 347M->79M(455M) 213.864ms
[2019-10-23T16:20:33.408+0300][59.198s][info][gc] GC(245) Pause Young (Allocation Failure) 135M->135M(455M) 268.132ms
[2019-10-23T16:20:33.593+0300][59.385s][info][gc] GC(246) Pause Young (Allocation Failure) 193M->193M(455M) 176.307ms
[2019-10-23T16:20:33.732+0300][59.523s][info][gc] GC(247) Pause Young (Allocation Failure) 250M->250M(455M) 128.422ms
[2019-10-23T16:20:34.061+0300][59.852s][info][gc] GC(248) Pause Young (Allocation Failure) 308M->308M(455M) 310.168ms
[2019-10-23T16:20:34.147+0300][59.938s][info][gc] GC(249) Pause Full (Ergonomics) 308M->40M(455M) 85.280ms
[2019-10-23T16:20:34.407+0300][60.198s][info][gc] GC(250) Pause Young (Allocation Failure) 98M->98M(455M) 250.166ms
[2019-10-23T16:20:34.858+0300][60.650s][info][gc] GC(251) Pause Young (Allocation Failure) 155M->155M(455M) 431.416ms
[2019-10-23T16:20:34.974+0300][60.766s][info][gc] GC(252) Pause Young (Allocation Failure) 213M->213M(455M) 107.109ms
[2019-10-23T16:20:35.530+0300][61.321s][info][gc] GC(253) Pause Young (Allocation Failure) 269M->269M(455M) 535.270ms
[2019-10-23T16:20:35.739+0300][61.530s][info][gc] GC(254) Pause Young (Allocation Failure) 327M->327M(455M) 201.220ms
[2019-10-23T16:20:35.895+0300][61.686s][info][gc] GC(255) Pause Full (Ergonomics) 327M->59M(455M) 155.181ms
[2019-10-23T16:20:36.168+0300][61.959s][info][gc] GC(256) Pause Young (Allocation Failure) 116M->117M(455M) 263.992ms
[2019-10-23T16:20:36.480+0300][62.270s][info][gc] GC(257) Pause Young (Allocation Failure) 174M->174M(455M) 293.593ms
[2019-10-23T16:20:36.608+0300][62.398s][info][gc] GC(258) Pause Young (Allocation Failure) 232M->232M(455M) 117.298ms
[2019-10-23T16:20:37.019+0300][62.810s][info][gc] GC(259) Pause Young (Allocation Failure) 289M->290M(455M) 391.286ms
[2019-10-23T16:20:37.139+0300][62.930s][info][gc] GC(260) Pause Young (Allocation Failure) 347M->347M(455M) 110.815ms
[2019-10-23T16:20:37.363+0300][63.153s][info][gc] GC(261) Pause Full (Ergonomics) 347M->79M(455M) 223.607ms
[2019-10-23T16:20:37.622+0300][63.413s][info][gc] GC(262) Pause Young (Allocation Failure) 135M->135M(455M) 240.789ms
[2019-10-23T16:20:37.787+0300][63.578s][info][gc] GC(263) Pause Young (Allocation Failure) 193M->193M(455M) 155.105ms
[2019-10-23T16:20:37.924+0300][63.715s][info][gc] GC(264) Pause Young (Allocation Failure) 250M->250M(455M) 128.358ms
[2019-10-23T16:20:38.229+0300][64.020s][info][gc] GC(265) Pause Young (Allocation Failure) 308M->308M(455M) 287.154ms
[2019-10-23T16:20:38.314+0300][64.104s][info][gc] GC(266) Pause Full (Ergonomics) 308M->40M(455M) 84.302ms
[2019-10-23T16:20:38.589+0300][64.380s][info][gc] GC(267) Pause Young (Allocation Failure) 98M->98M(455M) 265.325ms
[2019-10-23T16:20:39.010+0300][64.801s][info][gc] GC(268) Pause Young (Allocation Failure) 155M->156M(455M) 399.859ms
[2019-10-23T16:20:39.121+0300][64.912s][info][gc] GC(269) Pause Young (Allocation Failure) 213M->213M(455M) 102.650ms
[2019-10-23T16:20:39.568+0300][65.359s][info][gc] GC(270) Pause Young (Allocation Failure) 269M->269M(455M) 426.385ms
[2019-10-23T16:20:39.777+0300][65.568s][info][gc] GC(271) Pause Young (Allocation Failure) 327M->327M(455M) 201.232ms
[2019-10-23T16:20:39.916+0300][65.707s][info][gc] GC(272) Pause Full (Ergonomics) 327M->59M(455M) 138.944ms
[2019-10-23T16:20:40.175+0300][65.966s][info][gc] GC(273) Pause Young (Allocation Failure) 116M->117M(455M) 250.391ms
[2019-10-23T16:20:40.436+0300][66.227s][info][gc] GC(274) Pause Young (Allocation Failure) 174M->174M(455M) 241.885ms
[2019-10-23T16:20:40.563+0300][66.354s][info][gc] GC(275) Pause Young (Allocation Failure) 232M->232M(455M) 118.317ms
[2019-10-23T16:20:41.005+0300][66.796s][info][gc] GC(276) Pause Young (Allocation Failure) 289M->290M(455M) 423.122ms
[2019-10-23T16:20:41.129+0300][66.920s][info][gc] GC(277) Pause Young (Allocation Failure) 347M->347M(455M) 115.384ms
[2019-10-23T16:20:41.352+0300][67.143s][info][gc] GC(278) Pause Full (Ergonomics) 347M->79M(455M) 222.938ms
[2019-10-23T16:20:41.610+0300][67.402s][info][gc] GC(279) Pause Young (Allocation Failure) 135M->135M(455M) 239.667ms
[2019-10-23T16:20:41.832+0300][67.624s][info][gc] GC(280) Pause Young (Allocation Failure) 193M->193M(455M) 213.512ms
[2019-10-23T16:20:41.971+0300][67.762s][info][gc] GC(281) Pause Young (Allocation Failure) 250M->250M(455M) 128.128ms
[2019-10-23T16:20:42.295+0300][68.087s][info][gc] GC(282) Pause Young (Allocation Failure) 308M->308M(455M) 305.554ms
[2019-10-23T16:20:42.375+0300][68.166s][info][gc] GC(283) Pause Full (Ergonomics) 308M->40M(455M) 79.843ms
[2019-10-23T16:20:42.645+0300][68.436s][info][gc] GC(284) Pause Young (Allocation Failure) 98M->98M(455M) 259.184ms
[2019-10-23T16:20:43.048+0300][68.839s][info][gc] GC(285) Pause Young (Allocation Failure) 155M->156M(455M) 383.129ms
[2019-10-23T16:20:43.163+0300][68.955s][info][gc] GC(286) Pause Young (Allocation Failure) 213M->213M(455M) 106.659ms
[2019-10-23T16:20:43.650+0300][69.441s][info][gc] GC(287) Pause Young (Allocation Failure) 269M->269M(455M) 463.972ms
[2019-10-23T16:20:43.803+0300][69.594s][info][gc] GC(288) Pause Young (Allocation Failure) 327M->327M(455M) 145.680ms
[2019-10-23T16:20:43.960+0300][69.751s][info][gc] GC(289) Pause Full (Ergonomics) 327M->59M(455M) 156.516ms
[2019-10-23T16:20:44.189+0300][69.980s][info][gc] GC(290) Pause Young (Allocation Failure) 116M->117M(455M) 220.082ms
[2019-10-23T16:20:44.486+0300][70.277s][info][gc] GC(291) Pause Young (Allocation Failure) 174M->174M(455M) 278.746ms
[2019-10-23T16:20:44.613+0300][70.404s][info][gc] GC(292) Pause Young (Allocation Failure) 232M->232M(455M) 117.421ms
[2019-10-23T16:20:45.024+0300][70.815s][info][gc] GC(293) Pause Young (Allocation Failure) 289M->290M(455M) 392.221ms
[2019-10-23T16:20:45.147+0300][70.938s][info][gc] GC(294) Pause Young (Allocation Failure) 347M->347M(455M) 114.214ms
[2019-10-23T16:20:45.369+0300][71.160s][info][gc] GC(295) Pause Full (Ergonomics) 347M->79M(455M) 221.966ms
[2019-10-23T16:20:45.617+0300][71.407s][info][gc] GC(296) Pause Young (Allocation Failure) 135M->135M(455M) 229.149ms
[2019-10-23T16:20:45.831+0300][71.621s][info][gc] GC(297) Pause Young (Allocation Failure) 193M->193M(455M) 205.783ms
[2019-10-23T16:20:45.968+0300][71.759s][info][gc] GC(298) Pause Young (Allocation Failure) 250M->250M(455M) 127.063ms
[2019-10-23T16:20:46.271+0300][72.063s][info][gc] GC(299) Pause Young (Allocation Failure) 308M->308M(455M) 283.863ms
[2019-10-23T16:20:46.357+0300][72.149s][info][gc] GC(300) Pause Full (Ergonomics) 308M->40M(455M) 85.761ms
[2019-10-23T16:20:46.614+0300][72.405s][info][gc] GC(301) Pause Young (Allocation Failure) 98M->98M(455M) 246.412ms
[2019-10-23T16:20:47.031+0300][72.822s][info][gc] GC(302) Pause Young (Allocation Failure) 155M->156M(455M) 397.398ms
[2019-10-23T16:20:47.154+0300][72.945s][info][gc] GC(303) Pause Young (Allocation Failure) 213M->213M(455M) 114.042ms
[2019-10-23T16:20:47.672+0300][73.463s][info][gc] GC(304) Pause Young (Allocation Failure) 269M->269M(455M) 496.207ms
[2019-10-23T16:20:47.886+0300][73.676s][info][gc] GC(305) Pause Young (Allocation Failure) 327M->327M(455M) 204.174ms
[2019-10-23T16:20:48.032+0300][73.823s][info][gc] GC(306) Pause Full (Ergonomics) 327M->59M(455M) 146.503ms
[2019-10-23T16:20:48.258+0300][74.048s][info][gc] GC(307) Pause Young (Allocation Failure) 116M->117M(455M) 216.523ms
[2019-10-23T16:20:48.578+0300][74.369s][info][gc] GC(308) Pause Young (Allocation Failure) 174M->174M(455M) 303.854ms
[2019-10-23T16:20:48.702+0300][74.493s][info][gc] GC(309) Pause Young (Allocation Failure) 232M->232M(455M) 115.253ms
[2019-10-23T16:20:49.162+0300][74.953s][info][gc] GC(310) Pause Young (Allocation Failure) 289M->290M(455M) 440.844ms
[2019-10-23T16:20:49.279+0300][75.070s][info][gc] GC(311) Pause Young (Allocation Failure) 347M->347M(455M) 105.711ms
[2019-10-23T16:20:49.497+0300][75.288s][info][gc] GC(312) Pause Full (Ergonomics) 347M->79M(455M) 218.167ms
[2019-10-23T16:20:49.759+0300][75.550s][info][gc] GC(313) Pause Young (Allocation Failure) 135M->135M(455M) 243.447ms
[2019-10-23T16:20:49.969+0300][75.760s][info][gc] GC(314) Pause Young (Allocation Failure) 193M->193M(455M) 201.229ms
[2019-10-23T16:20:50.106+0300][75.897s][info][gc] GC(315) Pause Young (Allocation Failure) 250M->250M(455M) 128.562ms
[2019-10-23T16:20:50.389+0300][76.180s][info][gc] GC(316) Pause Young (Allocation Failure) 308M->308M(455M) 263.755ms
[2019-10-23T16:20:50.478+0300][76.269s][info][gc] GC(317) Pause Full (Ergonomics) 308M->40M(455M) 88.925ms
[2019-10-23T16:20:50.744+0300][76.536s][info][gc] GC(318) Pause Young (Allocation Failure) 98M->98M(455M) 257.292ms
[2019-10-23T16:20:51.178+0300][76.969s][info][gc] GC(319) Pause Young (Allocation Failure) 155M->156M(455M) 415.322ms
[2019-10-23T16:20:51.299+0300][77.090s][info][gc] GC(320) Pause Young (Allocation Failure) 213M->213M(455M) 111.954ms
[2019-10-23T16:20:51.821+0300][77.612s][info][gc] GC(321) Pause Young (Allocation Failure) 269M->269M(455M) 500.406ms
[2019-10-23T16:20:51.976+0300][77.767s][info][gc] GC(322) Pause Young (Allocation Failure) 327M->327M(455M) 146.953ms
[2019-10-23T16:20:52.122+0300][77.912s][info][gc] GC(323) Pause Full (Ergonomics) 327M->59M(455M) 145.262ms
[2019-10-23T16:20:52.379+0300][78.170s][info][gc] GC(324) Pause Young (Allocation Failure) 116M->117M(455M) 248.668ms
[2019-10-23T16:20:52.712+0300][78.502s][info][gc] GC(325) Pause Young (Allocation Failure) 174M->174M(455M) 314.058ms
[2019-10-23T16:20:52.839+0300][78.629s][info][gc] GC(326) Pause Young (Allocation Failure) 232M->232M(455M) 116.848ms
[2019-10-23T16:20:53.284+0300][79.075s][info][gc] GC(327) Pause Young (Allocation Failure) 289M->290M(455M) 425.561ms
[2019-10-23T16:20:53.407+0300][79.198s][info][gc] GC(328) Pause Young (Allocation Failure) 347M->347M(455M) 113.865ms
[2019-10-23T16:20:53.629+0300][79.420s][info][gc] GC(329) Pause Full (Ergonomics) 347M->79M(455M) 221.857ms
[2019-10-23T16:20:53.913+0300][79.704s][info][gc] GC(330) Pause Young (Allocation Failure) 135M->135M(455M) 265.707ms
[2019-10-23T16:20:54.144+0300][79.935s][info][gc] GC(331) Pause Young (Allocation Failure) 193M->193M(455M) 222.934ms
[2019-10-23T16:20:54.282+0300][80.073s][info][gc] GC(332) Pause Young (Allocation Failure) 250M->250M(455M) 126.575ms
[2019-10-23T16:20:54.588+0300][80.379s][info][gc] GC(333) Pause Young (Allocation Failure) 308M->308M(455M) 286.743ms
[2019-10-23T16:20:54.674+0300][80.465s][info][gc] GC(334) Pause Full (Ergonomics) 308M->40M(455M) 85.827ms
[2019-10-23T16:20:54.921+0300][80.712s][info][gc] GC(335) Pause Young (Allocation Failure) 98M->98M(455M) 236.834ms
[2019-10-23T16:20:55.363+0300][81.154s][info][gc] GC(336) Pause Young (Allocation Failure) 155M->156M(455M) 424.076ms
[2019-10-23T16:20:55.479+0300][81.270s][info][gc] GC(337) Pause Young (Allocation Failure) 213M->213M(455M) 107.470ms
[2019-10-23T16:20:55.995+0300][81.785s][info][gc] GC(338) Pause Young (Allocation Failure) 269M->269M(455M) 495.534ms
[2019-10-23T16:20:56.213+0300][82.004s][info][gc] GC(339) Pause Young (Allocation Failure) 327M->327M(455M) 210.356ms
[2019-10-23T16:20:56.366+0300][82.157s][info][gc] GC(340) Pause Full (Ergonomics) 327M->59M(455M) 153.091ms
[2019-10-23T16:20:56.638+0300][82.430s][info][gc] GC(341) Pause Young (Allocation Failure) 116M->117M(455M) 263.887ms
[2019-10-23T16:20:56.954+0300][82.745s][info][gc] GC(342) Pause Young (Allocation Failure) 174M->174M(455M) 295.166ms
[2019-10-23T16:20:57.080+0300][82.871s][info][gc] GC(343) Pause Young (Allocation Failure) 232M->232M(455M) 117.087ms
[2019-10-23T16:20:57.517+0300][83.308s][info][gc] GC(344) Pause Young (Allocation Failure) 289M->290M(455M) 417.486ms
[2019-10-23T16:20:57.642+0300][83.433s][info][gc] GC(345) Pause Young (Allocation Failure) 347M->347M(455M) 115.731ms
[2019-10-23T16:20:57.868+0300][83.659s][info][gc] GC(346) Pause Full (Ergonomics) 347M->79M(455M) 226.072ms
[2019-10-23T16:20:58.080+0300][83.871s][info][gc] GC(347) Pause Young (Allocation Failure) 135M->135M(455M) 192.209ms
[2019-10-23T16:20:58.294+0300][84.085s][info][gc] GC(348) Pause Young (Allocation Failure) 193M->193M(455M) 205.262ms
[2019-10-23T16:20:58.430+0300][84.221s][info][gc] GC(349) Pause Young (Allocation Failure) 250M->250M(455M) 127.249ms
[2019-10-23T16:20:58.732+0300][84.523s][info][gc] GC(350) Pause Young (Allocation Failure) 308M->308M(455M) 281.927ms
[2019-10-23T16:20:58.816+0300][84.606s][info][gc] GC(351) Pause Full (Ergonomics) 308M->40M(455M) 83.070ms
[2019-10-23T16:20:59.095+0300][84.885s][info][gc] GC(352) Pause Young (Allocation Failure) 98M->98M(455M) 268.509ms
[2019-10-23T16:20:59.505+0300][85.296s][info][gc] GC(353) Pause Young (Allocation Failure) 155M->156M(455M) 390.438ms
[2019-10-23T16:20:59.627+0300][85.418s][info][gc] GC(354) Pause Young (Allocation Failure) 213M->213M(455M) 113.596ms
[2019-10-23T16:21:00.142+0300][85.933s][info][gc] GC(355) Pause Young (Allocation Failure) 269M->269M(455M) 495.493ms
[2019-10-23T16:21:00.354+0300][86.145s][info][gc] GC(356) Pause Young (Allocation Failure) 327M->327M(455M) 203.628ms
[2019-10-23T16:21:00.513+0300][86.303s][info][gc] GC(357) Pause Full (Ergonomics) 327M->59M(455M) 158.286ms
[2019-10-23T16:21:00.758+0300][86.549s][info][gc] GC(358) Pause Young (Allocation Failure) 116M->117M(455M) 236.912ms
[2019-10-23T16:21:01.092+0300][86.882s][info][gc] GC(359) Pause Young (Allocation Failure) 174M->174M(455M) 316.015ms
[2019-10-23T16:21:01.217+0300][87.008s][info][gc] GC(360) Pause Young (Allocation Failure) 232M->232M(455M) 116.241ms
[2019-10-23T16:21:01.648+0300][87.439s][info][gc] GC(361) Pause Young (Allocation Failure) 289M->290M(455M) 411.594ms
[2019-10-23T16:21:01.772+0300][87.563s][info][gc] GC(362) Pause Young (Allocation Failure) 347M->347M(455M) 112.990ms
[2019-10-23T16:21:02.001+0300][87.792s][info][gc] GC(363) Pause Full (Ergonomics) 347M->79M(455M) 228.844ms
[2019-10-23T16:21:02.259+0300][88.050s][info][gc] GC(364) Pause Young (Allocation Failure) 135M->135M(455M) 239.568ms
[2019-10-23T16:21:02.470+0300][88.261s][info][gc] GC(365) Pause Young (Allocation Failure) 193M->193M(455M) 201.876ms
[2019-10-23T16:21:02.608+0300][88.399s][info][gc] GC(366) Pause Young (Allocation Failure) 250M->250M(455M) 128.588ms
[2019-10-23T16:21:02.888+0300][88.679s][info][gc] GC(367) Pause Young (Allocation Failure) 308M->308M(455M) 260.792ms
[2019-10-23T16:21:02.974+0300][88.765s][info][gc] GC(368) Pause Full (Ergonomics) 308M->40M(455M) 86.050ms
[2019-10-23T16:21:03.260+0300][89.051s][info][gc] GC(369) Pause Young (Allocation Failure) 98M->98M(455M) 275.575ms
[2019-10-23T16:21:03.697+0300][89.488s][info][gc] GC(370) Pause Young (Allocation Failure) 155M->156M(455M) 417.691ms
[2019-10-23T16:21:03.823+0300][89.614s][info][gc] GC(371) Pause Young (Allocation Failure) 213M->213M(455M) 116.455ms
[2019-10-23T16:21:04.331+0300][90.122s][info][gc] GC(372) Pause Young (Allocation Failure) 269M->269M(455M) 487.574ms
[2019-10-23T16:21:04.486+0300][90.277s][info][gc] GC(373) Pause Young (Allocation Failure) 327M->327M(455M) 146.433ms
[2019-10-23T16:21:04.634+0300][90.426s][info][gc] GC(374) Pause Full (Ergonomics) 327M->59M(455M) 148.658ms
[2019-10-23T16:21:04.896+0300][90.687s][info][gc] GC(375) Pause Young (Allocation Failure) 116M->117M(455M) 252.582ms
[2019-10-23T16:21:05.210+0300][91.001s][info][gc] GC(376) Pause Young (Allocation Failure) 174M->174M(455M) 296.161ms
[2019-10-23T16:21:05.337+0300][91.128s][info][gc] GC(377) Pause Young (Allocation Failure) 232M->232M(455M) 117.493ms
[2019-10-23T16:21:05.776+0300][91.567s][info][gc] GC(378) Pause Young (Allocation Failure) 289M->290M(455M) 419.244ms
[2019-10-23T16:21:05.898+0300][91.690s][info][gc] GC(379) Pause Young (Allocation Failure) 347M->347M(455M) 113.139ms
[2019-10-23T16:21:06.121+0300][91.912s][info][gc] GC(380) Pause Full (Ergonomics) 347M->79M(455M) 222.324ms
[2019-10-23T16:21:06.358+0300][92.149s][info][gc] GC(381) Pause Young (Allocation Failure) 135M->135M(455M) 219.215ms
[2019-10-23T16:21:06.549+0300][92.340s][info][gc] GC(382) Pause Young (Allocation Failure) 193M->193M(455M) 181.782ms
[2019-10-23T16:21:06.685+0300][92.476s][info][gc] GC(383) Pause Young (Allocation Failure) 250M->250M(455M) 127.717ms
[2019-10-23T16:21:07.011+0300][92.802s][info][gc] GC(384) Pause Young (Allocation Failure) 308M->308M(455M) 305.750ms
[2019-10-23T16:21:07.098+0300][92.888s][info][gc] GC(385) Pause Full (Ergonomics) 308M->40M(455M) 86.722ms
[2019-10-23T16:21:07.379+0300][93.170s][info][gc] GC(386) Pause Young (Allocation Failure) 98M->98M(455M) 271.426ms
[2019-10-23T16:21:07.762+0300][93.553s][info][gc] GC(387) Pause Young (Allocation Failure) 155M->156M(455M) 364.420ms
[2019-10-23T16:21:07.889+0300][93.680s][info][gc] GC(388) Pause Young (Allocation Failure) 213M->213M(455M) 116.218ms
[2019-10-23T16:21:08.442+0300][94.232s][info][gc] GC(389) Pause Young (Allocation Failure) 269M->269M(455M) 532.045ms
[2019-10-23T16:21:08.655+0300][94.446s][info][gc] GC(390) Pause Young (Allocation Failure) 327M->327M(455M) 204.824ms
[2019-10-23T16:21:08.795+0300][94.586s][info][gc] GC(391) Pause Full (Ergonomics) 327M->59M(455M) 140.003ms
[2019-10-23T16:21:09.084+0300][94.874s][info][gc] GC(392) Pause Young (Allocation Failure) 116M->117M(455M) 279.291ms
[2019-10-23T16:21:09.417+0300][95.208s][info][gc] GC(393) Pause Young (Allocation Failure) 174M->174M(455M) 314.304ms
[2019-10-23T16:21:09.544+0300][95.335s][info][gc] GC(394) Pause Young (Allocation Failure) 232M->232M(455M) 117.705ms
[2019-10-23T16:21:09.969+0300][95.759s][info][gc] GC(395) Pause Young (Allocation Failure) 289M->290M(455M) 405.756ms
[2019-10-23T16:21:10.094+0300][95.884s][info][gc] GC(396) Pause Young (Allocation Failure) 347M->347M(455M) 116.248ms
[2019-10-23T16:21:10.302+0300][96.092s][info][gc] GC(397) Pause Full (Ergonomics) 347M->79M(455M) 207.946ms
[2019-10-23T16:21:10.575+0300][96.365s][info][gc] GC(398) Pause Young (Allocation Failure) 135M->135M(455M) 255.111ms
[2019-10-23T16:21:10.802+0300][96.593s][info][gc] GC(399) Pause Young (Allocation Failure) 193M->193M(455M) 219.057ms
[2019-10-23T16:21:10.941+0300][96.731s][info][gc] GC(400) Pause Young (Allocation Failure) 250M->250M(455M) 127.821ms
[2019-10-23T16:21:11.269+0300][97.060s][info][gc] GC(401) Pause Young (Allocation Failure) 308M->308M(455M) 309.065ms
[2019-10-23T16:21:11.350+0300][97.141s][info][gc] GC(402) Pause Full (Ergonomics) 308M->40M(455M) 81.219ms
[2019-10-23T16:21:11.608+0300][97.399s][info][gc] GC(403) Pause Young (Allocation Failure) 98M->98M(455M) 247.790ms
[2019-10-23T16:21:12.040+0300][97.831s][info][gc] GC(404) Pause Young (Allocation Failure) 155M->156M(455M) 413.117ms
[2019-10-23T16:21:12.162+0300][97.953s][info][gc] GC(405) Pause Young (Allocation Failure) 213M->213M(455M) 112.059ms
[2019-10-23T16:21:12.660+0300][98.451s][info][gc] GC(406) Pause Young (Allocation Failure) 269M->269M(455M) 476.910ms
[2019-10-23T16:21:12.818+0300][98.610s][info][gc] GC(407) Pause Young (Allocation Failure) 327M->327M(455M) 150.583ms
[2019-10-23T16:21:12.965+0300][98.756s][info][gc] GC(408) Pause Full (Ergonomics) 327M->59M(455M) 146.723ms
[2019-10-23T16:21:13.188+0300][98.980s][info][gc] GC(409) Pause Young (Allocation Failure) 116M->117M(455M) 214.246ms
[2019-10-23T16:21:13.465+0300][99.256s][info][gc] GC(410) Pause Young (Allocation Failure) 174M->174M(455M) 258.210ms
[2019-10-23T16:21:13.590+0300][99.381s][info][gc] GC(411) Pause Young (Allocation Failure) 232M->232M(455M) 115.788ms
[2019-10-23T16:21:14.025+0300][99.817s][info][gc] GC(412) Pause Young (Allocation Failure) 289M->290M(455M) 417.424ms
[2019-10-23T16:21:14.135+0300][99.926s][info][gc] GC(413) Pause Young (Allocation Failure) 347M->347M(455M) 100.916ms
[2019-10-23T16:21:14.364+0300][100.156s][info][gc] GC(414) Pause Full (Ergonomics) 347M->79M(455M) 229.057ms
[2019-10-23T16:21:14.639+0300][100.430s][info][gc] GC(415) Pause Young (Allocation Failure) 135M->135M(455M) 254.818ms
[2019-10-23T16:21:14.858+0300][100.649s][info][gc] GC(416) Pause Young (Allocation Failure) 193M->193M(455M) 209.163ms
[2019-10-23T16:21:14.994+0300][100.785s][info][gc] GC(417) Pause Young (Allocation Failure) 250M->250M(455M) 127.469ms
[2019-10-23T16:21:15.296+0300][101.087s][info][gc] GC(418) Pause Young (Allocation Failure) 308M->308M(455M) 281.964ms
[2019-10-23T16:21:15.379+0300][101.170s][info][gc] GC(419) Pause Full (Ergonomics) 308M->40M(455M) 82.735ms
[2019-10-23T16:21:15.636+0300][101.426s][info][gc] GC(420) Pause Young (Allocation Failure) 98M->98M(455M) 247.791ms
[2019-10-23T16:21:16.052+0300][101.843s][info][gc] GC(421) Pause Young (Allocation Failure) 155M->156M(455M) 398.831ms
[2019-10-23T16:21:16.162+0300][101.952s][info][gc] GC(422) Pause Young (Allocation Failure) 213M->213M(455M) 101.013ms
[2019-10-23T16:21:16.662+0300][102.453s][info][gc] GC(423) Pause Young (Allocation Failure) 269M->269M(455M) 481.280ms
[2019-10-23T16:21:16.882+0300][102.673s][info][gc] GC(424) Pause Young (Allocation Failure) 327M->327M(455M) 211.413ms
[2019-10-23T16:21:17.031+0300][102.822s][info][gc] GC(425) Pause Full (Ergonomics) 327M->59M(455M) 149.626ms
[2019-10-23T16:21:17.300+0300][103.091s][info][gc] GC(426) Pause Young (Allocation Failure) 116M->117M(455M) 259.109ms
[2019-10-23T16:21:17.640+0300][103.431s][info][gc] GC(427) Pause Young (Allocation Failure) 174M->174M(455M) 321.006ms
[2019-10-23T16:21:17.766+0300][103.557s][info][gc] GC(428) Pause Young (Allocation Failure) 232M->232M(455M) 116.839ms
[2019-10-23T16:21:18.179+0300][103.969s][info][gc] GC(429) Pause Young (Allocation Failure) 289M->290M(455M) 393.839ms
[2019-10-23T16:21:18.302+0300][104.093s][info][gc] GC(430) Pause Young (Allocation Failure) 347M->347M(455M) 115.077ms
[2019-10-23T16:21:18.514+0300][104.305s][info][gc] GC(431) Pause Full (Ergonomics) 347M->79M(455M) 211.431ms
[2019-10-23T16:21:18.771+0300][104.561s][info][gc] GC(432) Pause Young (Allocation Failure) 135M->135M(455M) 239.244ms
[2019-10-23T16:21:18.985+0300][104.776s][info][gc] GC(433) Pause Young (Allocation Failure) 193M->193M(455M) 206.201ms
[2019-10-23T16:21:19.123+0300][104.913s][info][gc] GC(434) Pause Young (Allocation Failure) 250M->250M(455M) 128.749ms
[2019-10-23T16:21:19.403+0300][105.193s][info][gc] GC(435) Pause Young (Allocation Failure) 308M->308M(455M) 260.692ms
[2019-10-23T16:21:19.491+0300][105.282s][info][gc] GC(436) Pause Full (Ergonomics) 308M->40M(455M) 88.407ms
[2019-10-23T16:21:19.746+0300][105.536s][info][gc] GC(437) Pause Young (Allocation Failure) 98M->98M(455M) 244.503ms
[2019-10-23T16:21:20.137+0300][105.927s][info][gc] GC(438) Pause Young (Allocation Failure) 155M->156M(455M) 371.993ms
[2019-10-23T16:21:20.261+0300][106.051s][info][gc] GC(439) Pause Young (Allocation Failure) 213M->213M(455M) 115.170ms
[2019-10-23T16:21:20.773+0300][106.563s][info][gc] GC(440) Pause Young (Allocation Failure) 269M->269M(455M) 490.082ms
[2019-10-23T16:21:20.973+0300][106.763s][info][gc] GC(441) Pause Young (Allocation Failure) 327M->327M(455M) 191.341ms
[2019-10-23T16:21:21.126+0300][106.916s][info][gc] GC(442) Pause Full (Ergonomics) 327M->59M(455M) 153.004ms
[2019-10-23T16:21:21.394+0300][107.185s][info][gc] GC(443) Pause Young (Allocation Failure) 116M->117M(455M) 258.634ms
[2019-10-23T16:21:21.706+0300][107.496s][info][gc] GC(444) Pause Young (Allocation Failure) 174M->174M(455M) 293.610ms
[2019-10-23T16:21:21.832+0300][107.623s][info][gc] GC(445) Pause Young (Allocation Failure) 232M->232M(455M) 117.590ms
[2019-10-23T16:21:22.257+0300][108.047s][info][gc] GC(446) Pause Young (Allocation Failure) 289M->290M(455M) 404.962ms
[2019-10-23T16:21:22.383+0300][108.174s][info][gc] GC(447) Pause Young (Allocation Failure) 347M->347M(455M) 117.633ms
[2019-10-23T16:21:22.608+0300][108.399s][info][gc] GC(448) Pause Full (Ergonomics) 347M->79M(455M) 224.336ms
[2019-10-23T16:21:22.866+0300][108.657s][info][gc] GC(449) Pause Young (Allocation Failure) 135M->135M(455M) 236.222ms
[2019-10-23T16:21:23.055+0300][108.846s][info][gc] GC(450) Pause Young (Allocation Failure) 193M->193M(455M) 180.534ms
[2019-10-23T16:21:23.192+0300][108.983s][info][gc] GC(451) Pause Young (Allocation Failure) 250M->250M(455M) 128.279ms
[2019-10-23T16:21:23.514+0300][109.305s][info][gc] GC(452) Pause Young (Allocation Failure) 308M->308M(455M) 304.007ms
[2019-10-23T16:21:23.589+0300][109.380s][info][gc] GC(453) Pause Full (Ergonomics) 308M->40M(455M) 74.862ms
[2019-10-23T16:21:23.852+0300][109.642s][info][gc] GC(454) Pause Young (Allocation Failure) 98M->98M(455M) 252.101ms
[2019-10-23T16:21:24.297+0300][110.088s][info][gc] GC(455) Pause Young (Allocation Failure) 156M->156M(455M) 426.960ms
[2019-10-23T16:21:24.407+0300][110.198s][info][gc] GC(456) Pause Young (Allocation Failure) 213M->213M(455M) 101.439ms
[2019-10-23T16:21:24.925+0300][110.715s][info][gc] GC(457) Pause Young (Allocation Failure) 269M->269M(455M) 496.034ms
[2019-10-23T16:21:25.141+0300][110.932s][info][gc] GC(458) Pause Young (Allocation Failure) 327M->327M(455M) 207.162ms
[2019-10-23T16:21:25.295+0300][111.086s][info][gc] GC(459) Pause Full (Ergonomics) 327M->59M(455M) 154.047ms
[2019-10-23T16:21:25.571+0300][111.361s][info][gc] GC(460) Pause Young (Allocation Failure) 116M->117M(455M) 267.171ms
[2019-10-23T16:21:25.909+0300][111.699s][info][gc] GC(461) Pause Young (Allocation Failure) 174M->174M(455M) 319.396ms
[2019-10-23T16:21:26.033+0300][111.824s][info][gc] GC(462) Pause Young (Allocation Failure) 232M->232M(455M) 115.153ms
[2019-10-23T16:21:26.445+0300][112.236s][info][gc] GC(463) Pause Young (Allocation Failure) 289M->290M(455M) 393.274ms
[2019-10-23T16:21:26.568+0300][112.359s][info][gc] GC(464) Pause Young (Allocation Failure) 347M->347M(455M) 114.262ms
[2019-10-23T16:21:26.782+0300][112.572s][info][gc] GC(465) Pause Full (Ergonomics) 347M->79M(455M) 213.428ms
[2019-10-23T16:21:27.061+0300][112.851s][info][gc] GC(466) Pause Young (Allocation Failure) 135M->135M(455M) 260.978ms
[2019-10-23T16:21:27.261+0300][113.051s][info][gc] GC(467) Pause Young (Allocation Failure) 193M->193M(455M) 192.325ms
[2019-10-23T16:21:27.398+0300][113.188s][info][gc] GC(468) Pause Young (Allocation Failure) 250M->250M(455M) 127.561ms
[2019-10-23T16:21:27.723+0300][113.514s][info][gc] GC(469) Pause Young (Allocation Failure) 308M->308M(455M) 307.182ms
[2019-10-23T16:21:27.810+0300][113.601s][info][gc] GC(470) Pause Full (Ergonomics) 308M->40M(455M) 86.971ms
[2019-10-23T16:21:28.062+0300][113.852s][info][gc] GC(471) Pause Young (Allocation Failure) 98M->98M(455M) 241.429ms
[2019-10-23T16:21:28.477+0300][114.268s][info][gc] GC(472) Pause Young (Allocation Failure) 155M->156M(455M) 396.383ms
[2019-10-23T16:21:28.587+0300][114.378s][info][gc] GC(473) Pause Young (Allocation Failure) 213M->213M(455M) 101.189ms
[2019-10-23T16:21:29.132+0300][114.923s][info][gc] GC(474) Pause Young (Allocation Failure) 269M->269M(455M) 523.794ms
[2019-10-23T16:21:29.350+0300][115.141s][info][gc] GC(475) Pause Young (Allocation Failure) 327M->327M(455M) 209.336ms
[2019-10-23T16:21:29.505+0300][115.296s][info][gc] GC(476) Pause Full (Ergonomics) 327M->59M(455M) 154.833ms
[2019-10-23T16:21:29.792+0300][115.582s][info][gc] GC(477) Pause Young (Allocation Failure) 116M->117M(455M) 277.429ms
[2019-10-23T16:21:30.127+0300][115.918s][info][gc] GC(478) Pause Young (Allocation Failure) 174M->174M(455M) 316.394ms
[2019-10-23T16:21:30.253+0300][116.044s][info][gc] GC(479) Pause Young (Allocation Failure) 232M->232M(455M) 116.821ms
[2019-10-23T16:21:30.705+0300][116.495s][info][gc] GC(480) Pause Young (Allocation Failure) 289M->290M(455M) 432.992ms
[2019-10-23T16:21:30.832+0300][116.623s][info][gc] GC(481) Pause Young (Allocation Failure) 347M->347M(455M) 117.015ms
[2019-10-23T16:21:31.051+0300][116.842s][info][gc] GC(482) Pause Full (Ergonomics) 347M->79M(455M) 219.274ms
[2019-10-23T16:21:31.293+0300][117.084s][info][gc] GC(483) Pause Young (Allocation Failure) 135M->135M(455M) 222.980ms
[2019-10-23T16:21:31.483+0300][117.274s][info][gc] GC(484) Pause Young (Allocation Failure) 193M->193M(455M) 182.384ms
[2019-10-23T16:21:31.620+0300][117.411s][info][gc] GC(485) Pause Young (Allocation Failure) 250M->250M(455M) 127.771ms
[2019-10-23T16:21:31.942+0300][117.733s][info][gc] GC(486) Pause Young (Allocation Failure) 308M->308M(455M) 301.969ms
[2019-10-23T16:21:32.024+0300][117.815s][info][gc] GC(487) Pause Full (Ergonomics) 308M->40M(455M) 81.419ms
[2019-10-23T16:21:32.299+0300][118.090s][info][gc] GC(488) Pause Young (Allocation Failure) 98M->98M(455M) 264.862ms
[2019-10-23T16:21:32.686+0300][118.477s][info][gc] GC(489) Pause Young (Allocation Failure) 155M->156M(455M) 368.105ms
[2019-10-23T16:21:32.808+0300][118.599s][info][gc] GC(490) Pause Young (Allocation Failure) 213M->213M(455M) 112.679ms
[2019-10-23T16:21:33.308+0300][119.100s][info][gc] GC(491) Pause Young (Allocation Failure) 269M->269M(455M) 479.810ms
[2019-10-23T16:21:33.511+0300][119.302s][info][gc] GC(492) Pause Young (Allocation Failure) 327M->327M(455M) 194.399ms
[2019-10-23T16:21:33.636+0300][119.427s][info][gc] GC(493) Pause Full (Ergonomics) 327M->59M(455M) 124.506ms
[2019-10-23T16:21:33.900+0300][119.691s][info][gc] GC(494) Pause Young (Allocation Failure) 116M->117M(455M) 255.428ms
[2019-10-23T16:21:34.211+0300][120.002s][info][gc] GC(495) Pause Young (Allocation Failure) 174M->174M(455M) 290.566ms
[2019-10-23T16:21:34.337+0300][120.128s][info][gc] GC(496) Pause Young (Allocation Failure) 232M->232M(455M) 117.830ms
[2019-10-23T16:21:34.772+0300][120.563s][info][gc] GC(497) Pause Young (Allocation Failure) 289M->290M(455M) 415.289ms
[2019-10-23T16:21:34.894+0300][120.685s][info][gc] GC(498) Pause Young (Allocation Failure) 347M->347M(455M) 111.675ms
[2019-10-23T16:21:35.087+0300][120.877s][info][gc] GC(499) Pause Full (Ergonomics) 347M->79M(455M) 191.736ms
[2019-10-23T16:21:35.355+0300][121.145s][info][gc] GC(500) Pause Young (Allocation Failure) 135M->135M(455M) 250.213ms
[2019-10-23T16:21:35.564+0300][121.355s][info][gc] GC(501) Pause Young (Allocation Failure) 193M->193M(455M) 200.507ms
[2019-10-23T16:21:35.701+0300][121.491s][info][gc] GC(502) Pause Young (Allocation Failure) 250M->250M(455M) 127.847ms
[2019-10-23T16:21:36.023+0300][121.813s][info][gc] GC(503) Pause Young (Allocation Failure) 308M->308M(455M) 304.094ms
[2019-10-23T16:21:36.109+0300][121.899s][info][gc] GC(504) Pause Full (Ergonomics) 308M->40M(455M) 85.587ms
[2019-10-23T16:21:36.379+0300][122.170s][info][gc] GC(505) Pause Young (Allocation Failure) 98M->98M(455M) 260.921ms
[2019-10-23T16:21:36.770+0300][122.561s][info][gc] GC(506) Pause Young (Allocation Failure) 155M->156M(455M) 371.942ms
[2019-10-23T16:21:36.893+0300][122.684s][info][gc] GC(507) Pause Young (Allocation Failure) 213M->213M(455M) 114.268ms
[2019-10-23T16:21:37.402+0300][123.193s][info][gc] GC(508) Pause Young (Allocation Failure) 269M->269M(455M) 489.004ms
[2019-10-23T16:21:37.619+0300][123.410s][info][gc] GC(509) Pause Young (Allocation Failure) 327M->327M(455M) 208.897ms
[2019-10-23T16:21:37.763+0300][123.554s][info][gc] GC(510) Pause Full (Ergonomics) 327M->59M(455M) 143.104ms
[2019-10-23T16:21:38.002+0300][123.793s][info][gc] GC(511) Pause Young (Allocation Failure) 116M->117M(455M) 230.442ms
[2019-10-23T16:21:38.337+0300][124.128s][info][gc] GC(512) Pause Young (Allocation Failure) 174M->174M(455M) 315.174ms
[2019-10-23T16:21:38.460+0300][124.251s][info][gc] GC(513) Pause Young (Allocation Failure) 232M->232M(455M) 114.416ms
[2019-10-23T16:21:38.874+0300][124.664s][info][gc] GC(514) Pause Young (Allocation Failure) 289M->290M(455M) 393.710ms
[2019-10-23T16:21:38.997+0300][124.788s][info][gc] GC(515) Pause Young (Allocation Failure) 347M->347M(455M) 113.711ms
[2019-10-23T16:21:39.215+0300][125.006s][info][gc] GC(516) Pause Full (Ergonomics) 347M->79M(455M) 218.071ms
[2019-10-23T16:21:39.510+0300][125.301s][info][gc] GC(517) Pause Young (Allocation Failure) 135M->135M(455M) 275.333ms
[2019-10-23T16:21:39.709+0300][125.499s][info][gc] GC(518) Pause Young (Allocation Failure) 193M->193M(455M) 190.719ms
[2019-10-23T16:21:39.847+0300][125.638s][info][gc] GC(519) Pause Young (Allocation Failure) 250M->250M(455M) 129.116ms
[2019-10-23T16:21:40.163+0300][125.954s][info][gc] GC(520) Pause Young (Allocation Failure) 308M->308M(455M) 297.308ms
[2019-10-23T16:21:40.251+0300][126.042s][info][gc] GC(521) Pause Full (Ergonomics) 308M->40M(455M) 87.849ms
[2019-10-23T16:21:40.525+0300][126.316s][info][gc] GC(522) Pause Young (Allocation Failure) 98M->98M(455M) 265.171ms
[2019-10-23T16:21:40.983+0300][126.775s][info][gc] GC(523) Pause Young (Allocation Failure) 155M->156M(455M) 439.630ms
[2019-10-23T16:21:41.112+0300][126.903s][info][gc] GC(524) Pause Young (Allocation Failure) 213M->213M(455M) 119.387ms
[2019-10-23T16:21:41.662+0300][127.453s][info][gc] GC(525) Pause Young (Allocation Failure) 269M->269M(455M) 529.913ms
[2019-10-23T16:21:41.872+0300][127.663s][info][gc] GC(526) Pause Young (Allocation Failure) 327M->327M(455M) 202.287ms
[2019-10-23T16:21:42.029+0300][127.820s][info][gc] GC(527) Pause Full (Ergonomics) 327M->59M(455M) 156.949ms
[2019-10-23T16:21:42.304+0300][128.095s][info][gc] GC(528) Pause Young (Allocation Failure) 116M->117M(455M) 265.863ms
[2019-10-23T16:21:42.640+0300][128.430s][info][gc] GC(529) Pause Young (Allocation Failure) 174M->174M(455M) 317.424ms
[2019-10-23T16:21:42.766+0300][128.557s][info][gc] GC(530) Pause Young (Allocation Failure) 232M->232M(455M) 117.476ms
[2019-10-23T16:21:43.178+0300][128.969s][info][gc] GC(531) Pause Young (Allocation Failure) 289M->290M(455M) 391.885ms
[2019-10-23T16:21:43.301+0300][129.091s][info][gc] GC(532) Pause Young (Allocation Failure) 347M->347M(455M) 111.611ms
[2019-10-23T16:21:43.529+0300][129.319s][info][gc] GC(533) Pause Full (Ergonomics) 347M->79M(455M) 227.876ms
[2019-10-23T16:21:43.794+0300][129.584s][info][gc] GC(534) Pause Young (Allocation Failure) 135M->135M(455M) 247.104ms
[2019-10-23T16:21:44.005+0300][129.796s][info][gc] GC(535) Pause Young (Allocation Failure) 193M->193M(455M) 202.552ms
[2019-10-23T16:21:44.143+0300][129.934s][info][gc] GC(536) Pause Young (Allocation Failure) 250M->250M(455M) 127.618ms
[2019-10-23T16:21:44.483+0300][130.274s][info][gc] GC(537) Pause Young (Allocation Failure) 308M->308M(455M) 320.407ms
[2019-10-23T16:21:44.568+0300][130.359s][info][gc] GC(538) Pause Full (Ergonomics) 308M->40M(455M) 85.047ms
[2019-10-23T16:21:44.835+0300][130.626s][info][gc] GC(539) Pause Young (Allocation Failure) 98M->98M(455M) 258.471ms
[2019-10-23T16:21:45.268+0300][131.059s][info][gc] GC(540) Pause Young (Allocation Failure) 155M->156M(455M) 414.874ms
[2019-10-23T16:21:45.388+0300][131.179s][info][gc] GC(541) Pause Young (Allocation Failure) 213M->213M(455M) 111.633ms
[2019-10-23T16:21:45.891+0300][131.682s][info][gc] GC(542) Pause Young (Allocation Failure) 269M->270M(455M) 482.056ms
[2019-10-23T16:21:46.108+0300][131.899s][info][gc] GC(543) Pause Young (Allocation Failure) 327M->327M(455M) 209.458ms
[2019-10-23T16:21:46.267+0300][132.058s][info][gc] GC(544) Pause Full (Ergonomics) 327M->59M(455M) 158.953ms
[2019-10-23T16:21:46.523+0300][132.314s][info][gc] GC(545) Pause Young (Allocation Failure) 116M->117M(455M) 246.836ms
[2019-10-23T16:21:46.850+0300][132.640s][info][gc] GC(546) Pause Young (Allocation Failure) 174M->174M(455M) 307.888ms
[2019-10-23T16:21:46.976+0300][132.767s][info][gc] GC(547) Pause Young (Allocation Failure) 232M->232M(455M) 117.251ms
[2019-10-23T16:21:47.375+0300][133.166s][info][gc] GC(548) Pause Young (Allocation Failure) 289M->290M(455M) 379.419ms
[2019-10-23T16:21:47.490+0300][133.280s][info][gc] GC(549) Pause Young (Allocation Failure) 347M->347M(455M) 105.598ms
[2019-10-23T16:21:47.707+0300][133.498s][info][gc] GC(550) Pause Full (Ergonomics) 347M->79M(455M) 217.440ms
[2019-10-23T16:21:47.981+0300][133.771s][info][gc] GC(551) Pause Young (Allocation Failure) 135M->135M(455M) 254.315ms
[2019-10-23T16:21:48.167+0300][133.958s][info][gc] GC(552) Pause Young (Allocation Failure) 193M->193M(455M) 177.522ms
[2019-10-23T16:21:48.304+0300][134.095s][info][gc] GC(553) Pause Young (Allocation Failure) 250M->250M(455M) 128.007ms
[2019-10-23T16:21:48.620+0300][134.410s][info][gc] GC(554) Pause Young (Allocation Failure) 308M->308M(455M) 295.744ms
[2019-10-23T16:21:48.707+0300][134.497s][info][gc] GC(555) Pause Full (Ergonomics) 308M->40M(455M) 86.717ms
[2019-10-23T16:21:48.984+0300][134.775s][info][gc] GC(556) Pause Young (Allocation Failure) 98M->98M(455M) 267.775ms
[2019-10-23T16:21:49.425+0300][135.216s][info][gc] GC(557) Pause Young (Allocation Failure) 155M->156M(455M) 421.027ms
[2019-10-23T16:21:49.546+0300][135.337s][info][gc] GC(558) Pause Young (Allocation Failure) 213M->213M(455M) 112.031ms
[2019-10-23T16:21:50.050+0300][135.840s][info][gc] GC(559) Pause Young (Allocation Failure) 269M->269M(455M) 482.981ms
[2019-10-23T16:21:50.244+0300][136.035s][info][gc] GC(560) Pause Young (Allocation Failure) 327M->327M(455M) 185.960ms
[2019-10-23T16:21:50.393+0300][136.184s][info][gc] GC(561) Pause Full (Ergonomics) 327M->59M(455M) 148.848ms
[2019-10-23T16:21:50.654+0300][136.444s][info][gc] GC(562) Pause Young (Allocation Failure) 116M->117M(455M) 251.829ms
[2019-10-23T16:21:50.941+0300][136.731s][info][gc] GC(563) Pause Young (Allocation Failure) 174M->174M(455M) 269.174ms
[2019-10-23T16:21:51.065+0300][136.856s][info][gc] GC(564) Pause Young (Allocation Failure) 232M->232M(455M) 115.994ms
[2019-10-23T16:21:51.507+0300][137.298s][info][gc] GC(565) Pause Young (Allocation Failure) 289M->290M(455M) 422.862ms
[2019-10-23T16:21:51.625+0300][137.417s][info][gc] GC(566) Pause Young (Allocation Failure) 347M->347M(455M) 109.405ms
[2019-10-23T16:21:51.853+0300][137.645s][info][gc] GC(567) Pause Full (Ergonomics) 347M->79M(455M) 227.753ms
[2019-10-23T16:21:52.122+0300][137.913s][info][gc] GC(568) Pause Young (Allocation Failure) 135M->135M(455M) 249.027ms
[2019-10-23T16:21:52.303+0300][138.094s][info][gc] GC(569) Pause Young (Allocation Failure) 193M->193M(455M) 172.724ms
[2019-10-23T16:21:52.442+0300][138.233s][info][gc] GC(570) Pause Young (Allocation Failure) 250M->250M(455M) 128.834ms
[2019-10-23T16:21:52.738+0300][138.529s][info][gc] GC(571) Pause Young (Allocation Failure) 308M->308M(455M) 276.427ms
[2019-10-23T16:21:52.822+0300][138.613s][info][gc] GC(572) Pause Full (Ergonomics) 308M->40M(455M) 84.204ms
[2019-10-23T16:21:53.088+0300][138.879s][info][gc] GC(573) Pause Young (Allocation Failure) 98M->98M(455M) 255.227ms
[2019-10-23T16:21:53.501+0300][139.293s][info][gc] GC(574) Pause Young (Allocation Failure) 155M->156M(455M) 393.463ms
[2019-10-23T16:21:53.627+0300][139.418s][info][gc] GC(575) Pause Young (Allocation Failure) 213M->213M(455M) 116.568ms
[2019-10-23T16:21:54.135+0300][139.925s][info][gc] GC(576) Pause Young (Allocation Failure) 269M->270M(455M) 486.563ms
[2019-10-23T16:21:54.326+0300][140.116s][info][gc] GC(577) Pause Young (Allocation Failure) 327M->327M(455M) 183.058ms
[2019-10-23T16:21:54.482+0300][140.273s][info][gc] GC(578) Pause Full (Ergonomics) 327M->59M(455M) 156.662ms
[2019-10-23T16:21:54.713+0300][140.504s][info][gc] GC(579) Pause Young (Allocation Failure) 116M->117M(455M) 221.983ms
[2019-10-23T16:21:55.037+0300][140.828s][info][gc] GC(580) Pause Young (Allocation Failure) 174M->174M(455M) 305.034ms
[2019-10-23T16:21:55.164+0300][140.955s][info][gc] GC(581) Pause Young (Allocation Failure) 232M->232M(455M) 117.213ms
[2019-10-23T16:21:55.582+0300][141.373s][info][gc] GC(582) Pause Young (Allocation Failure) 289M->290M(455M) 399.505ms
[2019-10-23T16:21:55.697+0300][141.488s][info][gc] GC(583) Pause Young (Allocation Failure) 347M->347M(455M) 106.354ms
[2019-10-23T16:21:55.913+0300][141.703s][info][gc] GC(584) Pause Full (Ergonomics) 347M->79M(455M) 215.327ms
[2019-10-23T16:21:56.150+0300][141.941s][info][gc] GC(585) Pause Young (Allocation Failure) 135M->135M(455M) 218.187ms
[2019-10-23T16:21:56.309+0300][142.100s][info][gc] GC(586) Pause Young (Allocation Failure) 193M->193M(455M) 150.321ms
[2019-10-23T16:21:56.449+0300][142.239s][info][gc] GC(587) Pause Young (Allocation Failure) 250M->250M(455M) 128.985ms
[2019-10-23T16:21:56.769+0300][142.560s][info][gc] GC(588) Pause Young (Allocation Failure) 308M->308M(455M) 301.074ms
[2019-10-23T16:21:56.846+0300][142.638s][info][gc] GC(589) Pause Full (Ergonomics) 308M->40M(455M) 77.677ms
[2019-10-23T16:21:57.117+0300][142.908s][info][gc] GC(590) Pause Young (Allocation Failure) 98M->98M(455M) 261.719ms
[2019-10-23T16:21:57.545+0300][143.337s][info][gc] GC(591) Pause Young (Allocation Failure) 155M->156M(455M) 408.495ms
[2019-10-23T16:21:57.658+0300][143.450s][info][gc] GC(592) Pause Young (Allocation Failure) 213M->213M(455M) 104.574ms
[2019-10-23T16:21:58.168+0300][143.960s][info][gc] GC(593) Pause Young (Allocation Failure) 269M->269M(455M) 489.679ms
[2019-10-23T16:21:58.344+0300][144.135s][info][gc] GC(594) Pause Young (Allocation Failure) 327M->327M(455M) 167.418ms
[2019-10-23T16:21:58.467+0300][144.258s][info][gc] GC(595) Pause Full (Ergonomics) 327M->59M(455M) 123.094ms
[2019-10-23T16:21:58.716+0300][144.507s][info][gc] GC(596) Pause Young (Allocation Failure) 116M->117M(455M) 239.571ms
[2019-10-23T16:21:58.951+0300][144.743s][info][gc] GC(597) Pause Young (Allocation Failure) 174M->174M(455M) 217.648ms
[2019-10-23T16:21:59.079+0300][144.870s][info][gc] GC(598) Pause Young (Allocation Failure) 232M->232M(455M) 118.128ms
[2019-10-23T16:21:59.524+0300][145.316s][info][gc] GC(599) Pause Young (Allocation Failure) 289M->290M(455M) 427.400ms
[2019-10-23T16:21:59.636+0300][145.428s][info][gc] GC(600) Pause Young (Allocation Failure) 347M->347M(455M) 103.279ms
[2019-10-23T16:21:59.855+0300][145.647s][info][gc] GC(601) Pause Full (Ergonomics) 347M->79M(455M) 218.766ms
[2019-10-23T16:22:00.115+0300][145.907s][info][gc] GC(602) Pause Young (Allocation Failure) 135M->135M(455M) 241.742ms
[2019-10-23T16:22:00.326+0300][146.117s][info][gc] GC(603) Pause Young (Allocation Failure) 193M->193M(455M) 201.893ms
[2019-10-23T16:22:00.463+0300][146.254s][info][gc] GC(604) Pause Young (Allocation Failure) 250M->250M(455M) 127.837ms
[2019-10-23T16:22:00.791+0300][146.582s][info][gc] GC(605) Pause Young (Allocation Failure) 308M->308M(455M) 310.411ms
[2019-10-23T16:22:00.878+0300][146.669s][info][gc] GC(606) Pause Full (Ergonomics) 308M->40M(455M) 86.753ms
[2019-10-23T16:22:01.117+0300][146.908s][info][gc] GC(607) Pause Young (Allocation Failure) 98M->98M(455M) 230.102ms
[2019-10-23T16:22:01.549+0300][147.340s][info][gc] GC(608) Pause Young (Allocation Failure) 155M->155M(455M) 411.643ms
[2019-10-23T16:22:01.675+0300][147.467s][info][gc] GC(609) Pause Young (Allocation Failure) 213M->213M(455M) 118.146ms
[2019-10-23T16:22:02.155+0300][147.946s][info][gc] GC(610) Pause Young (Allocation Failure) 269M->269M(455M) 459.383ms
[2019-10-23T16:22:02.364+0300][148.155s][info][gc] GC(611) Pause Young (Allocation Failure) 327M->327M(455M) 200.693ms
[2019-10-23T16:22:02.493+0300][148.284s][info][gc] GC(612) Pause Full (Ergonomics) 327M->59M(455M) 128.380ms
[2019-10-23T16:22:02.743+0300][148.534s][info][gc] GC(613) Pause Young (Allocation Failure) 116M->117M(455M) 241.932ms
[2019-10-23T16:22:03.079+0300][148.870s][info][gc] GC(614) Pause Young (Allocation Failure) 174M->174M(455M) 316.185ms
[2019-10-23T16:22:03.207+0300][148.998s][info][gc] GC(615) Pause Young (Allocation Failure) 232M->232M(455M) 119.062ms
[2019-10-23T16:22:03.607+0300][149.398s][info][gc] GC(616) Pause Young (Allocation Failure) 289M->290M(455M) 379.839ms
[2019-10-23T16:22:03.728+0300][149.519s][info][gc] GC(617) Pause Young (Allocation Failure) 347M->347M(455M) 112.446ms
[2019-10-23T16:22:03.955+0300][149.746s][info][gc] GC(618) Pause Full (Ergonomics) 347M->79M(455M) 226.844ms
[2019-10-23T16:22:04.193+0300][149.984s][info][gc] GC(619) Pause Young (Allocation Failure) 135M->135M(455M) 220.133ms
[2019-10-23T16:22:04.414+0300][150.205s][info][gc] GC(620) Pause Young (Allocation Failure) 193M->193M(455M) 212.484ms
[2019-10-23T16:22:04.550+0300][150.341s][info][gc] GC(621) Pause Young (Allocation Failure) 250M->250M(455M) 127.979ms
[2019-10-23T16:22:04.841+0300][150.632s][info][gc] GC(622) Pause Young (Allocation Failure) 308M->308M(455M) 272.016ms
[2019-10-23T16:22:04.925+0300][150.716s][info][gc] GC(623) Pause Full (Ergonomics) 308M->40M(455M) 83.355ms
[2019-10-23T16:22:05.197+0300][150.988s][info][gc] GC(624) Pause Young (Allocation Failure) 98M->98M(455M) 261.940ms
[2019-10-23T16:22:05.594+0300][151.385s][info][gc] GC(625) Pause Young (Allocation Failure) 155M->156M(455M) 377.029ms
[2019-10-23T16:22:05.715+0300][151.506s][info][gc] GC(626) Pause Young (Allocation Failure) 213M->213M(455M) 112.075ms
[2019-10-23T16:22:06.175+0300][151.966s][info][gc] GC(627) Pause Young (Allocation Failure) 269M->269M(455M) 440.831ms
[2019-10-23T16:22:06.327+0300][152.117s][info][gc] GC(628) Pause Young (Allocation Failure) 327M->327M(455M) 143.192ms
[2019-10-23T16:22:06.477+0300][152.268s][info][gc] GC(629) Pause Full (Ergonomics) 327M->59M(455M) 150.541ms
[2019-10-23T16:22:06.751+0300][152.542s][info][gc] GC(630) Pause Young (Allocation Failure) 116M->117M(455M) 264.791ms
[2019-10-23T16:22:07.073+0300][152.864s][info][gc] GC(631) Pause Young (Allocation Failure) 174M->174M(455M) 302.858ms
[2019-10-23T16:22:07.200+0300][152.991s][info][gc] GC(632) Pause Young (Allocation Failure) 232M->232M(455M) 117.990ms
[2019-10-23T16:22:07.654+0300][153.444s][info][gc] GC(633) Pause Young (Allocation Failure) 289M->290M(455M) 435.046ms
[2019-10-23T16:22:07.766+0300][153.557s][info][gc] GC(634) Pause Young (Allocation Failure) 347M->347M(455M) 100.858ms
[2019-10-23T16:22:07.976+0300][153.767s][info][gc] GC(635) Pause Full (Ergonomics) 347M->79M(455M) 210.047ms
[2019-10-23T16:22:08.260+0300][154.051s][info][gc] GC(636) Pause Young (Allocation Failure) 135M->135M(455M) 264.443ms
[2019-10-23T16:22:08.473+0300][154.264s][info][gc] GC(637) Pause Young (Allocation Failure) 193M->193M(455M) 202.991ms
[2019-10-23T16:22:08.610+0300][154.401s][info][gc] GC(638) Pause Young (Allocation Failure) 250M->250M(455M) 127.867ms
[2019-10-23T16:22:08.918+0300][154.708s][info][gc] GC(639) Pause Young (Allocation Failure) 308M->308M(455M) 288.574ms
[2019-10-23T16:22:09.000+0300][154.791s][info][gc] GC(640) Pause Full (Ergonomics) 308M->40M(455M) 82.539ms
[2019-10-23T16:22:09.260+0300][155.050s][info][gc] GC(641) Pause Young (Allocation Failure) 98M->98M(455M) 250.617ms
[2019-10-23T16:22:09.694+0300][155.484s][info][gc] GC(642) Pause Young (Allocation Failure) 155M->156M(455M) 415.113ms
[2019-10-23T16:22:09.802+0300][155.592s][info][gc] GC(643) Pause Young (Allocation Failure) 213M->213M(455M) 98.753ms
[2019-10-23T16:22:10.288+0300][156.079s][info][gc] GC(644) Pause Young (Allocation Failure) 269M->270M(455M) 466.417ms
[2019-10-23T16:22:10.503+0300][156.294s][info][gc] GC(645) Pause Young (Allocation Failure) 327M->327M(455M) 207.359ms
[2019-10-23T16:22:10.652+0300][156.442s][info][gc] GC(646) Pause Full (Ergonomics) 327M->59M(455M) 148.349ms
[2019-10-23T16:22:10.916+0300][156.706s][info][gc] GC(647) Pause Young (Allocation Failure) 116M->117M(455M) 255.104ms
[2019-10-23T16:22:11.246+0300][157.037s][info][gc] GC(648) Pause Young (Allocation Failure) 174M->174M(455M) 311.072ms
[2019-10-23T16:22:11.371+0300][157.162s][info][gc] GC(649) Pause Young (Allocation Failure) 232M->232M(455M) 116.168ms
[2019-10-23T16:22:11.797+0300][157.588s][info][gc] GC(650) Pause Young (Allocation Failure) 289M->290M(455M) 406.362ms
[2019-10-23T16:22:11.910+0300][157.701s][info][gc] GC(651) Pause Young (Allocation Failure) 347M->347M(455M) 102.196ms
[2019-10-23T16:22:12.135+0300][157.926s][info][gc] GC(652) Pause Full (Ergonomics) 347M->79M(455M) 224.740ms
[2019-10-23T16:22:12.401+0300][158.192s][info][gc] GC(653) Pause Young (Allocation Failure) 135M->135M(455M) 247.852ms
[2019-10-23T16:22:12.606+0300][158.397s][info][gc] GC(654) Pause Young (Allocation Failure) 193M->193M(455M) 195.280ms
[2019-10-23T16:22:12.743+0300][158.534s][info][gc] GC(655) Pause Young (Allocation Failure) 250M->250M(455M) 127.820ms
[2019-10-23T16:22:13.050+0300][158.841s][info][gc] GC(656) Pause Young (Allocation Failure) 308M->308M(455M) 289.086ms
[2019-10-23T16:22:13.137+0300][158.929s][info][gc] GC(657) Pause Full (Ergonomics) 308M->40M(455M) 86.960ms
[2019-10-23T16:22:13.412+0300][159.203s][info][gc] GC(658) Pause Young (Allocation Failure) 98M->98M(455M) 264.149ms
[2019-10-23T16:22:13.836+0300][159.626s][info][gc] GC(659) Pause Young (Allocation Failure) 155M->156M(455M) 403.886ms
[2019-10-23T16:22:13.955+0300][159.746s][info][gc] GC(660) Pause Young (Allocation Failure) 213M->213M(455M) 110.323ms
[2019-10-23T16:22:14.496+0300][160.287s][info][gc] GC(661) Pause Young (Allocation Failure) 269M->269M(455M) 520.440ms
[2019-10-23T16:22:14.707+0300][160.498s][info][gc] GC(662) Pause Young (Allocation Failure) 327M->327M(455M) 203.133ms
[2019-10-23T16:22:14.866+0300][160.657s][info][gc] GC(663) Pause Full (Ergonomics) 327M->59M(455M) 158.740ms
[2019-10-23T16:22:15.128+0300][160.919s][info][gc] GC(664) Pause Young (Allocation Failure) 116M->117M(455M) 251.948ms
[2019-10-23T16:22:15.438+0300][161.228s][info][gc] GC(665) Pause Young (Allocation Failure) 174M->174M(455M) 290.627ms
[2019-10-23T16:22:15.564+0300][161.355s][info][gc] GC(666) Pause Young (Allocation Failure) 232M->232M(455M) 117.889ms
[2019-10-23T16:22:15.995+0300][161.786s][info][gc] GC(667) Pause Young (Allocation Failure) 289M->290M(455M) 412.281ms
[2019-10-23T16:22:16.120+0300][161.911s][info][gc] GC(668) Pause Young (Allocation Failure) 347M->347M(455M) 116.555ms
[2019-10-23T16:22:16.341+0300][162.132s][info][gc] GC(669) Pause Full (Ergonomics) 347M->79M(455M) 220.468ms
[2019-10-23T16:22:16.612+0300][162.402s][info][gc] GC(670) Pause Young (Allocation Failure) 135M->135M(455M) 252.040ms
[2019-10-23T16:22:16.806+0300][162.597s][info][gc] GC(671) Pause Young (Allocation Failure) 193M->193M(455M) 186.262ms
[2019-10-23T16:22:16.943+0300][162.734s][info][gc] GC(672) Pause Young (Allocation Failure) 250M->250M(455M) 128.109ms
[2019-10-23T16:22:17.229+0300][163.021s][info][gc] GC(673) Pause Young (Allocation Failure) 308M->308M(455M) 269.521ms
[2019-10-23T16:22:17.317+0300][163.108s][info][gc] GC(674) Pause Full (Ergonomics) 308M->40M(455M) 87.216ms
[2019-10-23T16:22:17.589+0300][163.381s][info][gc] GC(675) Pause Young (Allocation Failure) 98M->98M(455M) 262.372ms
[2019-10-23T16:22:18.025+0300][163.815s][info][gc] GC(676) Pause Young (Allocation Failure) 155M->156M(455M) 415.710ms
[2019-10-23T16:22:18.142+0300][163.933s][info][gc] GC(677) Pause Young (Allocation Failure) 213M->213M(455M) 109.126ms
[2019-10-23T16:22:18.658+0300][164.449s][info][gc] GC(678) Pause Young (Allocation Failure) 269M->269M(455M) 495.916ms
[2019-10-23T16:22:18.863+0300][164.655s][info][gc] GC(679) Pause Young (Allocation Failure) 327M->327M(455M) 197.584ms
[2019-10-23T16:22:18.995+0300][164.786s][info][gc] GC(680) Pause Full (Ergonomics) 327M->59M(455M) 131.068ms
[2019-10-23T16:22:19.250+0300][165.041s][info][gc] GC(681) Pause Young (Allocation Failure) 116M->117M(455M) 246.733ms
[2019-10-23T16:22:19.567+0300][165.359s][info][gc] GC(682) Pause Young (Allocation Failure) 174M->174M(455M) 297.532ms
[2019-10-23T16:22:19.696+0300][165.488s][info][gc] GC(683) Pause Young (Allocation Failure) 232M->232M(455M) 119.907ms
[2019-10-23T16:22:20.130+0300][165.922s][info][gc] GC(684) Pause Young (Allocation Failure) 289M->290M(455M) 415.264ms
[2019-10-23T16:22:20.254+0300][166.046s][info][gc] GC(685) Pause Young (Allocation Failure) 347M->347M(455M) 115.079ms
[2019-10-23T16:22:20.479+0300][166.269s][info][gc] GC(686) Pause Full (Ergonomics) 347M->79M(455M) 222.924ms
[2019-10-23T16:22:20.749+0300][166.541s][info][gc] GC(687) Pause Young (Allocation Failure) 135M->135M(455M) 252.679ms
[2019-10-23T16:22:20.950+0300][166.742s][info][gc] GC(688) Pause Young (Allocation Failure) 193M->193M(455M) 193.028ms
[2019-10-23T16:22:21.093+0300][166.884s][info][gc] GC(689) Pause Young (Allocation Failure) 250M->250M(455M) 131.496ms
[2019-10-23T16:22:21.380+0300][167.171s][info][gc] GC(690) Pause Young (Allocation Failure) 308M->308M(455M) 268.110ms
[2019-10-23T16:22:21.469+0300][167.260s][info][gc] GC(691) Pause Full (Ergonomics) 308M->40M(455M) 88.539ms
[2019-10-23T16:22:21.741+0300][167.533s][info][gc] GC(692) Pause Young (Allocation Failure) 98M->98M(455M) 261.988ms
[2019-10-23T16:22:22.161+0300][167.952s][info][gc] GC(693) Pause Young (Allocation Failure) 155M->156M(455M) 399.747ms
[2019-10-23T16:22:22.284+0300][168.075s][info][gc] GC(694) Pause Young (Allocation Failure) 213M->213M(455M) 113.544ms
[2019-10-23T16:22:22.828+0300][168.619s][info][gc] GC(695) Pause Young (Allocation Failure) 269M->269M(455M) 524.035ms
[2019-10-23T16:22:23.035+0300][168.826s][info][gc] GC(696) Pause Young (Allocation Failure) 327M->327M(455M) 198.970ms
[2019-10-23T16:22:23.189+0300][168.980s][info][gc] GC(697) Pause Full (Ergonomics) 327M->59M(455M) 153.633ms
[2019-10-23T16:22:23.448+0300][169.239s][info][gc] GC(698) Pause Young (Allocation Failure) 116M->117M(455M) 250.343ms
[2019-10-23T16:22:23.765+0300][169.556s][info][gc] GC(699) Pause Young (Allocation Failure) 174M->174M(455M) 296.825ms
[2019-10-23T16:22:23.890+0300][169.681s][info][gc] GC(700) Pause Young (Allocation Failure) 232M->232M(455M) 115.846ms
[2019-10-23T16:22:24.317+0300][170.108s][info][gc] GC(701) Pause Young (Allocation Failure) 289M->290M(455M) 406.757ms
[2019-10-23T16:22:24.430+0300][170.221s][info][gc] GC(702) Pause Young (Allocation Failure) 347M->347M(455M) 102.978ms
[2019-10-23T16:22:24.651+0300][170.442s][info][gc] GC(703) Pause Full (Ergonomics) 347M->79M(455M) 220.907ms
[2019-10-23T16:22:24.904+0300][170.696s][info][gc] GC(704) Pause Young (Allocation Failure) 135M->135M(455M) 235.890ms
[2019-10-23T16:22:25.104+0300][170.895s][info][gc] GC(705) Pause Young (Allocation Failure) 193M->193M(455M) 190.397ms
[2019-10-23T16:22:25.242+0300][171.033s][info][gc] GC(706) Pause Young (Allocation Failure) 250M->250M(455M) 126.840ms
[2019-10-23T16:22:25.571+0300][171.361s][info][gc] GC(707) Pause Young (Allocation Failure) 308M->308M(455M) 308.972ms
[2019-10-23T16:22:25.632+0300][171.423s][info][gc] GC(708) Pause Full (Ergonomics) 308M->40M(455M) 61.567ms
[2019-10-23T16:22:25.905+0300][171.695s][info][gc] GC(709) Pause Young (Allocation Failure) 98M->98M(455M) 263.834ms
[2019-10-23T16:22:26.343+0300][172.134s][info][gc] GC(710) Pause Young (Allocation Failure) 155M->156M(455M) 419.616ms
[2019-10-23T16:22:26.461+0300][172.252s][info][gc] GC(711) Pause Young (Allocation Failure) 213M->213M(455M) 108.971ms
[2019-10-23T16:22:26.992+0300][172.783s][info][gc] GC(712) Pause Young (Allocation Failure) 269M->269M(455M) 511.219ms
[2019-10-23T16:22:27.205+0300][172.996s][info][gc] GC(713) Pause Young (Allocation Failure) 327M->327M(455M) 205.073ms
[2019-10-23T16:22:27.354+0300][173.145s][info][gc] GC(714) Pause Full (Ergonomics) 327M->59M(455M) 148.812ms
[2019-10-23T16:22:27.609+0300][173.400s][info][gc] GC(715) Pause Young (Allocation Failure) 116M->117M(455M) 246.173ms
[2019-10-23T16:22:27.915+0300][173.707s][info][gc] GC(716) Pause Young (Allocation Failure) 174M->174M(455M) 286.579ms
[2019-10-23T16:22:28.041+0300][173.832s][info][gc] GC(717) Pause Young (Allocation Failure) 232M->232M(455M) 116.532ms
[2019-10-23T16:22:28.484+0300][174.276s][info][gc] GC(718) Pause Young (Allocation Failure) 289M->290M(455M) 422.479ms
[2019-10-23T16:22:28.607+0300][174.398s][info][gc] GC(719) Pause Young (Allocation Failure) 347M->347M(455M) 113.782ms
[2019-10-23T16:22:28.814+0300][174.606s][info][gc] GC(720) Pause Full (Ergonomics) 347M->79M(455M) 206.985ms
[2019-10-23T16:22:29.090+0300][174.881s][info][gc] GC(721) Pause Young (Allocation Failure) 135M->135M(455M) 256.087ms
[2019-10-23T16:22:29.287+0300][175.079s][info][gc] GC(722) Pause Young (Allocation Failure) 193M->193M(455M) 188.796ms
[2019-10-23T16:22:29.427+0300][175.218s][info][gc] GC(723) Pause Young (Allocation Failure) 250M->250M(455M) 129.906ms
[2019-10-23T16:22:29.733+0300][175.524s][info][gc] GC(724) Pause Young (Allocation Failure) 308M->308M(455M) 287.797ms
[2019-10-23T16:22:29.815+0300][175.606s][info][gc] GC(725) Pause Full (Ergonomics) 308M->40M(455M) 81.645ms
[2019-10-23T16:22:30.064+0300][175.855s][info][gc] GC(726) Pause Young (Allocation Failure) 98M->98M(455M) 238.687ms
[2019-10-23T16:22:30.497+0300][176.288s][info][gc] GC(727) Pause Young (Allocation Failure) 155M->155M(455M) 414.734ms
[2019-10-23T16:22:30.622+0300][176.413s][info][gc] GC(728) Pause Young (Allocation Failure) 213M->213M(455M) 116.287ms
[2019-10-23T16:22:31.130+0300][176.921s][info][gc] GC(729) Pause Young (Allocation Failure) 269M->269M(455M) 487.165ms
[2019-10-23T16:22:31.339+0300][177.130s][info][gc] GC(730) Pause Young (Allocation Failure) 327M->327M(455M) 200.541ms
[2019-10-23T16:22:31.484+0300][177.274s][info][gc] GC(731) Pause Full (Ergonomics) 327M->59M(455M) 143.827ms
[2019-10-23T16:22:31.745+0300][177.535s][info][gc] GC(732) Pause Young (Allocation Failure) 116M->117M(455M) 252.302ms
[2019-10-23T16:22:32.078+0300][177.869s][info][gc] GC(733) Pause Young (Allocation Failure) 174M->174M(455M) 314.787ms
[2019-10-23T16:22:32.206+0300][177.997s][info][gc] GC(734) Pause Young (Allocation Failure) 232M->232M(455M) 117.279ms
[2019-10-23T16:22:32.632+0300][178.423s][info][gc] GC(735) Pause Young (Allocation Failure) 289M->290M(455M) 406.801ms
[2019-10-23T16:22:32.748+0300][178.539s][info][gc] GC(736) Pause Young (Allocation Failure) 347M->347M(455M) 107.448ms
[2019-10-23T16:22:32.962+0300][178.753s][info][gc] GC(737) Pause Full (Ergonomics) 347M->79M(455M) 213.373ms
[2019-10-23T16:22:33.227+0300][179.018s][info][gc] GC(738) Pause Young (Allocation Failure) 135M->135M(455M) 246.444ms
[2019-10-23T16:22:33.429+0300][179.220s][info][gc] GC(739) Pause Young (Allocation Failure) 193M->193M(455M) 192.962ms
[2019-10-23T16:22:33.567+0300][179.358s][info][gc] GC(740) Pause Young (Allocation Failure) 250M->250M(455M) 129.064ms
[2019-10-23T16:22:33.898+0300][179.689s][info][gc] GC(741) Pause Young (Allocation Failure) 308M->308M(455M) 311.515ms
[2019-10-23T16:22:33.985+0300][179.776s][info][gc] GC(742) Pause Full (Ergonomics) 308M->40M(455M) 86.954ms
[2019-10-23T16:22:34.252+0300][180.042s][info][gc] GC(743) Pause Young (Allocation Failure) 98M->98M(455M) 255.849ms
[2019-10-23T16:22:34.664+0300][180.455s][info][gc] GC(744) Pause Young (Allocation Failure) 155M->156M(455M) 394.736ms
[2019-10-23T16:22:34.779+0300][180.570s][info][gc] GC(745) Pause Young (Allocation Failure) 213M->213M(455M) 105.979ms
[2019-10-23T16:22:35.299+0300][181.090s][info][gc] GC(746) Pause Young (Allocation Failure) 269M->269M(455M) 499.856ms
[2019-10-23T16:22:35.474+0300][181.265s][info][gc] GC(747) Pause Young (Allocation Failure) 327M->327M(455M) 167.380ms
[2019-10-23T16:22:35.620+0300][181.411s][info][gc] GC(748) Pause Full (Ergonomics) 327M->59M(455M) 145.359ms
[2019-10-23T16:22:35.879+0300][181.670s][info][gc] GC(749) Pause Young (Allocation Failure) 116M->117M(455M) 250.738ms
[2019-10-23T16:22:36.192+0300][181.983s][info][gc] GC(750) Pause Young (Allocation Failure) 174M->174M(455M) 294.251ms
[2019-10-23T16:22:36.320+0300][182.110s][info][gc] GC(751) Pause Young (Allocation Failure) 232M->232M(455M) 116.883ms
[2019-10-23T16:22:36.764+0300][182.555s][info][gc] GC(752) Pause Young (Allocation Failure) 289M->290M(455M) 424.249ms
[2019-10-23T16:22:36.887+0300][182.678s][info][gc] GC(753) Pause Young (Allocation Failure) 347M->347M(455M) 113.513ms
[2019-10-23T16:22:37.097+0300][182.887s][info][gc] GC(754) Pause Full (Ergonomics) 347M->79M(455M) 209.595ms
[2019-10-23T16:22:37.361+0300][183.153s][info][gc] GC(755) Pause Young (Allocation Failure) 135M->135M(455M) 247.208ms
[2019-10-23T16:22:37.533+0300][183.325s][info][gc] GC(756) Pause Young (Allocation Failure) 193M->193M(455M) 163.180ms
[2019-10-23T16:22:37.670+0300][183.461s][info][gc] GC(757) Pause Young (Allocation Failure) 250M->250M(455M) 127.847ms
[2019-10-23T16:22:38.011+0300][183.802s][info][gc] GC(758) Pause Young (Allocation Failure) 308M->308M(455M) 322.425ms
[2019-10-23T16:22:38.092+0300][183.883s][info][gc] GC(759) Pause Full (Ergonomics) 308M->40M(455M) 80.694ms
[2019-10-23T16:22:38.367+0300][184.158s][info][gc] GC(760) Pause Young (Allocation Failure) 98M->98M(455M) 264.537ms
[2019-10-23T16:22:38.815+0300][184.606s][info][gc] GC(761) Pause Young (Allocation Failure) 155M->156M(455M) 429.811ms
[2019-10-23T16:22:38.927+0300][184.718s][info][gc] GC(762) Pause Young (Allocation Failure) 213M->213M(455M) 102.852ms
[2019-10-23T16:22:39.438+0300][185.229s][info][gc] GC(763) Pause Young (Allocation Failure) 269M->270M(455M) 491.208ms
[2019-10-23T16:22:39.645+0300][185.436s][info][gc] GC(764) Pause Young (Allocation Failure) 327M->327M(455M) 198.805ms
[2019-10-23T16:22:39.801+0300][185.592s][info][gc] GC(765) Pause Full (Ergonomics) 327M->59M(455M) 156.097ms
[2019-10-23T16:22:40.063+0300][185.854s][info][gc] GC(766) Pause Young (Allocation Failure) 116M->117M(455M) 252.670ms
[2019-10-23T16:22:40.389+0300][186.180s][info][gc] GC(767) Pause Young (Allocation Failure) 174M->174M(455M) 306.892ms
[2019-10-23T16:22:40.517+0300][186.308s][info][gc] GC(768) Pause Young (Allocation Failure) 232M->232M(455M) 116.313ms
[2019-10-23T16:22:40.934+0300][186.725s][info][gc] GC(769) Pause Young (Allocation Failure) 289M->290M(455M) 397.342ms
[2019-10-23T16:22:41.052+0300][186.843s][info][gc] GC(770) Pause Young (Allocation Failure) 347M->347M(455M) 108.929ms
[2019-10-23T16:22:41.283+0300][187.074s][info][gc] GC(771) Pause Full (Ergonomics) 347M->79M(455M) 230.810ms
[2019-10-23T16:22:41.510+0300][187.301s][info][gc] GC(772) Pause Young (Allocation Failure) 135M->135M(455M) 209.256ms
[2019-10-23T16:22:41.729+0300][187.520s][info][gc] GC(773) Pause Young (Allocation Failure) 193M->193M(455M) 210.874ms
[2019-10-23T16:22:41.865+0300][187.656s][info][gc] GC(774) Pause Young (Allocation Failure) 250M->250M(455M) 126.898ms
[2019-10-23T16:22:42.186+0300][187.977s][info][gc] GC(775) Pause Young (Allocation Failure) 308M->308M(455M) 301.873ms
[2019-10-23T16:22:42.262+0300][188.053s][info][gc] GC(776) Pause Full (Ergonomics) 308M->40M(455M) 76.093ms
[2019-10-23T16:22:42.492+0300][188.283s][info][gc] GC(777) Pause Young (Allocation Failure) 98M->98M(455M) 218.840ms
[2019-10-23T16:22:42.909+0300][188.699s][info][gc] GC(778) Pause Young (Allocation Failure) 155M->156M(455M) 397.831ms
[2019-10-23T16:22:43.031+0300][188.821s][info][gc] GC(779) Pause Young (Allocation Failure) 213M->213M(455M) 113.447ms
[2019-10-23T16:22:43.534+0300][189.324s][info][gc] GC(780) Pause Young (Allocation Failure) 269M->269M(455M) 481.094ms
[2019-10-23T16:22:43.730+0300][189.521s][info][gc] GC(781) Pause Young (Allocation Failure) 327M->327M(455M) 188.093ms
[2019-10-23T16:22:43.873+0300][189.663s][info][gc] GC(782) Pause Full (Ergonomics) 327M->59M(455M) 142.186ms
[2019-10-23T16:22:44.111+0300][189.901s][info][gc] GC(783) Pause Young (Allocation Failure) 116M->117M(455M) 229.369ms
[2019-10-23T16:22:44.440+0300][190.230s][info][gc] GC(784) Pause Young (Allocation Failure) 174M->174M(455M) 311.202ms
[2019-10-23T16:22:44.566+0300][190.357s][info][gc] GC(785) Pause Young (Allocation Failure) 232M->232M(455M) 116.653ms
[2019-10-23T16:22:44.986+0300][190.776s][info][gc] GC(786) Pause Young (Allocation Failure) 289M->290M(455M) 401.121ms
[2019-10-23T16:22:45.109+0300][190.899s][info][gc] GC(787) Pause Young (Allocation Failure) 347M->347M(455M) 114.140ms
[2019-10-23T16:22:45.330+0300][191.120s][info][gc] GC(788) Pause Full (Ergonomics) 347M->79M(455M) 221.078ms
[2019-10-23T16:22:45.607+0300][191.398s][info][gc] GC(789) Pause Young (Allocation Failure) 135M->135M(455M) 258.853ms
[2019-10-23T16:22:45.777+0300][191.567s][info][gc] GC(790) Pause Young (Allocation Failure) 193M->193M(455M) 159.839ms
[2019-10-23T16:22:45.915+0300][191.706s][info][gc] GC(791) Pause Young (Allocation Failure) 250M->250M(455M) 129.948ms
[2019-10-23T16:22:46.237+0300][192.028s][info][gc] GC(792) Pause Young (Allocation Failure) 308M->308M(455M) 302.708ms
[2019-10-23T16:22:46.317+0300][192.108s][info][gc] GC(793) Pause Full (Ergonomics) 308M->40M(455M) 80.313ms
[2019-10-23T16:22:46.576+0300][192.367s][info][gc] GC(794) Pause Young (Allocation Failure) 98M->98M(455M) 249.103ms
[2019-10-23T16:22:47.006+0300][192.796s][info][gc] GC(795) Pause Young (Allocation Failure) 155M->156M(455M) 410.059ms
[2019-10-23T16:22:47.126+0300][192.917s][info][gc] GC(796) Pause Young (Allocation Failure) 213M->213M(455M) 111.580ms
[2019-10-23T16:22:47.644+0300][193.435s][info][gc] GC(797) Pause Young (Allocation Failure) 269M->269M(455M) 496.898ms
[2019-10-23T16:22:47.857+0300][193.648s][info][gc] GC(798) Pause Young (Allocation Failure) 327M->327M(455M) 204.894ms
[2019-10-23T16:22:48.005+0300][193.796s][info][gc] GC(799) Pause Full (Ergonomics) 327M->59M(455M) 148.253ms
[2019-10-23T16:22:48.285+0300][194.077s][info][gc] GC(800) Pause Young (Allocation Failure) 116M->117M(455M) 271.561ms
[2019-10-23T16:22:48.607+0300][194.397s][info][gc] GC(801) Pause Young (Allocation Failure) 174M->174M(455M) 300.229ms
[2019-10-23T16:22:48.732+0300][194.522s][info][gc] GC(802) Pause Young (Allocation Failure) 232M->232M(455M) 116.154ms
[2019-10-23T16:22:49.145+0300][194.936s][info][gc] GC(803) Pause Young (Allocation Failure) 289M->290M(455M) 394.084ms
[2019-10-23T16:22:49.265+0300][195.056s][info][gc] GC(804) Pause Young (Allocation Failure) 347M->347M(455M) 111.599ms
[2019-10-23T16:22:49.482+0300][195.273s][info][gc] GC(805) Pause Full (Ergonomics) 347M->79M(455M) 217.316ms
[2019-10-23T16:22:49.751+0300][195.542s][info][gc] GC(806) Pause Young (Allocation Failure) 135M->135M(455M) 249.397ms
[2019-10-23T16:22:49.967+0300][195.759s][info][gc] GC(807) Pause Young (Allocation Failure) 193M->193M(455M) 207.667ms
[2019-10-23T16:22:50.106+0300][195.897s][info][gc] GC(808) Pause Young (Allocation Failure) 250M->250M(455M) 129.254ms
[2019-10-23T16:22:50.425+0300][196.217s][info][gc] GC(809) Pause Young (Allocation Failure) 308M->308M(455M) 300.608ms
[2019-10-23T16:22:50.513+0300][196.304s][info][gc] GC(810) Pause Full (Ergonomics) 308M->40M(455M) 86.916ms
[2019-10-23T16:22:50.746+0300][196.537s][info][gc] GC(811) Pause Young (Allocation Failure) 98M->98M(455M) 223.097ms
[2019-10-23T16:22:51.166+0300][196.958s][info][gc] GC(812) Pause Young (Allocation Failure) 155M->156M(455M) 401.447ms
[2019-10-23T16:22:51.277+0300][197.069s][info][gc] GC(813) Pause Young (Allocation Failure) 213M->213M(455M) 101.989ms
[2019-10-23T16:22:51.734+0300][197.525s][info][gc] GC(814) Pause Young (Allocation Failure) 269M->269M(455M) 437.268ms
[2019-10-23T16:22:51.930+0300][197.722s][info][gc] GC(815) Pause Young (Allocation Failure) 327M->327M(455M) 188.605ms
[2019-10-23T16:22:52.079+0300][197.870s][info][gc] GC(816) Pause Full (Ergonomics) 327M->59M(455M) 148.332ms
[2019-10-23T16:22:52.361+0300][198.152s][info][gc] GC(817) Pause Young (Allocation Failure) 116M->117M(455M) 273.090ms
[2019-10-23T16:22:52.608+0300][198.399s][info][gc] GC(818) Pause Young (Allocation Failure) 174M->174M(455M) 227.689ms
[2019-10-23T16:22:52.733+0300][198.523s][info][gc] GC(819) Pause Young (Allocation Failure) 232M->232M(455M) 115.349ms
[2019-10-23T16:22:53.181+0300][198.972s][info][gc] GC(820) Pause Young (Allocation Failure) 289M->290M(455M) 429.981ms
[2019-10-23T16:22:53.301+0300][199.092s][info][gc] GC(821) Pause Young (Allocation Failure) 347M->347M(455M) 111.019ms
[2019-10-23T16:22:53.534+0300][199.325s][info][gc] GC(822) Pause Full (Ergonomics) 347M->79M(455M) 232.874ms
[2019-10-23T16:22:53.814+0300][199.605s][info][gc] GC(823) Pause Young (Allocation Failure) 135M->135M(455M) 260.209ms
[2019-10-23T16:22:54.019+0300][199.810s][info][gc] GC(824) Pause Young (Allocation Failure) 193M->193M(455M) 195.774ms
[2019-10-23T16:22:54.157+0300][199.948s][info][gc] GC(825) Pause Young (Allocation Failure) 250M->250M(455M) 127.117ms
[2019-10-23T16:22:54.478+0300][200.270s][info][gc] GC(826) Pause Young (Allocation Failure) 308M->308M(455M) 302.840ms
[2019-10-23T16:22:54.563+0300][200.354s][info][gc] GC(827) Pause Full (Ergonomics) 308M->40M(455M) 83.819ms
[2019-10-23T16:22:54.813+0300][200.604s][info][gc] GC(828) Pause Young (Allocation Failure) 98M->98M(455M) 239.892ms
[2019-10-23T16:22:55.260+0300][201.051s][info][gc] GC(829) Pause Young (Allocation Failure) 155M->156M(455M) 428.989ms
[2019-10-23T16:22:55.379+0300][201.170s][info][gc] GC(830) Pause Young (Allocation Failure) 213M->213M(455M) 110.639ms
[2019-10-23T16:22:55.870+0300][201.661s][info][gc] GC(831) Pause Young (Allocation Failure) 269M->269M(455M) 469.055ms
[2019-10-23T16:22:56.096+0300][201.887s][info][gc] GC(832) Pause Young (Allocation Failure) 327M->327M(455M) 218.367ms
[2019-10-23T16:22:56.248+0300][202.039s][info][gc] GC(833) Pause Full (Ergonomics) 327M->59M(455M) 151.913ms
[2019-10-23T16:22:56.518+0300][202.309s][info][gc] GC(834) Pause Young (Allocation Failure) 116M->117M(455M) 261.759ms
[2019-10-23T16:22:56.837+0300][202.628s][info][gc] GC(835) Pause Young (Allocation Failure) 174M->174M(455M) 299.974ms
[2019-10-23T16:22:56.964+0300][202.755s][info][gc] GC(836) Pause Young (Allocation Failure) 232M->232M(455M) 117.940ms
[2019-10-23T16:22:57.393+0300][203.184s][info][gc] GC(837) Pause Young (Allocation Failure) 289M->290M(455M) 409.298ms
[2019-10-23T16:22:57.501+0300][203.292s][info][gc] GC(838) Pause Young (Allocation Failure) 347M->347M(455M) 98.058ms
[2019-10-23T16:22:57.702+0300][203.492s][info][gc] GC(839) Pause Full (Ergonomics) 347M->79M(455M) 200.574ms
[2019-10-23T16:22:57.937+0300][203.728s][info][gc] GC(840) Pause Young (Allocation Failure) 135M->135M(455M) 217.365ms
[2019-10-23T16:22:58.147+0300][203.938s][info][gc] GC(841) Pause Young (Allocation Failure) 193M->193M(455M) 201.938ms
[2019-10-23T16:22:58.285+0300][204.075s][info][gc] GC(842) Pause Young (Allocation Failure) 250M->250M(455M) 128.743ms
[2019-10-23T16:22:58.596+0300][204.387s][info][gc] GC(843) Pause Young (Allocation Failure) 308M->308M(455M) 293.219ms
[2019-10-23T16:22:58.676+0300][204.467s][info][gc] GC(844) Pause Full (Ergonomics) 308M->40M(455M) 79.428ms
[2019-10-23T16:22:58.919+0300][204.710s][info][gc] GC(845) Pause Young (Allocation Failure) 98M->98M(455M) 234.017ms
[2019-10-23T16:22:59.346+0300][205.137s][info][gc] GC(846) Pause Young (Allocation Failure) 155M->155M(455M) 408.038ms
[2019-10-23T16:22:59.461+0300][205.252s][info][gc] GC(847) Pause Young (Allocation Failure) 213M->213M(455M) 106.450ms
[2019-10-23T16:22:59.944+0300][205.735s][info][gc] GC(848) Pause Young (Allocation Failure) 269M->269M(455M) 463.752ms
[2019-10-23T16:23:00.175+0300][205.966s][info][gc] GC(849) Pause Young (Allocation Failure) 327M->327M(455M) 222.835ms
[2019-10-23T16:23:00.317+0300][206.107s][info][gc] GC(850) Pause Full (Ergonomics) 327M->59M(455M) 141.527ms
[2019-10-23T16:23:00.592+0300][206.383s][info][gc] GC(851) Pause Young (Allocation Failure) 116M->117M(455M) 267.030ms
[2019-10-23T16:23:00.911+0300][206.702s][info][gc] GC(852) Pause Young (Allocation Failure) 174M->174M(455M) 300.125ms
[2019-10-23T16:23:01.040+0300][206.831s][info][gc] GC(853) Pause Young (Allocation Failure) 232M->232M(455M) 119.951ms
[2019-10-23T16:23:01.468+0300][207.259s][info][gc] GC(854) Pause Young (Allocation Failure) 289M->290M(455M) 409.086ms
[2019-10-23T16:23:01.591+0300][207.382s][info][gc] GC(855) Pause Young (Allocation Failure) 347M->347M(455M) 112.694ms
[2019-10-23T16:23:01.790+0300][207.581s][info][gc] GC(856) Pause Full (Ergonomics) 347M->79M(455M) 198.521ms
[2019-10-23T16:23:02.058+0300][207.849s][info][gc] GC(857) Pause Young (Allocation Failure) 135M->135M(455M) 249.596ms
[2019-10-23T16:23:02.260+0300][208.051s][info][gc] GC(858) Pause Young (Allocation Failure) 193M->193M(455M) 194.522ms
[2019-10-23T16:23:02.399+0300][208.190s][info][gc] GC(859) Pause Young (Allocation Failure) 250M->250M(455M) 127.794ms
[2019-10-23T16:23:02.723+0300][208.515s][info][gc] GC(860) Pause Young (Allocation Failure) 308M->308M(455M) 305.413ms
[2019-10-23T16:23:02.803+0300][208.594s][info][gc] GC(861) Pause Full (Ergonomics) 308M->40M(455M) 79.659ms
[2019-10-23T16:23:03.060+0300][208.852s][info][gc] GC(862) Pause Young (Allocation Failure) 98M->98M(455M) 248.503ms
[2019-10-23T16:23:03.494+0300][209.285s][info][gc] GC(863) Pause Young (Allocation Failure) 155M->156M(455M) 415.424ms
[2019-10-23T16:23:03.616+0300][209.407s][info][gc] GC(864) Pause Young (Allocation Failure) 213M->213M(455M) 112.756ms
[2019-10-23T16:23:04.122+0300][209.913s][info][gc] GC(865) Pause Young (Allocation Failure) 269M->270M(455M) 486.185ms
[2019-10-23T16:23:04.312+0300][210.103s][info][gc] GC(866) Pause Young (Allocation Failure) 327M->327M(455M) 181.894ms
[2019-10-23T16:23:04.449+0300][210.240s][info][gc] GC(867) Pause Full (Ergonomics) 327M->59M(455M) 136.438ms
[2019-10-23T16:23:04.705+0300][210.496s][info][gc] GC(868) Pause Young (Allocation Failure) 116M->117M(455M) 248.081ms
[2019-10-23T16:23:05.015+0300][210.806s][info][gc] GC(869) Pause Young (Allocation Failure) 174M->174M(455M) 290.189ms
[2019-10-23T16:23:05.141+0300][210.932s][info][gc] GC(870) Pause Young (Allocation Failure) 232M->232M(455M) 117.025ms
[2019-10-23T16:23:05.578+0300][211.369s][info][gc] GC(871) Pause Young (Allocation Failure) 289M->290M(455M) 416.946ms
[2019-10-23T16:23:05.693+0300][211.484s][info][gc] GC(872) Pause Young (Allocation Failure) 347M->347M(455M) 104.183ms
[2019-10-23T16:23:05.904+0300][211.695s][info][gc] GC(873) Pause Full (Ergonomics) 347M->79M(455M) 211.305ms
[2019-10-23T16:23:06.169+0300][211.960s][info][gc] GC(874) Pause Young (Allocation Failure) 135M->135M(455M) 246.538ms
[2019-10-23T16:23:06.381+0300][212.172s][info][gc] GC(875) Pause Young (Allocation Failure) 193M->193M(455M) 202.754ms
[2019-10-23T16:23:06.518+0300][212.309s][info][gc] GC(876) Pause Young (Allocation Failure) 250M->250M(455M) 128.087ms
[2019-10-23T16:23:06.846+0300][212.637s][info][gc] GC(877) Pause Young (Allocation Failure) 308M->308M(455M) 308.372ms
[2019-10-23T16:23:06.933+0300][212.724s][info][gc] GC(878) Pause Full (Ergonomics) 308M->40M(455M) 87.228ms
[2019-10-23T16:23:07.216+0300][213.007s][info][gc] GC(879) Pause Young (Allocation Failure) 98M->98M(455M) 272.583ms
[2019-10-23T16:23:07.604+0300][213.395s][info][gc] GC(880) Pause Young (Allocation Failure) 155M->156M(455M) 368.086ms
[2019-10-23T16:23:07.722+0300][213.513s][info][gc] GC(881) Pause Young (Allocation Failure) 213M->213M(455M) 108.740ms
[2019-10-23T16:23:08.210+0300][214.000s][info][gc] GC(882) Pause Young (Allocation Failure) 269M->269M(455M) 465.029ms
[2019-10-23T16:23:08.415+0300][214.205s][info][gc] GC(883) Pause Young (Allocation Failure) 327M->327M(455M) 197.136ms
[2019-10-23T16:23:08.561+0300][214.352s][info][gc] GC(884) Pause Full (Ergonomics) 327M->59M(455M) 146.632ms
[2019-10-23T16:23:08.810+0300][214.601s][info][gc] GC(885) Pause Young (Allocation Failure) 116M->117M(455M) 239.579ms
[2019-10-23T16:23:09.139+0300][214.930s][info][gc] GC(886) Pause Young (Allocation Failure) 174M->174M(455M) 310.681ms
[2019-10-23T16:23:09.263+0300][215.055s][info][gc] GC(887) Pause Young (Allocation Failure) 232M->232M(455M) 115.387ms
[2019-10-23T16:23:09.690+0300][215.482s][info][gc] GC(888) Pause Young (Allocation Failure) 289M->290M(455M) 408.244ms
[2019-10-23T16:23:09.808+0300][215.599s][info][gc] GC(889) Pause Young (Allocation Failure) 347M->347M(455M) 107.920ms
[2019-10-23T16:23:10.021+0300][215.813s][info][gc] GC(890) Pause Full (Ergonomics) 347M->79M(455M) 213.452ms
[2019-10-23T16:23:10.260+0300][216.052s][info][gc] GC(891) Pause Young (Allocation Failure) 135M->135M(455M) 220.612ms
[2019-10-23T16:23:10.472+0300][216.263s][info][gc] GC(892) Pause Young (Allocation Failure) 193M->193M(455M) 202.517ms
[2019-10-23T16:23:10.612+0300][216.403s][info][gc] GC(893) Pause Young (Allocation Failure) 250M->250M(455M) 129.040ms
[2019-10-23T16:23:10.934+0300][216.726s][info][gc] GC(894) Pause Young (Allocation Failure) 308M->308M(455M) 303.017ms
[2019-10-23T16:23:11.024+0300][216.816s][info][gc] GC(895) Pause Full (Ergonomics) 308M->40M(455M) 89.714ms
[2019-10-23T16:23:11.285+0300][217.077s][info][gc] GC(896) Pause Young (Allocation Failure) 98M->98M(455M) 251.827ms
[2019-10-23T16:23:11.711+0300][217.503s][info][gc] GC(897) Pause Young (Allocation Failure) 155M->156M(455M) 407.312ms
[2019-10-23T16:23:11.833+0300][217.624s][info][gc] GC(898) Pause Young (Allocation Failure) 213M->213M(455M) 112.750ms
[2019-10-23T16:23:12.322+0300][218.113s][info][gc] GC(899) Pause Young (Allocation Failure) 269M->269M(455M) 467.455ms
[2019-10-23T16:23:12.476+0300][218.267s][info][gc] GC(900) Pause Young (Allocation Failure) 327M->327M(455M) 146.340ms
[2019-10-23T16:23:12.614+0300][218.405s][info][gc] GC(901) Pause Full (Ergonomics) 327M->59M(455M) 137.790ms
[2019-10-23T16:23:12.872+0300][218.663s][info][gc] GC(902) Pause Young (Allocation Failure) 116M->117M(455M) 247.658ms
[2019-10-23T16:23:13.205+0300][218.995s][info][gc] GC(903) Pause Young (Allocation Failure) 174M->174M(455M) 314.266ms
[2019-10-23T16:23:13.330+0300][219.120s][info][gc] GC(904) Pause Young (Allocation Failure) 232M->232M(455M) 116.523ms
[2019-10-23T16:23:13.782+0300][219.572s][info][gc] GC(905) Pause Young (Allocation Failure) 289M->290M(455M) 431.869ms
[2019-10-23T16:23:13.903+0300][219.694s][info][gc] GC(906) Pause Young (Allocation Failure) 347M->347M(455M) 111.927ms
[2019-10-23T16:23:14.120+0300][219.911s][info][gc] GC(907) Pause Full (Ergonomics) 347M->79M(455M) 217.037ms
[2019-10-23T16:23:14.368+0300][220.159s][info][gc] GC(908) Pause Young (Allocation Failure) 135M->135M(455M) 228.495ms
[2019-10-23T16:23:14.571+0300][220.362s][info][gc] GC(909) Pause Young (Allocation Failure) 193M->193M(455M) 194.341ms
[2019-10-23T16:23:14.708+0300][220.499s][info][gc] GC(910) Pause Young (Allocation Failure) 250M->250M(455M) 127.689ms
[2019-10-23T16:23:15.024+0300][220.814s][info][gc] GC(911) Pause Young (Allocation Failure) 308M->308M(455M) 295.614ms
[2019-10-23T16:23:15.111+0300][220.902s][info][gc] GC(912) Pause Full (Ergonomics) 308M->40M(455M) 87.192ms
[2019-10-23T16:23:15.370+0300][221.161s][info][gc] GC(913) Pause Young (Allocation Failure) 98M->98M(455M) 250.493ms
[2019-10-23T16:23:15.813+0300][221.603s][info][gc] GC(914) Pause Young (Allocation Failure) 155M->156M(455M) 422.095ms
[2019-10-23T16:23:15.943+0300][221.734s][info][gc] GC(915) Pause Young (Allocation Failure) 213M->213M(455M) 114.391ms
[2019-10-23T16:23:16.449+0300][222.240s][info][gc] GC(916) Pause Young (Allocation Failure) 269M->269M(455M) 484.687ms
[2019-10-23T16:23:16.647+0300][222.438s][info][gc] GC(917) Pause Young (Allocation Failure) 327M->327M(455M) 189.856ms
[2019-10-23T16:23:16.801+0300][222.591s][info][gc] GC(918) Pause Full (Ergonomics) 327M->59M(455M) 153.553ms
[2019-10-23T16:23:17.061+0300][222.852s][info][gc] GC(919) Pause Young (Allocation Failure) 116M->117M(455M) 251.867ms
[2019-10-23T16:23:17.360+0300][223.151s][info][gc] GC(920) Pause Young (Allocation Failure) 174M->174M(455M) 279.708ms
[2019-10-23T16:23:17.493+0300][223.284s][info][gc] GC(921) Pause Young (Allocation Failure) 232M->232M(455M) 122.051ms
[2019-10-23T16:23:17.922+0300][223.714s][info][gc] GC(922) Pause Young (Allocation Failure) 289M->290M(455M) 409.579ms
[2019-10-23T16:23:18.042+0300][223.833s][info][gc] GC(923) Pause Young (Allocation Failure) 347M->347M(455M) 110.622ms
[2019-10-23T16:23:18.262+0300][224.053s][info][gc] GC(924) Pause Full (Ergonomics) 347M->79M(455M) 219.763ms
[2019-10-23T16:23:18.522+0300][224.313s][info][gc] GC(925) Pause Young (Allocation Failure) 135M->135M(455M) 241.432ms
[2019-10-23T16:23:18.741+0300][224.532s][info][gc] GC(926) Pause Young (Allocation Failure) 193M->193M(455M) 209.767ms
[2019-10-23T16:23:18.883+0300][224.674s][info][gc] GC(927) Pause Young (Allocation Failure) 250M->250M(455M) 132.485ms
[2019-10-23T16:23:19.192+0300][224.983s][info][gc] GC(928) Pause Young (Allocation Failure) 308M->308M(455M) 289.736ms
[2019-10-23T16:23:19.277+0300][225.068s][info][gc] GC(929) Pause Full (Ergonomics) 308M->40M(455M) 84.869ms
[2019-10-23T16:23:19.547+0300][225.337s][info][gc] GC(930) Pause Young (Allocation Failure) 98M->98M(455M) 259.011ms
[2019-10-23T16:23:19.950+0300][225.741s][info][gc] GC(931) Pause Young (Allocation Failure) 155M->156M(455M) 384.913ms
[2019-10-23T16:23:20.068+0300][225.859s][info][gc] GC(932) Pause Young (Allocation Failure) 213M->213M(455M) 109.192ms
[2019-10-23T16:23:20.568+0300][226.359s][info][gc] GC(933) Pause Young (Allocation Failure) 269M->269M(455M) 480.370ms
[2019-10-23T16:23:20.739+0300][226.530s][info][gc] GC(934) Pause Young (Allocation Failure) 327M->327M(455M) 162.460ms
[2019-10-23T16:23:20.888+0300][226.680s][info][gc] GC(935) Pause Full (Ergonomics) 327M->59M(455M) 149.630ms
[2019-10-23T16:23:21.164+0300][226.955s][info][gc] GC(936) Pause Young (Allocation Failure) 116M->117M(455M) 266.858ms
[2019-10-23T16:23:21.483+0300][227.274s][info][gc] GC(937) Pause Young (Allocation Failure) 174M->174M(455M) 298.255ms
[2019-10-23T16:23:21.610+0300][227.401s][info][gc] GC(938) Pause Young (Allocation Failure) 232M->232M(455M) 117.524ms
[2019-10-23T16:23:22.028+0300][227.819s][info][gc] GC(939) Pause Young (Allocation Failure) 289M->290M(455M) 398.303ms
[2019-10-23T16:23:22.147+0300][227.938s][info][gc] GC(940) Pause Young (Allocation Failure) 347M->347M(455M) 110.357ms
[2019-10-23T16:23:22.351+0300][228.142s][info][gc] GC(941) Pause Full (Ergonomics) 347M->79M(455M) 203.615ms
[2019-10-23T16:23:22.618+0300][228.409s][info][gc] GC(942) Pause Young (Allocation Failure) 135M->135M(455M) 248.271ms
[2019-10-23T16:23:22.813+0300][228.603s][info][gc] GC(943) Pause Young (Allocation Failure) 193M->193M(455M) 184.979ms
[2019-10-23T16:23:22.954+0300][228.744s][info][gc] GC(944) Pause Young (Allocation Failure) 250M->250M(455M) 129.979ms
[2019-10-23T16:23:23.283+0300][229.074s][info][gc] GC(945) Pause Young (Allocation Failure) 308M->308M(455M) 311.094ms
[2019-10-23T16:23:23.366+0300][229.157s][info][gc] GC(946) Pause Full (Ergonomics) 308M->40M(455M) 82.764ms
[2019-10-23T16:23:23.623+0300][229.413s][info][gc] GC(947) Pause Young (Allocation Failure) 98M->98M(455M) 246.420ms
[2019-10-23T16:23:24.040+0300][229.831s][info][gc] GC(948) Pause Young (Allocation Failure) 155M->156M(455M) 399.012ms
[2019-10-23T16:23:24.165+0300][229.956s][info][gc] GC(949) Pause Young (Allocation Failure) 213M->213M(455M) 115.742ms
[2019-10-23T16:23:24.684+0300][230.475s][info][gc] GC(950) Pause Young (Allocation Failure) 269M->269M(455M) 498.201ms
[2019-10-23T16:23:24.884+0300][230.675s][info][gc] GC(951) Pause Young (Allocation Failure) 327M->327M(455M) 192.406ms
[2019-10-23T16:23:25.037+0300][230.828s][info][gc] GC(952) Pause Full (Ergonomics) 327M->59M(455M) 152.637ms
[2019-10-23T16:23:25.290+0300][231.081s][info][gc] GC(953) Pause Young (Allocation Failure) 116M->117M(455M) 244.380ms
[2019-10-23T16:23:25.596+0300][231.387s][info][gc] GC(954) Pause Young (Allocation Failure) 174M->174M(455M) 287.959ms
[2019-10-23T16:23:25.726+0300][231.516s][info][gc] GC(955) Pause Young (Allocation Failure) 232M->232M(455M) 120.228ms
[2019-10-23T16:23:26.147+0300][231.938s][info][gc] GC(956) Pause Young (Allocation Failure) 289M->290M(455M) 401.869ms
[2019-10-23T16:23:26.269+0300][232.060s][info][gc] GC(957) Pause Young (Allocation Failure) 347M->347M(455M) 112.723ms
[2019-10-23T16:23:26.463+0300][232.254s][info][gc] GC(958) Pause Full (Ergonomics) 347M->79M(455M) 194.165ms
[2019-10-23T16:23:26.723+0300][232.514s][info][gc] GC(959) Pause Young (Allocation Failure) 135M->135M(455M) 242.101ms
[2019-10-23T16:23:26.916+0300][232.707s][info][gc] GC(960) Pause Young (Allocation Failure) 193M->193M(455M) 185.144ms
[2019-10-23T16:23:27.054+0300][232.845s][info][gc] GC(961) Pause Young (Allocation Failure) 250M->250M(455M) 129.006ms
[2019-10-23T16:23:27.365+0300][233.156s][info][gc] GC(962) Pause Young (Allocation Failure) 308M->308M(455M) 292.950ms
[2019-10-23T16:23:27.437+0300][233.228s][info][gc] GC(963) Pause Full (Ergonomics) 308M->40M(455M) 71.626ms
[2019-10-23T16:23:27.697+0300][233.488s][info][gc] GC(964) Pause Young (Allocation Failure) 98M->98M(455M) 249.782ms
[2019-10-23T16:23:28.142+0300][233.933s][info][gc] GC(965) Pause Young (Allocation Failure) 155M->156M(455M) 425.951ms
[2019-10-23T16:23:28.265+0300][234.056s][info][gc] GC(966) Pause Young (Allocation Failure) 213M->213M(455M) 113.014ms
[2019-10-23T16:23:28.778+0300][234.569s][info][gc] GC(967) Pause Young (Allocation Failure) 269M->269M(455M) 492.225ms
[2019-10-23T16:23:28.976+0300][234.766s][info][gc] GC(968) Pause Young (Allocation Failure) 327M->327M(455M) 189.578ms
[2019-10-23T16:23:29.122+0300][234.913s][info][gc] GC(969) Pause Full (Ergonomics) 327M->59M(455M) 146.609ms
[2019-10-23T16:23:29.362+0300][235.153s][info][gc] GC(970) Pause Young (Allocation Failure) 116M->117M(455M) 231.323ms
[2019-10-23T16:23:29.683+0300][235.474s][info][gc] GC(971) Pause Young (Allocation Failure) 174M->174M(455M) 302.349ms
[2019-10-23T16:23:29.809+0300][235.600s][info][gc] GC(972) Pause Young (Allocation Failure) 232M->232M(455M) 116.823ms
[2019-10-23T16:23:30.222+0300][236.012s][info][gc] GC(973) Pause Young (Allocation Failure) 289M->290M(455M) 392.999ms
[2019-10-23T16:23:30.347+0300][236.138s][info][gc] GC(974) Pause Young (Allocation Failure) 347M->347M(455M) 116.538ms
[2019-10-23T16:23:30.531+0300][236.321s][info][gc] GC(975) Pause Full (Ergonomics) 347M->79M(455M) 183.121ms
[2019-10-23T16:23:30.810+0300][236.601s][info][gc] GC(976) Pause Young (Allocation Failure) 135M->135M(455M) 260.510ms
[2019-10-23T16:23:30.995+0300][236.786s][info][gc] GC(977) Pause Young (Allocation Failure) 193M->193M(455M) 175.587ms
[2019-10-23T16:23:31.132+0300][236.923s][info][gc] GC(978) Pause Young (Allocation Failure) 250M->250M(455M) 128.560ms
[2019-10-23T16:23:31.425+0300][237.216s][info][gc] GC(979) Pause Young (Allocation Failure) 308M->308M(455M) 273.180ms
[2019-10-23T16:23:31.510+0300][237.301s][info][gc] GC(980) Pause Full (Ergonomics) 308M->40M(455M) 84.241ms
[2019-10-23T16:23:31.790+0300][237.581s][info][gc] GC(981) Pause Young (Allocation Failure) 98M->98M(455M) 269.854ms
[2019-10-23T16:23:32.232+0300][238.023s][info][gc] GC(982) Pause Young (Allocation Failure) 155M->156M(455M) 422.678ms
[2019-10-23T16:23:32.346+0300][238.137s][info][gc] GC(983) Pause Young (Allocation Failure) 213M->213M(455M) 103.725ms
[2019-10-23T16:23:32.863+0300][238.653s][info][gc] GC(984) Pause Young (Allocation Failure) 269M->269M(455M) 495.199ms
[2019-10-23T16:23:33.062+0300][238.853s][info][gc] GC(985) Pause Young (Allocation Failure) 327M->327M(455M) 191.759ms
[2019-10-23T16:23:33.211+0300][239.002s][info][gc] GC(986) Pause Full (Ergonomics) 327M->59M(455M) 149.224ms
[2019-10-23T16:23:33.482+0300][239.273s][info][gc] GC(987) Pause Young (Allocation Failure) 116M->117M(455M) 261.533ms
[2019-10-23T16:23:33.790+0300][239.581s][info][gc] GC(988) Pause Young (Allocation Failure) 174M->174M(455M) 289.583ms
[2019-10-23T16:23:33.918+0300][239.709s][info][gc] GC(989) Pause Young (Allocation Failure) 232M->232M(455M) 119.039ms
[2019-10-23T16:23:34.346+0300][240.137s][info][gc] GC(990) Pause Young (Allocation Failure) 289M->290M(455M) 408.150ms
[2019-10-23T16:23:34.464+0300][240.255s][info][gc] GC(991) Pause Young (Allocation Failure) 347M->347M(455M) 108.872ms
[2019-10-23T16:23:34.687+0300][240.478s][info][gc] GC(992) Pause Full (Ergonomics) 347M->79M(455M) 223.107ms
[2019-10-23T16:23:34.901+0300][240.692s][info][gc] GC(993) Pause Young (Allocation Failure) 135M->135M(455M) 196.209ms
[2019-10-23T16:23:35.100+0300][240.891s][info][gc] GC(994) Pause Young (Allocation Failure) 193M->193M(455M) 190.142ms
[2019-10-23T16:23:35.235+0300][241.026s][info][gc] GC(995) Pause Young (Allocation Failure) 250M->250M(455M) 126.082ms
[2019-10-23T16:23:35.565+0300][241.356s][info][gc] GC(996) Pause Young (Allocation Failure) 308M->308M(455M) 309.765ms
[2019-10-23T16:23:35.653+0300][241.443s][info][gc] GC(997) Pause Full (Ergonomics) 308M->40M(455M) 87.625ms
[2019-10-23T16:23:35.926+0300][241.717s][info][gc] GC(998) Pause Young (Allocation Failure) 98M->98M(455M) 263.609ms
[2019-10-23T16:23:36.328+0300][242.119s][info][gc] GC(999) Pause Young (Allocation Failure) 155M->156M(455M) 382.067ms
[2019-10-23T16:23:36.451+0300][242.242s][info][gc] GC(1000) Pause Young (Allocation Failure) 213M->213M(455M) 113.553ms
[2019-10-23T16:23:36.956+0300][242.747s][info][gc] GC(1001) Pause Young (Allocation Failure) 269M->269M(455M) 484.436ms
[2019-10-23T16:23:37.140+0300][242.931s][info][gc] GC(1002) Pause Young (Allocation Failure) 327M->327M(455M) 176.076ms
[2019-10-23T16:23:37.278+0300][243.069s][info][gc] GC(1003) Pause Full (Ergonomics) 327M->59M(455M) 137.773ms
[2019-10-23T16:23:37.533+0300][243.324s][info][gc] GC(1004) Pause Young (Allocation Failure) 116M->117M(455M) 246.533ms
[2019-10-23T16:23:37.863+0300][243.653s][info][gc] GC(1005) Pause Young (Allocation Failure) 174M->174M(455M) 310.646ms
[2019-10-23T16:23:37.989+0300][243.779s][info][gc] GC(1006) Pause Young (Allocation Failure) 232M->232M(455M) 116.293ms
[2019-10-23T16:23:38.410+0300][244.201s][info][gc] GC(1007) Pause Young (Allocation Failure) 289M->290M(455M) 401.421ms
[2019-10-23T16:23:38.532+0300][244.323s][info][gc] GC(1008) Pause Young (Allocation Failure) 347M->347M(455M) 113.928ms
[2019-10-23T16:23:38.756+0300][244.547s][info][gc] GC(1009) Pause Full (Ergonomics) 347M->79M(455M) 223.805ms
[2019-10-23T16:23:39.039+0300][244.830s][info][gc] GC(1010) Pause Young (Allocation Failure) 135M->135M(455M) 263.254ms
[2019-10-23T16:23:39.250+0300][245.040s][info][gc] GC(1011) Pause Young (Allocation Failure) 193M->193M(455M) 201.350ms
[2019-10-23T16:23:39.385+0300][245.176s][info][gc] GC(1012) Pause Young (Allocation Failure) 250M->250M(455M) 126.912ms
[2019-10-23T16:23:39.714+0300][245.504s][info][gc] GC(1013) Pause Young (Allocation Failure) 308M->308M(455M) 310.096ms
[2019-10-23T16:23:39.791+0300][245.582s][info][gc] GC(1014) Pause Full (Ergonomics) 308M->40M(455M) 77.020ms
[2019-10-23T16:23:40.053+0300][245.844s][info][gc] GC(1015) Pause Young (Allocation Failure) 98M->98M(455M) 251.728ms
[2019-10-23T16:23:40.497+0300][246.289s][info][gc] GC(1016) Pause Young (Allocation Failure) 155M->156M(455M) 427.104ms
[2019-10-23T16:23:40.619+0300][246.410s][info][gc] GC(1017) Pause Young (Allocation Failure) 213M->213M(455M) 112.485ms
[2019-10-23T16:23:41.128+0300][246.919s][info][gc] GC(1018) Pause Young (Allocation Failure) 269M->269M(455M) 490.110ms
[2019-10-23T16:23:41.341+0300][247.132s][info][gc] GC(1019) Pause Young (Allocation Failure) 327M->327M(455M) 204.498ms
[2019-10-23T16:23:41.482+0300][247.273s][info][gc] GC(1020) Pause Full (Ergonomics) 327M->59M(455M) 140.763ms
[2019-10-23T16:23:41.747+0300][247.538s][info][gc] GC(1021) Pause Young (Allocation Failure) 116M->117M(455M) 255.672ms
[2019-10-23T16:23:42.043+0300][247.834s][info][gc] GC(1022) Pause Young (Allocation Failure) 174M->174M(455M) 277.822ms
[2019-10-23T16:23:42.171+0300][247.962s][info][gc] GC(1023) Pause Young (Allocation Failure) 232M->232M(455M) 117.061ms
[2019-10-23T16:23:42.582+0300][248.373s][info][gc] GC(1024) Pause Young (Allocation Failure) 289M->290M(455M) 392.209ms
[2019-10-23T16:23:42.705+0300][248.495s][info][gc] GC(1025) Pause Young (Allocation Failure) 347M->347M(455M) 113.609ms
[2019-10-23T16:23:42.921+0300][248.712s][info][gc] GC(1026) Pause Full (Ergonomics) 347M->79M(455M) 216.364ms
[2019-10-23T16:23:43.181+0300][248.973s][info][gc] GC(1027) Pause Young (Allocation Failure) 135M->135M(455M) 242.091ms
[2019-10-23T16:23:43.380+0300][249.171s][info][gc] GC(1028) Pause Young (Allocation Failure) 193M->193M(455M) 190.732ms
[2019-10-23T16:23:43.517+0300][249.308s][info][gc] GC(1029) Pause Young (Allocation Failure) 250M->250M(455M) 127.906ms
[2019-10-23T16:23:43.829+0300][249.621s][info][gc] GC(1030) Pause Young (Allocation Failure) 308M->308M(455M) 294.781ms
[2019-10-23T16:23:43.908+0300][249.700s][info][gc] GC(1031) Pause Full (Ergonomics) 308M->40M(455M) 78.784ms
[2019-10-23T16:23:44.156+0300][249.947s][info][gc] GC(1032) Pause Young (Allocation Failure) 98M->98M(455M) 239.091ms
[2019-10-23T16:23:44.558+0300][250.349s][info][gc] GC(1033) Pause Young (Allocation Failure) 155M->156M(455M) 382.297ms
[2019-10-23T16:23:44.669+0300][250.459s][info][gc] GC(1034) Pause Young (Allocation Failure) 213M->213M(455M) 102.331ms
[2019-10-23T16:23:45.206+0300][250.997s][info][gc] GC(1035) Pause Young (Allocation Failure) 269M->269M(455M) 515.092ms
[2019-10-23T16:23:45.404+0300][251.195s][info][gc] GC(1036) Pause Young (Allocation Failure) 327M->327M(455M) 190.326ms
[2019-10-23T16:23:45.562+0300][251.353s][info][gc] GC(1037) Pause Full (Ergonomics) 327M->59M(455M) 158.301ms
[2019-10-23T16:23:45.831+0300][251.622s][info][gc] GC(1038) Pause Young (Allocation Failure) 116M->117M(455M) 259.838ms
[2019-10-23T16:23:46.150+0300][251.941s][info][gc] GC(1039) Pause Young (Allocation Failure) 174M->174M(455M) 299.228ms
[2019-10-23T16:23:46.277+0300][252.068s][info][gc] GC(1040) Pause Young (Allocation Failure) 232M->232M(455M) 118.133ms
[2019-10-23T16:23:46.706+0300][252.497s][info][gc] GC(1041) Pause Young (Allocation Failure) 289M->290M(455M) 410.381ms
[2019-10-23T16:23:46.827+0300][252.618s][info][gc] GC(1042) Pause Young (Allocation Failure) 347M->347M(455M) 112.312ms
[2019-10-23T16:23:47.031+0300][252.821s][info][gc] GC(1043) Pause Full (Ergonomics) 347M->79M(455M) 203.498ms
[2019-10-23T16:23:47.279+0300][253.070s][info][gc] GC(1044) Pause Young (Allocation Failure) 135M->135M(455M) 229.979ms
[2019-10-23T16:23:47.503+0300][253.294s][info][gc] GC(1045) Pause Young (Allocation Failure) 193M->193M(455M) 215.808ms
[2019-10-23T16:23:47.642+0300][253.433s][info][gc] GC(1046) Pause Young (Allocation Failure) 250M->250M(455M) 128.374ms
[2019-10-23T16:23:47.976+0300][253.767s][info][gc] GC(1047) Pause Young (Allocation Failure) 308M->308M(455M) 316.515ms
[2019-10-23T16:23:48.062+0300][253.853s][info][gc] GC(1048) Pause Full (Ergonomics) 308M->40M(455M) 85.686ms
[2019-10-23T16:23:48.274+0300][254.064s][info][gc] GC(1049) Pause Young (Allocation Failure) 98M->98M(455M) 201.352ms
[2019-10-23T16:23:48.700+0300][254.491s][info][gc] GC(1050) Pause Young (Allocation Failure) 155M->156M(455M) 406.955ms
[2019-10-23T16:23:48.813+0300][254.604s][info][gc] GC(1051) Pause Young (Allocation Failure) 213M->213M(455M) 104.234ms
[2019-10-23T16:23:49.337+0300][255.127s][info][gc] GC(1052) Pause Young (Allocation Failure) 269M->269M(455M) 501.849ms
[2019-10-23T16:23:49.519+0300][255.310s][info][gc] GC(1053) Pause Young (Allocation Failure) 327M->327M(455M) 174.037ms
[2019-10-23T16:23:49.670+0300][255.460s][info][gc] GC(1054) Pause Full (Ergonomics) 327M->59M(455M) 150.234ms
[2019-10-23T16:23:49.935+0300][255.726s][info][gc] GC(1055) Pause Young (Allocation Failure) 116M->117M(455M) 256.740ms
[2019-10-23T16:23:50.268+0300][256.059s][info][gc] GC(1056) Pause Young (Allocation Failure) 174M->174M(455M) 314.464ms
[2019-10-23T16:23:50.394+0300][256.185s][info][gc] GC(1057) Pause Young (Allocation Failure) 232M->232M(455M) 116.553ms
[2019-10-23T16:23:50.795+0300][256.585s][info][gc] GC(1058) Pause Young (Allocation Failure) 289M->290M(455M) 380.652ms
[2019-10-23T16:23:50.902+0300][256.693s][info][gc] GC(1059) Pause Young (Allocation Failure) 347M->347M(455M) 98.311ms
[2019-10-23T16:23:51.124+0300][256.915s][info][gc] GC(1060) Pause Full (Ergonomics) 347M->79M(455M) 222.058ms
[2019-10-23T16:23:51.398+0300][257.190s][info][gc] GC(1061) Pause Young (Allocation Failure) 135M->135M(455M) 256.463ms
[2019-10-23T16:23:51.555+0300][257.346s][info][gc] GC(1062) Pause Young (Allocation Failure) 193M->193M(455M) 148.770ms
[2019-10-23T16:23:51.693+0300][257.484s][info][gc] GC(1063) Pause Young (Allocation Failure) 250M->250M(455M) 127.276ms
[2019-10-23T16:23:51.981+0300][257.773s][info][gc] GC(1064) Pause Young (Allocation Failure) 308M->308M(455M) 269.245ms
[2019-10-23T16:23:52.067+0300][257.859s][info][gc] GC(1065) Pause Full (Ergonomics) 308M->40M(455M) 86.007ms
[2019-10-23T16:23:52.332+0300][258.123s][info][gc] GC(1066) Pause Young (Allocation Failure) 98M->98M(455M) 253.936ms
[2019-10-23T16:23:52.755+0300][258.546s][info][gc] GC(1067) Pause Young (Allocation Failure) 155M->156M(455M) 402.953ms
[2019-10-23T16:23:52.866+0300][258.658s][info][gc] GC(1068) Pause Young (Allocation Failure) 213M->213M(455M) 102.887ms
[2019-10-23T16:23:53.329+0300][259.120s][info][gc] GC(1069) Pause Young (Allocation Failure) 269M->269M(455M) 441.173ms
[2019-10-23T16:23:53.498+0300][259.289s][info][gc] GC(1070) Pause Young (Allocation Failure) 327M->327M(455M) 161.164ms
[2019-10-23T16:23:53.650+0300][259.441s][info][gc] GC(1071) Pause Full (Ergonomics) 327M->59M(455M) 151.302ms
[2019-10-23T16:23:53.896+0300][259.687s][info][gc] GC(1072) Pause Young (Allocation Failure) 116M->117M(455M) 237.409ms
[2019-10-23T16:23:54.207+0300][259.997s][info][gc] GC(1073) Pause Young (Allocation Failure) 174M->174M(455M) 291.829ms
[2019-10-23T16:23:54.331+0300][260.122s][info][gc] GC(1074) Pause Young (Allocation Failure) 232M->232M(455M) 115.580ms
[2019-10-23T16:23:54.776+0300][260.567s][info][gc] GC(1075) Pause Young (Allocation Failure) 289M->290M(455M) 425.866ms
[2019-10-23T16:23:54.899+0300][260.690s][info][gc] GC(1076) Pause Young (Allocation Failure) 347M->347M(455M) 115.097ms
[2019-10-23T16:23:55.123+0300][260.914s][info][gc] GC(1077) Pause Full (Ergonomics) 347M->79M(455M) 223.341ms
[2019-10-23T16:23:55.388+0300][261.179s][info][gc] GC(1078) Pause Young (Allocation Failure) 135M->135M(455M) 246.564ms
[2019-10-23T16:23:55.594+0300][261.385s][info][gc] GC(1079) Pause Young (Allocation Failure) 193M->193M(455M) 195.745ms
[2019-10-23T16:23:55.731+0300][261.522s][info][gc] GC(1080) Pause Young (Allocation Failure) 250M->250M(455M) 126.933ms
[2019-10-23T16:23:56.052+0300][261.843s][info][gc] GC(1081) Pause Young (Allocation Failure) 308M->308M(455M) 300.771ms
[2019-10-23T16:23:56.137+0300][261.928s][info][gc] GC(1082) Pause Full (Ergonomics) 308M->40M(455M) 84.947ms
[2019-10-23T16:23:56.355+0300][262.146s][info][gc] GC(1083) Pause Young (Allocation Failure) 98M->98M(455M) 208.393ms
[2019-10-23T16:23:56.791+0300][262.582s][info][gc] GC(1084) Pause Young (Allocation Failure) 155M->155M(455M) 416.661ms
[2019-10-23T16:23:56.911+0300][262.702s][info][gc] GC(1085) Pause Young (Allocation Failure) 213M->213M(455M) 110.972ms
[2019-10-23T16:23:57.414+0300][263.205s][info][gc] GC(1086) Pause Young (Allocation Failure) 269M->269M(455M) 482.431ms
[2019-10-23T16:23:57.627+0300][263.418s][info][gc] GC(1087) Pause Young (Allocation Failure) 327M->327M(455M) 204.995ms
[2019-10-23T16:23:57.757+0300][263.548s][info][gc] GC(1088) Pause Full (Ergonomics) 327M->59M(455M) 129.581ms
[2019-10-23T16:23:58.014+0300][263.805s][info][gc] GC(1089) Pause Young (Allocation Failure) 116M->117M(455M) 247.798ms
[2019-10-23T16:23:58.333+0300][264.124s][info][gc] GC(1090) Pause Young (Allocation Failure) 174M->174M(455M) 299.413ms
[2019-10-23T16:23:58.461+0300][264.251s][info][gc] GC(1091) Pause Young (Allocation Failure) 232M->232M(455M) 117.402ms
[2019-10-23T16:23:58.858+0300][264.649s][info][gc] GC(1092) Pause Young (Allocation Failure) 289M->290M(455M) 379.460ms
[2019-10-23T16:23:58.980+0300][264.771s][info][gc] GC(1093) Pause Young (Allocation Failure) 347M->347M(455M) 112.423ms
[2019-10-23T16:23:59.203+0300][264.993s][info][gc] GC(1094) Pause Full (Ergonomics) 347M->79M(455M) 222.360ms
[2019-10-23T16:23:59.457+0300][265.248s][info][gc] GC(1095) Pause Young (Allocation Failure) 135M->135M(455M) 235.566ms
[2019-10-23T16:23:59.650+0300][265.441s][info][gc] GC(1096) Pause Young (Allocation Failure) 193M->193M(455M) 184.348ms
[2019-10-23T16:23:59.786+0300][265.577s][info][gc] GC(1097) Pause Young (Allocation Failure) 250M->250M(455M) 127.160ms
[2019-10-23T16:24:00.067+0300][265.858s][info][gc] GC(1098) Pause Young (Allocation Failure) 308M->308M(455M) 262.181ms
[2019-10-23T16:24:00.153+0300][265.944s][info][gc] GC(1099) Pause Full (Ergonomics) 308M->40M(455M) 85.300ms
[2019-10-23T16:24:00.419+0300][266.210s][info][gc] GC(1100) Pause Young (Allocation Failure) 98M->98M(455M) 256.288ms
[2019-10-23T16:24:00.827+0300][266.618s][info][gc] GC(1101) Pause Young (Allocation Failure) 155M->156M(455M) 390.316ms
[2019-10-23T16:24:00.948+0300][266.739s][info][gc] GC(1102) Pause Young (Allocation Failure) 213M->213M(455M) 112.246ms
[2019-10-23T16:24:01.424+0300][267.215s][info][gc] GC(1103) Pause Young (Allocation Failure) 269M->269M(455M) 453.916ms
[2019-10-23T16:24:01.588+0300][267.379s][info][gc] GC(1104) Pause Young (Allocation Failure) 327M->327M(455M) 155.805ms
[2019-10-23T16:24:01.739+0300][267.530s][info][gc] GC(1105) Pause Full (Ergonomics) 327M->59M(455M) 150.321ms
[2019-10-23T16:24:01.998+0300][267.789s][info][gc] GC(1106) Pause Young (Allocation Failure) 116M->117M(455M) 250.383ms
[2019-10-23T16:24:02.302+0300][268.093s][info][gc] GC(1107) Pause Young (Allocation Failure) 174M->174M(455M) 285.019ms
[2019-10-23T16:24:02.428+0300][268.220s][info][gc] GC(1108) Pause Young (Allocation Failure) 232M->232M(455M) 117.852ms
[2019-10-23T16:24:02.866+0300][268.657s][info][gc] GC(1109) Pause Young (Allocation Failure) 289M->290M(455M) 417.722ms
[2019-10-23T16:24:02.984+0300][268.775s][info][gc] GC(1110) Pause Young (Allocation Failure) 347M->347M(455M) 109.701ms
[2019-10-23T16:24:03.200+0300][268.991s][info][gc] GC(1111) Pause Full (Ergonomics) 347M->79M(455M) 216.111ms
[2019-10-23T16:24:03.467+0300][269.258s][info][gc] GC(1112) Pause Young (Allocation Failure) 135M->135M(455M) 247.424ms
[2019-10-23T16:24:03.660+0300][269.451s][info][gc] GC(1113) Pause Young (Allocation Failure) 193M->193M(455M) 184.295ms
[2019-10-23T16:24:03.795+0300][269.586s][info][gc] GC(1114) Pause Young (Allocation Failure) 250M->250M(455M) 126.417ms
[2019-10-23T16:24:04.108+0300][269.898s][info][gc] GC(1115) Pause Young (Allocation Failure) 308M->308M(455M) 292.694ms
[2019-10-23T16:24:04.198+0300][269.988s][info][gc] GC(1116) Pause Full (Ergonomics) 308M->40M(455M) 89.890ms
[2019-10-23T16:24:04.484+0300][270.275s][info][gc] GC(1117) Pause Young (Allocation Failure) 98M->98M(455M) 276.841ms
[2019-10-23T16:24:04.873+0300][270.664s][info][gc] GC(1118) Pause Young (Allocation Failure) 156M->156M(455M) 369.072ms
[2019-10-23T16:24:04.990+0300][270.781s][info][gc] GC(1119) Pause Young (Allocation Failure) 213M->213M(455M) 108.300ms
[2019-10-23T16:24:05.471+0300][271.262s][info][gc] GC(1120) Pause Young (Allocation Failure) 269M->270M(455M) 461.277ms
[2019-10-23T16:24:05.673+0300][271.464s][info][gc] GC(1121) Pause Young (Allocation Failure) 327M->327M(455M) 193.758ms
[2019-10-23T16:24:05.830+0300][271.620s][info][gc] GC(1122) Pause Full (Ergonomics) 327M->59M(455M) 156.526ms
[2019-10-23T16:24:06.103+0300][271.894s][info][gc] GC(1123) Pause Young (Allocation Failure) 116M->117M(455M) 264.780ms
[2019-10-23T16:24:06.389+0300][272.179s][info][gc] GC(1124) Pause Young (Allocation Failure) 174M->174M(455M) 266.142ms
[2019-10-23T16:24:06.513+0300][272.305s][info][gc] GC(1125) Pause Young (Allocation Failure) 232M->232M(455M) 116.716ms
[2019-10-23T16:24:06.957+0300][272.747s][info][gc] GC(1126) Pause Young (Allocation Failure) 289M->290M(455M) 422.805ms
[2019-10-23T16:24:07.077+0300][272.868s][info][gc] GC(1127) Pause Young (Allocation Failure) 347M->347M(455M) 112.387ms
[2019-10-23T16:24:07.295+0300][273.086s][info][gc] GC(1128) Pause Full (Ergonomics) 347M->79M(455M) 217.903ms
[2019-10-23T16:24:07.563+0300][273.355s][info][gc] GC(1129) Pause Young (Allocation Failure) 135M->135M(455M) 249.749ms
[2019-10-23T16:24:07.763+0300][273.554s][info][gc] GC(1130) Pause Young (Allocation Failure) 193M->193M(455M) 190.004ms
[2019-10-23T16:24:07.898+0300][273.689s][info][gc] GC(1131) Pause Young (Allocation Failure) 250M->250M(455M) 125.861ms
[2019-10-23T16:24:08.207+0300][273.998s][info][gc] GC(1132) Pause Young (Allocation Failure) 308M->308M(455M) 289.970ms
[2019-10-23T16:24:08.296+0300][274.087s][info][gc] GC(1133) Pause Full (Ergonomics) 308M->40M(455M) 88.370ms
[2019-10-23T16:24:08.517+0300][274.307s][info][gc] GC(1134) Pause Young (Allocation Failure) 98M->98M(455M) 210.853ms
[2019-10-23T16:24:08.959+0300][274.749s][info][gc] GC(1135) Pause Young (Allocation Failure) 155M->156M(455M) 422.949ms
[2019-10-23T16:24:09.068+0300][274.859s][info][gc] GC(1136) Pause Young (Allocation Failure) 213M->213M(455M) 101.209ms
[2019-10-23T16:24:09.585+0300][275.376s][info][gc] GC(1137) Pause Young (Allocation Failure) 269M->269M(455M) 495.965ms
[2019-10-23T16:24:09.734+0300][275.526s][info][gc] GC(1138) Pause Young (Allocation Failure) 327M->327M(455M) 142.123ms
[2019-10-23T16:24:09.876+0300][275.667s][info][gc] GC(1139) Pause Full (Ergonomics) 327M->59M(455M) 141.393ms
[2019-10-23T16:24:10.144+0300][275.935s][info][gc] GC(1140) Pause Young (Allocation Failure) 116M->117M(455M) 259.244ms
[2019-10-23T16:24:10.490+0300][276.281s][info][gc] GC(1141) Pause Young (Allocation Failure) 174M->174M(455M) 327.261ms
[2019-10-23T16:24:10.618+0300][276.409s][info][gc] GC(1142) Pause Young (Allocation Failure) 232M->232M(455M) 116.819ms
[2019-10-23T16:24:11.041+0300][276.832s][info][gc] GC(1143) Pause Young (Allocation Failure) 289M->290M(455M) 404.126ms
[2019-10-23T16:24:11.152+0300][276.943s][info][gc] GC(1144) Pause Young (Allocation Failure) 347M->347M(455M) 102.422ms
[2019-10-23T16:24:11.378+0300][277.169s][info][gc] GC(1145) Pause Full (Ergonomics) 347M->79M(455M) 225.545ms
[2019-10-23T16:24:11.641+0300][277.432s][info][gc] GC(1146) Pause Young (Allocation Failure) 135M->135M(455M) 245.145ms
[2019-10-23T16:24:11.792+0300][277.583s][info][gc] GC(1147) Pause Young (Allocation Failure) 193M->193M(455M) 142.660ms
[2019-10-23T16:24:11.934+0300][277.725s][info][gc] GC(1148) Pause Young (Allocation Failure) 250M->250M(455M) 131.501ms
[2019-10-23T16:24:12.240+0300][278.031s][info][gc] GC(1149) Pause Young (Allocation Failure) 308M->308M(455M) 286.844ms
[2019-10-23T16:24:12.329+0300][278.119s][info][gc] GC(1150) Pause Full (Ergonomics) 308M->40M(455M) 88.137ms
[2019-10-23T16:24:12.600+0300][278.391s][info][gc] GC(1151) Pause Young (Allocation Failure) 98M->98M(455M) 262.497ms
[2019-10-23T16:24:13.028+0300][278.819s][info][gc] GC(1152) Pause Young (Allocation Failure) 155M->156M(455M) 409.088ms
[2019-10-23T16:24:13.150+0300][278.942s][info][gc] GC(1153) Pause Young (Allocation Failure) 213M->213M(455M) 114.050ms
[2019-10-23T16:24:13.651+0300][279.442s][info][gc] GC(1154) Pause Young (Allocation Failure) 269M->269M(455M) 479.225ms
[2019-10-23T16:24:13.862+0300][279.654s][info][gc] GC(1155) Pause Young (Allocation Failure) 327M->327M(455M) 203.404ms
[2019-10-23T16:24:14.017+0300][279.808s][info][gc] GC(1156) Pause Full (Ergonomics) 327M->59M(455M) 154.768ms
[2019-10-23T16:24:14.286+0300][280.078s][info][gc] GC(1157) Pause Young (Allocation Failure) 116M->117M(455M) 260.482ms
[2019-10-23T16:24:14.597+0300][280.389s][info][gc] GC(1158) Pause Young (Allocation Failure) 174M->174M(455M) 291.184ms
[2019-10-23T16:24:14.726+0300][280.518s][info][gc] GC(1159) Pause Young (Allocation Failure) 232M->232M(455M) 120.168ms
[2019-10-23T16:24:15.134+0300][280.926s][info][gc] GC(1160) Pause Young (Allocation Failure) 289M->290M(455M) 389.418ms
[2019-10-23T16:24:15.254+0300][281.045s][info][gc] GC(1161) Pause Young (Allocation Failure) 347M->347M(455M) 110.616ms
[2019-10-23T16:24:15.462+0300][281.253s][info][gc] GC(1162) Pause Full (Ergonomics) 347M->79M(455M) 207.761ms
[2019-10-23T16:24:15.713+0300][281.505s][info][gc] GC(1163) Pause Young (Allocation Failure) 135M->135M(455M) 232.702ms
[2019-10-23T16:24:15.935+0300][281.726s][info][gc] GC(1164) Pause Young (Allocation Failure) 193M->193M(455M) 212.043ms
[2019-10-23T16:24:16.071+0300][281.862s][info][gc] GC(1165) Pause Young (Allocation Failure) 250M->250M(455M) 125.888ms
[2019-10-23T16:24:16.377+0300][282.168s][info][gc] GC(1166) Pause Young (Allocation Failure) 308M->308M(455M) 287.358ms
[2019-10-23T16:24:16.447+0300][282.238s][info][gc] GC(1167) Pause Full (Ergonomics) 308M->40M(455M) 69.060ms
[2019-10-23T16:24:16.708+0300][282.499s][info][gc] GC(1168) Pause Young (Allocation Failure) 98M->98M(455M) 251.208ms
[2019-10-23T16:24:17.089+0300][282.880s][info][gc] GC(1169) Pause Young (Allocation Failure) 155M->156M(455M) 363.239ms
[2019-10-23T16:24:17.208+0300][282.998s][info][gc] GC(1170) Pause Young (Allocation Failure) 213M->213M(455M) 109.785ms
[2019-10-23T16:24:17.717+0300][283.508s][info][gc] GC(1171) Pause Young (Allocation Failure) 269M->270M(455M) 488.420ms
[2019-10-23T16:24:17.876+0300][283.667s][info][gc] GC(1172) Pause Young (Allocation Failure) 327M->327M(455M) 151.136ms
[2019-10-23T16:24:18.023+0300][283.813s][info][gc] GC(1173) Pause Full (Ergonomics) 327M->59M(455M) 146.363ms
[2019-10-23T16:24:18.288+0300][284.079s][info][gc] GC(1174) Pause Young (Allocation Failure) 116M->117M(455M) 256.611ms
[2019-10-23T16:24:18.585+0300][284.376s][info][gc] GC(1175) Pause Young (Allocation Failure) 174M->174M(455M) 279.281ms
[2019-10-23T16:24:18.712+0300][284.503s][info][gc] GC(1176) Pause Young (Allocation Failure) 232M->232M(455M) 116.672ms
[2019-10-23T16:24:19.143+0300][284.934s][info][gc] GC(1177) Pause Young (Allocation Failure) 289M->290M(455M) 411.447ms
[2019-10-23T16:24:19.267+0300][285.057s][info][gc] GC(1178) Pause Young (Allocation Failure) 347M->347M(455M) 114.698ms
[2019-10-23T16:24:19.495+0300][285.286s][info][gc] GC(1179) Pause Full (Ergonomics) 347M->79M(455M) 228.033ms
[2019-10-23T16:24:19.761+0300][285.552s][info][gc] GC(1180) Pause Young (Allocation Failure) 135M->135M(455M) 247.706ms
[2019-10-23T16:24:19.958+0300][285.749s][info][gc] GC(1181) Pause Young (Allocation Failure) 193M->193M(455M) 188.994ms
[2019-10-23T16:24:20.095+0300][285.886s][info][gc] GC(1182) Pause Young (Allocation Failure) 250M->250M(455M) 127.649ms
[2019-10-23T16:24:20.371+0300][286.162s][info][gc] GC(1183) Pause Young (Allocation Failure) 308M->308M(455M) 256.116ms
[2019-10-23T16:24:20.454+0300][286.245s][info][gc] GC(1184) Pause Full (Ergonomics) 308M->40M(455M) 82.714ms
[2019-10-23T16:24:20.736+0300][286.526s][info][gc] GC(1185) Pause Young (Allocation Failure) 98M->98M(455M) 271.059ms
[2019-10-23T16:24:21.130+0300][286.921s][info][gc] GC(1186) Pause Young (Allocation Failure) 155M->156M(455M) 375.150ms
[2019-10-23T16:24:21.253+0300][287.044s][info][gc] GC(1187) Pause Young (Allocation Failure) 213M->213M(455M) 114.567ms
[2019-10-23T16:24:21.707+0300][287.498s][info][gc] GC(1188) Pause Young (Allocation Failure) 269M->270M(455M) 432.758ms
[2019-10-23T16:24:21.918+0300][287.709s][info][gc] GC(1189) Pause Young (Allocation Failure) 327M->327M(455M) 202.704ms
[2019-10-23T16:24:22.072+0300][287.863s][info][gc] GC(1190) Pause Full (Ergonomics) 327M->59M(455M) 154.070ms
[2019-10-23T16:24:22.341+0300][288.132s][info][gc] GC(1191) Pause Young (Allocation Failure) 116M->117M(455M) 260.279ms
[2019-10-23T16:24:22.662+0300][288.452s][info][gc] GC(1192) Pause Young (Allocation Failure) 174M->174M(455M) 302.639ms
[2019-10-23T16:24:22.788+0300][288.579s][info][gc] GC(1193) Pause Young (Allocation Failure) 232M->232M(455M) 117.750ms
[2019-10-23T16:24:23.210+0300][289.001s][info][gc] GC(1194) Pause Young (Allocation Failure) 289M->290M(455M) 402.035ms
[2019-10-23T16:24:23.334+0300][289.124s][info][gc] GC(1195) Pause Young (Allocation Failure) 347M->347M(455M) 113.190ms
[2019-10-23T16:24:23.549+0300][289.340s][info][gc] GC(1196) Pause Full (Ergonomics) 347M->79M(455M) 215.309ms
[2019-10-23T16:24:23.806+0300][289.597s][info][gc] GC(1197) Pause Young (Allocation Failure) 135M->135M(455M) 237.952ms
[2019-10-23T16:24:24.012+0300][289.803s][info][gc] GC(1198) Pause Young (Allocation Failure) 193M->193M(455M) 198.032ms
[2019-10-23T16:24:24.146+0300][289.937s][info][gc] GC(1199) Pause Young (Allocation Failure) 250M->250M(455M) 125.135ms
[2019-10-23T16:24:24.405+0300][290.196s][info][gc] GC(1200) Pause Young (Allocation Failure) 308M->308M(455M) 239.687ms
[2019-10-23T16:24:24.487+0300][290.278s][info][gc] GC(1201) Pause Full (Ergonomics) 308M->40M(455M) 81.781ms
[2019-10-23T16:24:24.710+0300][290.501s][info][gc] GC(1202) Pause Young (Allocation Failure) 98M->98M(455M) 212.086ms
[2019-10-23T16:24:25.170+0300][290.962s][info][gc] GC(1203) Pause Young (Allocation Failure) 155M->156M(455M) 441.675ms
[2019-10-23T16:24:25.289+0300][291.081s][info][gc] GC(1204) Pause Young (Allocation Failure) 213M->213M(455M) 110.200ms
[2019-10-23T16:24:25.771+0300][291.562s][info][gc] GC(1205) Pause Young (Allocation Failure) 269M->269M(455M) 460.148ms
[2019-10-23T16:24:25.931+0300][291.722s][info][gc] GC(1206) Pause Young (Allocation Failure) 327M->327M(455M) 152.389ms
[2019-10-23T16:24:26.076+0300][291.867s][info][gc] GC(1207) Pause Full (Ergonomics) 327M->59M(455M) 144.595ms
[2019-10-23T16:24:26.331+0300][292.123s][info][gc] GC(1208) Pause Young (Allocation Failure) 116M->117M(455M) 246.618ms
[2019-10-23T16:24:26.657+0300][292.448s][info][gc] GC(1209) Pause Young (Allocation Failure) 174M->174M(455M) 307.208ms
[2019-10-23T16:24:26.785+0300][292.576s][info][gc] GC(1210) Pause Young (Allocation Failure) 232M->232M(455M) 118.630ms
[2019-10-23T16:24:27.233+0300][293.023s][info][gc] GC(1211) Pause Young (Allocation Failure) 289M->290M(455M) 428.603ms
[2019-10-23T16:24:27.351+0300][293.142s][info][gc] GC(1212) Pause Young (Allocation Failure) 347M->347M(455M) 110.152ms
[2019-10-23T16:24:27.566+0300][293.357s][info][gc] GC(1213) Pause Full (Ergonomics) 347M->79M(455M) 214.646ms
[2019-10-23T16:24:27.848+0300][293.639s][info][gc] GC(1214) Pause Young (Allocation Failure) 135M->135M(455M) 263.289ms
[2019-10-23T16:24:28.053+0300][293.844s][info][gc] GC(1215) Pause Young (Allocation Failure) 193M->193M(455M) 195.446ms
[2019-10-23T16:24:28.190+0300][293.981s][info][gc] GC(1216) Pause Young (Allocation Failure) 250M->250M(455M) 128.110ms
[2019-10-23T16:24:28.524+0300][294.315s][info][gc] GC(1217) Pause Young (Allocation Failure) 308M->308M(455M) 314.438ms
[2019-10-23T16:24:28.599+0300][294.389s][info][gc] GC(1218) Pause Full (Ergonomics) 308M->40M(455M) 74.604ms
[2019-10-23T16:24:28.856+0300][294.646s][info][gc] GC(1219) Pause Young (Allocation Failure) 98M->98M(455M) 248.191ms
[2019-10-23T16:24:29.276+0300][295.066s][info][gc] GC(1220) Pause Young (Allocation Failure) 155M->156M(455M) 401.814ms
[2019-10-23T16:24:29.397+0300][295.188s][info][gc] GC(1221) Pause Young (Allocation Failure) 213M->213M(455M) 112.900ms
[2019-10-23T16:24:29.932+0300][295.722s][info][gc] GC(1222) Pause Young (Allocation Failure) 269M->269M(455M) 512.942ms
[2019-10-23T16:24:30.123+0300][295.913s][info][gc] GC(1223) Pause Young (Allocation Failure) 327M->327M(455M) 182.599ms
[2019-10-23T16:24:30.271+0300][296.061s][info][gc] GC(1224) Pause Full (Ergonomics) 327M->59M(455M) 148.146ms
[2019-10-23T16:24:30.544+0300][296.334s][info][gc] GC(1225) Pause Young (Allocation Failure) 116M->117M(455M) 264.391ms
[2019-10-23T16:24:30.840+0300][296.630s][info][gc] GC(1226) Pause Young (Allocation Failure) 174M->174M(455M) 277.056ms
[2019-10-23T16:24:30.971+0300][296.762s][info][gc] GC(1227) Pause Young (Allocation Failure) 232M->232M(455M) 122.162ms
[2019-10-23T16:24:31.388+0300][297.178s][info][gc] GC(1228) Pause Young (Allocation Failure) 289M->290M(455M) 396.621ms
[2019-10-23T16:24:31.510+0300][297.301s][info][gc] GC(1229) Pause Young (Allocation Failure) 347M->347M(455M) 113.809ms
[2019-10-23T16:24:31.727+0300][297.517s][info][gc] GC(1230) Pause Full (Ergonomics) 347M->79M(455M) 216.765ms
[2019-10-23T16:24:31.999+0300][297.789s][info][gc] GC(1231) Pause Young (Allocation Failure) 135M->135M(455M) 254.210ms
[2019-10-23T16:24:32.205+0300][297.996s][info][gc] GC(1232) Pause Young (Allocation Failure) 193M->193M(455M) 197.124ms
[2019-10-23T16:24:32.342+0300][298.133s][info][gc] GC(1233) Pause Young (Allocation Failure) 250M->250M(455M) 127.832ms
[2019-10-23T16:24:32.664+0300][298.455s][info][gc] GC(1234) Pause Young (Allocation Failure) 308M->308M(455M) 303.379ms
[2019-10-23T16:24:32.738+0300][298.529s][info][gc] GC(1235) Pause Full (Ergonomics) 308M->40M(455M) 74.003ms
[2019-10-23T16:24:33.001+0300][298.792s][info][gc] GC(1236) Pause Young (Allocation Failure) 98M->98M(455M) 251.860ms
[2019-10-23T16:24:33.423+0300][299.214s][info][gc] GC(1237) Pause Young (Allocation Failure) 155M->156M(455M) 403.347ms
[2019-10-23T16:24:33.545+0300][299.336s][info][gc] GC(1238) Pause Young (Allocation Failure) 213M->213M(455M) 112.357ms
[2019-10-23T16:24:34.062+0300][299.854s][info][gc] GC(1239) Pause Young (Allocation Failure) 269M->269M(455M) 497.817ms
[2019-10-23T16:24:34.269+0300][300.060s][info][gc] GC(1240) Pause Young (Allocation Failure) 327M->327M(455M) 198.593ms
[2019-10-23T16:24:34.418+0300][300.209s][info][gc] GC(1241) Pause Full (Ergonomics) 327M->59M(455M) 148.544ms
[2019-10-23T16:24:34.698+0300][300.489s][info][gc] GC(1242) Pause Young (Allocation Failure) 116M->117M(455M) 267.521ms
[2019-10-23T16:24:34.993+0300][300.784s][info][gc] GC(1243) Pause Young (Allocation Failure) 174M->174M(455M) 275.206ms
[2019-10-23T16:24:35.119+0300][300.910s][info][gc] GC(1244) Pause Young (Allocation Failure) 232M->232M(455M) 117.496ms
[2019-10-23T16:24:35.527+0300][301.317s][info][gc] GC(1245) Pause Young (Allocation Failure) 289M->290M(455M) 387.710ms
[2019-10-23T16:24:35.647+0300][301.438s][info][gc] GC(1246) Pause Young (Allocation Failure) 347M->347M(455M) 112.122ms
[2019-10-23T16:24:35.868+0300][301.659s][info][gc] GC(1247) Pause Full (Ergonomics) 347M->79M(455M) 220.539ms
[2019-10-23T16:24:36.148+0300][301.939s][info][gc] GC(1248) Pause Young (Allocation Failure) 135M->135M(455M) 261.766ms
[2019-10-23T16:24:36.301+0300][302.092s][info][gc] GC(1249) Pause Young (Allocation Failure) 193M->193M(455M) 143.454ms
[2019-10-23T16:24:36.436+0300][302.227s][info][gc] GC(1250) Pause Young (Allocation Failure) 250M->250M(455M) 126.949ms
[2019-10-23T16:24:36.766+0300][302.557s][info][gc] GC(1251) Pause Young (Allocation Failure) 308M->308M(455M) 311.799ms
[2019-10-23T16:24:36.850+0300][302.641s][info][gc] GC(1252) Pause Full (Ergonomics) 308M->40M(455M) 84.260ms
[2019-10-23T16:24:37.128+0300][302.919s][info][gc] GC(1253) Pause Young (Allocation Failure) 98M->98M(455M) 268.209ms
[2019-10-23T16:24:37.506+0300][303.297s][info][gc] GC(1254) Pause Young (Allocation Failure) 155M->156M(455M) 358.186ms
[2019-10-23T16:24:37.624+0300][303.415s][info][gc] GC(1255) Pause Young (Allocation Failure) 213M->213M(455M) 109.429ms
[2019-10-23T16:24:38.150+0300][303.941s][info][gc] GC(1256) Pause Young (Allocation Failure) 269M->269M(455M) 504.827ms
[2019-10-23T16:24:38.365+0300][304.155s][info][gc] GC(1257) Pause Young (Allocation Failure) 327M->327M(455M) 205.808ms
[2019-10-23T16:24:38.516+0300][304.306s][info][gc] GC(1258) Pause Full (Ergonomics) 327M->59M(455M) 151.026ms
[2019-10-23T16:24:38.778+0300][304.568s][info][gc] GC(1259) Pause Young (Allocation Failure) 116M->117M(455M) 252.618ms
[2019-10-23T16:24:39.090+0300][304.881s][info][gc] GC(1260) Pause Young (Allocation Failure) 174M->174M(455M) 293.225ms
[2019-10-23T16:24:39.218+0300][305.009s][info][gc] GC(1261) Pause Young (Allocation Failure) 232M->232M(455M) 116.886ms
[2019-10-23T16:24:39.645+0300][305.436s][info][gc] GC(1262) Pause Young (Allocation Failure) 289M->290M(455M) 408.282ms
[2019-10-23T16:24:39.768+0300][305.558s][info][gc] GC(1263) Pause Young (Allocation Failure) 347M->347M(455M) 113.805ms
[2019-10-23T16:24:39.999+0300][305.790s][info][gc] GC(1264) Pause Full (Ergonomics) 347M->79M(455M) 231.670ms
[2019-10-23T16:24:40.236+0300][306.027s][info][gc] GC(1265) Pause Young (Allocation Failure) 135M->135M(455M) 217.471ms
[2019-10-23T16:24:40.442+0300][306.233s][info][gc] GC(1266) Pause Young (Allocation Failure) 193M->193M(455M) 197.825ms
[2019-10-23T16:24:40.579+0300][306.370s][info][gc] GC(1267) Pause Young (Allocation Failure) 250M->250M(455M) 128.562ms
[2019-10-23T16:24:40.923+0300][306.714s][info][gc] GC(1268) Pause Young (Allocation Failure) 308M->308M(455M) 325.311ms
[2019-10-23T16:24:40.998+0300][306.789s][info][gc] GC(1269) Pause Full (Ergonomics) 308M->40M(455M) 74.775ms
[2019-10-23T16:24:41.272+0300][307.062s][info][gc] GC(1270) Pause Young (Allocation Failure) 98M->98M(455M) 263.130ms
[2019-10-23T16:24:41.710+0300][307.501s][info][gc] GC(1271) Pause Young (Allocation Failure) 155M->156M(455M) 417.838ms
[2019-10-23T16:24:41.834+0300][307.624s][info][gc] GC(1272) Pause Young (Allocation Failure) 213M->213M(455M) 113.863ms
[2019-10-23T16:24:42.347+0300][308.138s][info][gc] GC(1273) Pause Young (Allocation Failure) 269M->269M(455M) 493.467ms
[2019-10-23T16:24:42.541+0300][308.332s][info][gc] GC(1274) Pause Young (Allocation Failure) 327M->327M(455M) 186.128ms
[2019-10-23T16:24:42.696+0300][308.486s][info][gc] GC(1275) Pause Full (Ergonomics) 327M->59M(455M) 154.214ms
[2019-10-23T16:24:42.948+0300][308.739s][info][gc] GC(1276) Pause Young (Allocation Failure) 116M->117M(455M) 243.840ms
[2019-10-23T16:24:43.274+0300][309.065s][info][gc] GC(1277) Pause Young (Allocation Failure) 174M->174M(455M) 306.793ms
[2019-10-23T16:24:43.401+0300][309.192s][info][gc] GC(1278) Pause Young (Allocation Failure) 232M->232M(455M) 117.030ms
[2019-10-23T16:24:43.829+0300][309.620s][info][gc] GC(1279) Pause Young (Allocation Failure) 289M->290M(455M) 409.143ms
[2019-10-23T16:24:43.950+0300][309.742s][info][gc] GC(1280) Pause Young (Allocation Failure) 347M->347M(455M) 112.329ms
[2019-10-23T16:24:44.172+0300][309.963s][info][gc] GC(1281) Pause Full (Ergonomics) 347M->79M(455M) 221.313ms
[2019-10-23T16:24:44.459+0300][310.250s][info][gc] GC(1282) Pause Young (Allocation Failure) 135M->135M(455M) 263.254ms
[2019-10-23T16:24:44.651+0300][310.442s][info][gc] GC(1283) Pause Young (Allocation Failure) 193M->193M(455M) 183.473ms
[2019-10-23T16:24:44.788+0300][310.579s][info][gc] GC(1284) Pause Young (Allocation Failure) 250M->250M(455M) 127.519ms
[2019-10-23T16:24:45.111+0300][310.902s][info][gc] GC(1285) Pause Young (Allocation Failure) 308M->308M(455M) 304.932ms
[2019-10-23T16:24:45.194+0300][310.985s][info][gc] GC(1286) Pause Full (Ergonomics) 308M->40M(455M) 82.518ms
[2019-10-23T16:24:45.479+0300][311.270s][info][gc] GC(1287) Pause Young (Allocation Failure) 98M->98M(455M) 274.643ms
[2019-10-23T16:24:45.901+0300][311.692s][info][gc] GC(1288) Pause Young (Allocation Failure) 155M->156M(455M) 402.486ms
[2019-10-23T16:24:46.024+0300][311.815s][info][gc] GC(1289) Pause Young (Allocation Failure) 213M->213M(455M) 114.934ms
[2019-10-23T16:24:46.517+0300][312.308s][info][gc] GC(1290) Pause Young (Allocation Failure) 269M->269M(455M) 471.798ms
[2019-10-23T16:24:46.717+0300][312.508s][info][gc] GC(1291) Pause Young (Allocation Failure) 327M->327M(455M) 192.085ms
[2019-10-23T16:24:46.865+0300][312.655s][info][gc] GC(1292) Pause Full (Ergonomics) 327M->59M(455M) 147.137ms
[2019-10-23T16:24:47.129+0300][312.920s][info][gc] GC(1293) Pause Young (Allocation Failure) 116M->117M(455M) 255.121ms
[2019-10-23T16:24:47.440+0300][313.231s][info][gc] GC(1294) Pause Young (Allocation Failure) 174M->174M(455M) 293.568ms
[2019-10-23T16:24:47.570+0300][313.361s][info][gc] GC(1295) Pause Young (Allocation Failure) 232M->232M(455M) 119.222ms
[2019-10-23T16:24:48.001+0300][313.792s][info][gc] GC(1296) Pause Young (Allocation Failure) 289M->290M(455M) 411.285ms
[2019-10-23T16:24:48.120+0300][313.911s][info][gc] GC(1297) Pause Young (Allocation Failure) 347M->347M(455M) 109.730ms
[2019-10-23T16:24:48.338+0300][314.129s][info][gc] GC(1298) Pause Full (Ergonomics) 347M->79M(455M) 218.088ms
[2019-10-23T16:24:48.611+0300][314.402s][info][gc] GC(1299) Pause Young (Allocation Failure) 135M->135M(455M) 253.498ms
[2019-10-23T16:24:48.815+0300][314.606s][info][gc] GC(1300) Pause Young (Allocation Failure) 193M->193M(455M) 196.127ms
[2019-10-23T16:24:48.953+0300][314.744s][info][gc] GC(1301) Pause Young (Allocation Failure) 250M->250M(455M) 127.085ms
[2019-10-23T16:24:49.253+0300][315.044s][info][gc] GC(1302) Pause Young (Allocation Failure) 308M->308M(455M) 280.914ms
[2019-10-23T16:24:49.337+0300][315.127s][info][gc] GC(1303) Pause Full (Ergonomics) 308M->40M(455M) 83.276ms
[2019-10-23T16:24:49.599+0300][315.390s][info][gc] GC(1304) Pause Young (Allocation Failure) 98M->98M(455M) 252.003ms
[2019-10-23T16:24:50.014+0300][315.804s][info][gc] GC(1305) Pause Young (Allocation Failure) 155M->156M(455M) 395.836ms
[2019-10-23T16:24:50.134+0300][315.924s][info][gc] GC(1306) Pause Young (Allocation Failure) 213M->213M(455M) 111.567ms
[2019-10-23T16:24:50.609+0300][316.400s][info][gc] GC(1307) Pause Young (Allocation Failure) 269M->269M(455M) 454.827ms
[2019-10-23T16:24:50.817+0300][316.608s][info][gc] GC(1308) Pause Young (Allocation Failure) 327M->327M(455M) 199.960ms
[2019-10-23T16:24:50.966+0300][316.756s][info][gc] GC(1309) Pause Full (Ergonomics) 327M->59M(455M) 148.047ms
[2019-10-23T16:24:51.216+0300][317.007s][info][gc] GC(1310) Pause Young (Allocation Failure) 116M->117M(455M) 241.780ms
[2019-10-23T16:24:51.467+0300][317.257s][info][gc] GC(1311) Pause Young (Allocation Failure) 174M->174M(455M) 231.214ms
[2019-10-23T16:24:51.594+0300][317.384s][info][gc] GC(1312) Pause Young (Allocation Failure) 232M->232M(455M) 117.940ms
[2019-10-23T16:24:51.973+0300][317.763s][info][gc] GC(1313) Pause Young (Allocation Failure) 289M->290M(455M) 359.691ms
[2019-10-23T16:24:52.094+0300][317.884s][info][gc] GC(1314) Pause Young (Allocation Failure) 347M->347M(455M) 110.399ms
[2019-10-23T16:24:52.309+0300][318.099s][info][gc] GC(1315) Pause Full (Ergonomics) 347M->79M(455M) 214.865ms
[2019-10-23T16:24:52.591+0300][318.382s][info][gc] GC(1316) Pause Young (Allocation Failure) 135M->135M(455M) 263.701ms
[2019-10-23T16:24:52.794+0300][318.585s][info][gc] GC(1317) Pause Young (Allocation Failure) 193M->193M(455M) 193.689ms
[2019-10-23T16:24:52.932+0300][318.723s][info][gc] GC(1318) Pause Young (Allocation Failure) 250M->250M(455M) 128.788ms
[2019-10-23T16:24:53.234+0300][319.024s][info][gc] GC(1319) Pause Young (Allocation Failure) 308M->308M(455M) 281.550ms
[2019-10-23T16:24:53.322+0300][319.113s][info][gc] GC(1320) Pause Full (Ergonomics) 308M->40M(455M) 88.283ms
[2019-10-23T16:24:53.571+0300][319.362s][info][gc] GC(1321) Pause Young (Allocation Failure) 98M->98M(455M) 239.307ms
[2019-10-23T16:24:53.985+0300][319.777s][info][gc] GC(1322) Pause Young (Allocation Failure) 155M->155M(455M) 396.798ms
[2019-10-23T16:24:54.105+0300][319.896s][info][gc] GC(1323) Pause Young (Allocation Failure) 213M->213M(455M) 110.776ms
[2019-10-23T16:24:54.575+0300][320.366s][info][gc] GC(1324) Pause Young (Allocation Failure) 269M->269M(455M) 451.552ms
[2019-10-23T16:24:54.771+0300][320.562s][info][gc] GC(1325) Pause Young (Allocation Failure) 327M->327M(455M) 188.318ms
[2019-10-23T16:24:54.928+0300][320.719s][info][gc] GC(1326) Pause Full (Ergonomics) 327M->59M(455M) 156.254ms
[2019-10-23T16:24:55.162+0300][320.953s][info][gc] GC(1327) Pause Young (Allocation Failure) 116M->117M(455M) 225.546ms
[2019-10-23T16:24:55.486+0300][321.277s][info][gc] GC(1328) Pause Young (Allocation Failure) 174M->174M(455M) 305.424ms
[2019-10-23T16:24:55.614+0300][321.405s][info][gc] GC(1329) Pause Young (Allocation Failure) 232M->232M(455M) 118.382ms
[2019-10-23T16:24:56.024+0300][321.815s][info][gc] GC(1330) Pause Young (Allocation Failure) 289M->290M(455M) 389.739ms
[2019-10-23T16:24:56.137+0300][321.928s][info][gc] GC(1331) Pause Young (Allocation Failure) 347M->347M(455M) 103.709ms
[2019-10-23T16:24:56.336+0300][322.127s][info][gc] GC(1332) Pause Full (Ergonomics) 347M->79M(455M) 198.980ms
[2019-10-23T16:24:56.596+0300][322.387s][info][gc] GC(1333) Pause Young (Allocation Failure) 135M->135M(455M) 241.210ms
[2019-10-23T16:24:56.750+0300][322.541s][info][gc] GC(1334) Pause Young (Allocation Failure) 193M->193M(455M) 145.898ms
[2019-10-23T16:24:56.887+0300][322.678s][info][gc] GC(1335) Pause Young (Allocation Failure) 250M->250M(455M) 128.266ms
[2019-10-23T16:24:57.209+0300][323.000s][info][gc] GC(1336) Pause Young (Allocation Failure) 308M->308M(455M) 303.472ms
[2019-10-23T16:24:57.295+0300][323.086s][info][gc] GC(1337) Pause Full (Ergonomics) 308M->40M(455M) 86.144ms
[2019-10-23T16:24:57.561+0300][323.352s][info][gc] GC(1338) Pause Young (Allocation Failure) 98M->98M(455M) 255.110ms
[2019-10-23T16:24:57.965+0300][323.756s][info][gc] GC(1339) Pause Young (Allocation Failure) 155M->156M(455M) 384.627ms
[2019-10-23T16:24:58.082+0300][323.873s][info][gc] GC(1340) Pause Young (Allocation Failure) 213M->213M(455M) 108.423ms
[2019-10-23T16:24:58.530+0300][324.321s][info][gc] GC(1341) Pause Young (Allocation Failure) 269M->269M(455M) 426.262ms
[2019-10-23T16:24:58.681+0300][324.471s][info][gc] GC(1342) Pause Young (Allocation Failure) 327M->327M(455M) 142.214ms
[2019-10-23T16:24:58.827+0300][324.617s][info][gc] GC(1343) Pause Full (Ergonomics) 327M->59M(455M) 145.815ms
[2019-10-23T16:24:59.096+0300][324.886s][info][gc] GC(1344) Pause Young (Allocation Failure) 116M->117M(455M) 259.953ms
[2019-10-23T16:24:59.405+0300][325.196s][info][gc] GC(1345) Pause Young (Allocation Failure) 174M->174M(455M) 290.050ms
[2019-10-23T16:24:59.534+0300][325.325s][info][gc] GC(1346) Pause Young (Allocation Failure) 232M->232M(455M) 118.098ms
[2019-10-23T16:24:59.962+0300][325.752s][info][gc] GC(1347) Pause Young (Allocation Failure) 289M->290M(455M) 408.599ms
[2019-10-23T16:25:00.082+0300][325.872s][info][gc] GC(1348) Pause Young (Allocation Failure) 347M->347M(455M) 111.692ms
[2019-10-23T16:25:00.308+0300][326.099s][info][gc] GC(1349) Pause Full (Ergonomics) 347M->79M(455M) 225.939ms
[2019-10-23T16:25:00.590+0300][326.380s][info][gc] GC(1350) Pause Young (Allocation Failure) 135M->135M(455M) 263.166ms
[2019-10-23T16:25:00.806+0300][326.597s][info][gc] GC(1351) Pause Young (Allocation Failure) 193M->193M(455M) 208.281ms
[2019-10-23T16:25:00.944+0300][326.734s][info][gc] GC(1352) Pause Young (Allocation Failure) 250M->250M(455M) 128.399ms
[2019-10-23T16:25:01.256+0300][327.046s][info][gc] GC(1353) Pause Young (Allocation Failure) 308M->308M(455M) 292.495ms
[2019-10-23T16:25:01.330+0300][327.120s][info][gc] GC(1354) Pause Full (Ergonomics) 308M->40M(455M) 73.854ms
[2019-10-23T16:25:01.606+0300][327.397s][info][gc] GC(1355) Pause Young (Allocation Failure) 98M->98M(455M) 267.623ms
[2019-10-23T16:25:02.069+0300][327.860s][info][gc] GC(1356) Pause Young (Allocation Failure) 155M->156M(455M) 443.188ms
[2019-10-23T16:25:02.188+0300][327.978s][info][gc] GC(1357) Pause Young (Allocation Failure) 213M->213M(455M) 109.886ms
[2019-10-23T16:25:02.711+0300][328.502s][info][gc] GC(1358) Pause Young (Allocation Failure) 269M->269M(455M) 503.907ms
[2019-10-23T16:25:02.914+0300][328.705s][info][gc] GC(1359) Pause Young (Allocation Failure) 327M->327M(455M) 195.136ms
[2019-10-23T16:25:03.068+0300][328.860s][info][gc] GC(1360) Pause Full (Ergonomics) 327M->59M(455M) 154.351ms
[2019-10-23T16:25:03.327+0300][329.118s][info][gc] GC(1361) Pause Young (Allocation Failure) 116M->117M(455M) 249.432ms
[2019-10-23T16:25:03.653+0300][329.444s][info][gc] GC(1362) Pause Young (Allocation Failure) 174M->174M(455M) 308.333ms
[2019-10-23T16:25:03.781+0300][329.571s][info][gc] GC(1363) Pause Young (Allocation Failure) 232M->232M(455M) 117.937ms
[2019-10-23T16:25:04.229+0300][330.020s][info][gc] GC(1364) Pause Young (Allocation Failure) 289M->290M(455M) 429.989ms
[2019-10-23T16:25:04.338+0300][330.129s][info][gc] GC(1365) Pause Young (Allocation Failure) 347M->347M(455M) 100.194ms
[2019-10-23T16:25:04.540+0300][330.331s][info][gc] GC(1366) Pause Full (Ergonomics) 347M->79M(455M) 201.826ms
[2019-10-23T16:25:04.805+0300][330.595s][info][gc] GC(1367) Pause Young (Allocation Failure) 135M->135M(455M) 246.828ms
[2019-10-23T16:25:05.023+0300][330.814s][info][gc] GC(1368) Pause Young (Allocation Failure) 193M->193M(455M) 209.237ms
[2019-10-23T16:25:05.159+0300][330.950s][info][gc] GC(1369) Pause Young (Allocation Failure) 250M->250M(455M) 127.186ms
[2019-10-23T16:25:05.461+0300][331.251s][info][gc] GC(1370) Pause Young (Allocation Failure) 308M->308M(455M) 281.522ms
[2019-10-23T16:25:05.547+0300][331.338s][info][gc] GC(1371) Pause Full (Ergonomics) 308M->40M(455M) 86.449ms
[2019-10-23T16:25:05.816+0300][331.606s][info][gc] GC(1372) Pause Young (Allocation Failure) 98M->98M(455M) 258.250ms
[2019-10-23T16:25:06.273+0300][332.063s][info][gc] GC(1373) Pause Young (Allocation Failure) 155M->156M(455M) 437.504ms
[2019-10-23T16:25:06.385+0300][332.175s][info][gc] GC(1374) Pause Young (Allocation Failure) 213M->213M(455M) 103.037ms
[2019-10-23T16:25:06.871+0300][332.662s][info][gc] GC(1375) Pause Young (Allocation Failure) 269M->269M(455M) 468.471ms
[2019-10-23T16:25:07.071+0300][332.862s][info][gc] GC(1376) Pause Young (Allocation Failure) 327M->327M(455M) 192.003ms
[2019-10-23T16:25:07.218+0300][333.008s][info][gc] GC(1377) Pause Full (Ergonomics) 327M->59M(455M) 146.305ms
[2019-10-23T16:25:07.477+0300][333.268s][info][gc] GC(1378) Pause Young (Allocation Failure) 116M->117M(455M) 249.670ms
[2019-10-23T16:25:07.777+0300][333.567s][info][gc] GC(1379) Pause Young (Allocation Failure) 174M->174M(455M) 281.154ms
[2019-10-23T16:25:07.901+0300][333.691s][info][gc] GC(1380) Pause Young (Allocation Failure) 232M->232M(455M) 114.880ms
[2019-10-23T16:25:08.270+0300][334.061s][info][gc] GC(1381) Pause Young (Allocation Failure) 289M->290M(455M) 349.366ms
[2019-10-23T16:25:08.383+0300][334.173s][info][gc] GC(1382) Pause Young (Allocation Failure) 347M->347M(455M) 101.153ms
[2019-10-23T16:25:08.606+0300][334.397s][info][gc] GC(1383) Pause Full (Ergonomics) 347M->79M(455M) 223.192ms
[2019-10-23T16:25:08.841+0300][334.632s][info][gc] GC(1384) Pause Young (Allocation Failure) 135M->135M(455M) 216.041ms
[2019-10-23T16:25:09.042+0300][334.833s][info][gc] GC(1385) Pause Young (Allocation Failure) 193M->193M(455M) 193.491ms
[2019-10-23T16:25:09.187+0300][334.978s][info][gc] GC(1386) Pause Young (Allocation Failure) 250M->250M(455M) 133.854ms
[2019-10-23T16:25:09.499+0300][335.290s][info][gc] GC(1387) Pause Young (Allocation Failure) 308M->308M(455M) 292.885ms
[2019-10-23T16:25:09.586+0300][335.377s][info][gc] GC(1388) Pause Full (Ergonomics) 308M->40M(455M) 86.387ms
[2019-10-23T16:25:09.849+0300][335.640s][info][gc] GC(1389) Pause Young (Allocation Failure) 98M->98M(455M) 252.354ms
[2019-10-23T16:25:10.263+0300][336.054s][info][gc] GC(1390) Pause Young (Allocation Failure) 155M->156M(455M) 395.282ms
[2019-10-23T16:25:10.371+0300][336.163s][info][gc] GC(1391) Pause Young (Allocation Failure) 213M->213M(455M) 100.222ms
[2019-10-23T16:25:10.927+0300][336.718s][info][gc] GC(1392) Pause Young (Allocation Failure) 269M->269M(455M) 533.757ms
[2019-10-23T16:25:11.121+0300][336.912s][info][gc] GC(1393) Pause Young (Allocation Failure) 327M->327M(455M) 185.945ms
[2019-10-23T16:25:11.276+0300][337.067s][info][gc] GC(1394) Pause Full (Ergonomics) 327M->59M(455M) 154.809ms
[2019-10-23T16:25:11.530+0300][337.321s][info][gc] GC(1395) Pause Young (Allocation Failure) 116M->117M(455M) 245.552ms
[2019-10-23T16:25:11.843+0300][337.634s][info][gc] GC(1396) Pause Young (Allocation Failure) 174M->174M(455M) 293.336ms
[2019-10-23T16:25:11.969+0300][337.760s][info][gc] GC(1397) Pause Young (Allocation Failure) 232M->232M(455M) 116.875ms
[2019-10-23T16:25:12.390+0300][338.180s][info][gc] GC(1398) Pause Young (Allocation Failure) 289M->290M(455M) 400.645ms
[2019-10-23T16:25:12.513+0300][338.304s][info][gc] GC(1399) Pause Young (Allocation Failure) 347M->347M(455M) 112.763ms
[2019-10-23T16:25:12.740+0300][338.531s][info][gc] GC(1400) Pause Full (Ergonomics) 347M->79M(455M) 226.660ms
[2019-10-23T16:25:13.011+0300][338.802s][info][gc] GC(1401) Pause Young (Allocation Failure) 135M->135M(455M) 253.683ms
[2019-10-23T16:25:13.193+0300][338.983s][info][gc] GC(1402) Pause Young (Allocation Failure) 193M->193M(455M) 172.224ms
[2019-10-23T16:25:13.330+0300][339.121s][info][gc] GC(1403) Pause Young (Allocation Failure) 250M->250M(455M) 127.209ms
[2019-10-23T16:25:13.670+0300][339.460s][info][gc] GC(1404) Pause Young (Allocation Failure) 308M->308M(455M) 319.754ms
[2019-10-23T16:25:13.755+0300][339.545s][info][gc] GC(1405) Pause Full (Ergonomics) 308M->40M(455M) 84.959ms
[2019-10-23T16:25:14.017+0300][339.808s][info][gc] GC(1406) Pause Young (Allocation Failure) 98M->98M(455M) 251.670ms
[2019-10-23T16:25:14.410+0300][340.201s][info][gc] GC(1407) Pause Young (Allocation Failure) 155M->156M(455M) 373.610ms
[2019-10-23T16:25:14.531+0300][340.322s][info][gc] GC(1408) Pause Young (Allocation Failure) 213M->213M(455M) 112.215ms
[2019-10-23T16:25:15.051+0300][340.841s][info][gc] GC(1409) Pause Young (Allocation Failure) 269M->269M(455M) 498.883ms
[2019-10-23T16:25:15.254+0300][341.044s][info][gc] GC(1410) Pause Young (Allocation Failure) 327M->327M(455M) 194.777ms
[2019-10-23T16:25:15.401+0300][341.192s][info][gc] GC(1411) Pause Full (Ergonomics) 327M->59M(455M) 147.490ms
[2019-10-23T16:25:15.669+0300][341.459s][info][gc] GC(1412) Pause Young (Allocation Failure) 116M->117M(455M) 258.517ms
[2019-10-23T16:25:15.983+0300][341.774s][info][gc] GC(1413) Pause Young (Allocation Failure) 174M->174M(455M) 296.613ms
[2019-10-23T16:25:16.110+0300][341.901s][info][gc] GC(1414) Pause Young (Allocation Failure) 232M->232M(455M) 116.196ms
[2019-10-23T16:25:16.521+0300][342.312s][info][gc] GC(1415) Pause Young (Allocation Failure) 289M->290M(455M) 391.268ms
[2019-10-23T16:25:16.641+0300][342.432s][info][gc] GC(1416) Pause Young (Allocation Failure) 347M->347M(455M) 109.655ms
[2019-10-23T16:25:16.859+0300][342.649s][info][gc] GC(1417) Pause Full (Ergonomics) 347M->79M(455M) 216.988ms
[2019-10-23T16:25:17.114+0300][342.905s][info][gc] GC(1418) Pause Young (Allocation Failure) 135M->135M(455M) 237.427ms
[2019-10-23T16:25:17.315+0300][343.106s][info][gc] GC(1419) Pause Young (Allocation Failure) 193M->193M(455M) 191.976ms
[2019-10-23T16:25:17.463+0300][343.254s][info][gc] GC(1420) Pause Young (Allocation Failure) 250M->250M(455M) 136.881ms
[2019-10-23T16:25:17.787+0300][343.578s][info][gc] GC(1421) Pause Young (Allocation Failure) 308M->308M(455M) 303.962ms
[2019-10-23T16:25:17.871+0300][343.661s][info][gc] GC(1422) Pause Full (Ergonomics) 308M->40M(455M) 83.204ms
[2019-10-23T16:25:18.149+0300][343.939s][info][gc] GC(1423) Pause Young (Allocation Failure) 98M->98M(455M) 267.547ms
[2019-10-23T16:25:18.588+0300][344.379s][info][gc] GC(1424) Pause Young (Allocation Failure) 155M->156M(455M) 419.113ms
[2019-10-23T16:25:18.710+0300][344.501s][info][gc] GC(1425) Pause Young (Allocation Failure) 213M->213M(455M) 113.741ms
[2019-10-23T16:25:19.237+0300][345.028s][info][gc] GC(1426) Pause Young (Allocation Failure) 269M->270M(455M) 505.824ms
[2019-10-23T16:25:19.446+0300][345.237s][info][gc] GC(1427) Pause Young (Allocation Failure) 327M->327M(455M) 201.244ms
[2019-10-23T16:25:19.584+0300][345.375s][info][gc] GC(1428) Pause Full (Ergonomics) 327M->59M(455M) 137.931ms
[2019-10-23T16:25:19.850+0300][345.641s][info][gc] GC(1429) Pause Young (Allocation Failure) 116M->117M(455M) 257.076ms
[2019-10-23T16:25:20.139+0300][345.930s][info][gc] GC(1430) Pause Young (Allocation Failure) 174M->174M(455M) 271.148ms
[2019-10-23T16:25:20.265+0300][346.056s][info][gc] GC(1431) Pause Young (Allocation Failure) 232M->232M(455M) 117.120ms
[2019-10-23T16:25:20.700+0300][346.491s][info][gc] GC(1432) Pause Young (Allocation Failure) 289M->290M(455M) 416.645ms
[2019-10-23T16:25:20.824+0300][346.615s][info][gc] GC(1433) Pause Young (Allocation Failure) 347M->347M(455M) 114.533ms
[2019-10-23T16:25:21.040+0300][346.831s][info][gc] GC(1434) Pause Full (Ergonomics) 347M->79M(455M) 216.100ms
[2019-10-23T16:25:21.285+0300][347.075s][info][gc] GC(1435) Pause Young (Allocation Failure) 135M->135M(455M) 224.597ms
[2019-10-23T16:25:21.476+0300][347.266s][info][gc] GC(1436) Pause Young (Allocation Failure) 193M->193M(455M) 183.272ms
[2019-10-23T16:25:21.614+0300][347.405s][info][gc] GC(1437) Pause Young (Allocation Failure) 250M->250M(455M) 127.540ms
[2019-10-23T16:25:21.942+0300][347.732s][info][gc] GC(1438) Pause Young (Allocation Failure) 308M->308M(455M) 310.122ms
[2019-10-23T16:25:22.032+0300][347.822s][info][gc] GC(1439) Pause Full (Ergonomics) 308M->40M(455M) 89.504ms
[2019-10-23T16:25:22.289+0300][348.080s][info][gc] GC(1440) Pause Young (Allocation Failure) 98M->98M(455M) 247.559ms
[2019-10-23T16:25:22.721+0300][348.512s][info][gc] GC(1441) Pause Young (Allocation Failure) 155M->156M(455M) 412.514ms
[2019-10-23T16:25:22.839+0300][348.630s][info][gc] GC(1442) Pause Young (Allocation Failure) 213M->213M(455M) 109.268ms
[2019-10-23T16:25:23.342+0300][349.133s][info][gc] GC(1443) Pause Young (Allocation Failure) 269M->269M(455M) 482.560ms
[2019-10-23T16:25:23.554+0300][349.345s][info][gc] GC(1444) Pause Young (Allocation Failure) 327M->327M(455M) 204.071ms
[2019-10-23T16:25:23.703+0300][349.494s][info][gc] GC(1445) Pause Full (Ergonomics) 327M->59M(455M) 149.104ms
[2019-10-23T16:25:23.962+0300][349.753s][info][gc] GC(1446) Pause Young (Allocation Failure) 116M->117M(455M) 250.317ms
[2019-10-23T16:25:24.292+0300][350.083s][info][gc] GC(1447) Pause Young (Allocation Failure) 174M->174M(455M) 310.060ms
[2019-10-23T16:25:24.423+0300][350.214s][info][gc] GC(1448) Pause Young (Allocation Failure) 232M->232M(455M) 121.837ms
[2019-10-23T16:25:24.849+0300][350.640s][info][gc] GC(1449) Pause Young (Allocation Failure) 289M->290M(455M) 406.385ms
[2019-10-23T16:25:24.963+0300][350.754s][info][gc] GC(1450) Pause Young (Allocation Failure) 347M->347M(455M) 105.472ms
[2019-10-23T16:25:25.191+0300][350.982s][info][gc] GC(1451) Pause Full (Ergonomics) 347M->79M(455M) 227.377ms
[2019-10-23T16:25:25.438+0300][351.229s][info][gc] GC(1452) Pause Young (Allocation Failure) 135M->135M(455M) 227.561ms
[2019-10-23T16:25:25.643+0300][351.434s][info][gc] GC(1453) Pause Young (Allocation Failure) 193M->193M(455M) 195.943ms
[2019-10-23T16:25:25.780+0300][351.571s][info][gc] GC(1454) Pause Young (Allocation Failure) 250M->250M(455M) 127.813ms
[2019-10-23T16:25:26.094+0300][351.885s][info][gc] GC(1455) Pause Young (Allocation Failure) 308M->308M(455M) 293.871ms
[2019-10-23T16:25:26.177+0300][351.968s][info][gc] GC(1456) Pause Full (Ergonomics) 308M->40M(455M) 82.701ms
[2019-10-23T16:25:26.429+0300][352.220s][info][gc] GC(1457) Pause Young (Allocation Failure) 98M->98M(455M) 241.771ms
[2019-10-23T16:25:26.814+0300][352.605s][info][gc] GC(1458) Pause Young (Allocation Failure) 155M->156M(455M) 365.223ms
[2019-10-23T16:25:26.937+0300][352.727s][info][gc] GC(1459) Pause Young (Allocation Failure) 213M->213M(455M) 112.157ms
[2019-10-23T16:25:27.438+0300][353.229s][info][gc] GC(1460) Pause Young (Allocation Failure) 269M->269M(455M) 480.563ms
[2019-10-23T16:25:27.642+0300][353.433s][info][gc] GC(1461) Pause Young (Allocation Failure) 327M->327M(455M) 195.102ms
[2019-10-23T16:25:27.796+0300][353.587s][info][gc] GC(1462) Pause Full (Ergonomics) 327M->59M(455M) 154.701ms
[2019-10-23T16:25:28.066+0300][353.858s][info][gc] GC(1463) Pause Young (Allocation Failure) 116M->117M(455M) 261.449ms
[2019-10-23T16:25:28.359+0300][354.150s][info][gc] GC(1464) Pause Young (Allocation Failure) 174M->174M(455M) 273.128ms
[2019-10-23T16:25:28.488+0300][354.280s][info][gc] GC(1465) Pause Young (Allocation Failure) 232M->232M(455M) 118.873ms
[2019-10-23T16:25:28.927+0300][354.718s][info][gc] GC(1466) Pause Young (Allocation Failure) 289M->290M(455M) 418.810ms
[2019-10-23T16:25:29.050+0300][354.841s][info][gc] GC(1467) Pause Young (Allocation Failure) 347M->347M(455M) 113.885ms
[2019-10-23T16:25:29.261+0300][355.052s][info][gc] GC(1468) Pause Full (Ergonomics) 347M->79M(455M) 210.339ms
[2019-10-23T16:25:29.518+0300][355.308s][info][gc] GC(1469) Pause Young (Allocation Failure) 135M->135M(455M) 238.562ms
[2019-10-23T16:25:29.738+0300][355.529s][info][gc] GC(1470) Pause Young (Allocation Failure) 193M->193M(455M) 211.508ms
[2019-10-23T16:25:29.874+0300][355.665s][info][gc] GC(1471) Pause Young (Allocation Failure) 250M->250M(455M) 127.380ms
[2019-10-23T16:25:30.153+0300][355.944s][info][gc] GC(1472) Pause Young (Allocation Failure) 308M->308M(455M) 260.183ms
[2019-10-23T16:25:30.239+0300][356.031s][info][gc] GC(1473) Pause Full (Ergonomics) 308M->40M(455M) 86.508ms
[2019-10-23T16:25:30.512+0300][356.303s][info][gc] GC(1474) Pause Young (Allocation Failure) 98M->98M(455M) 262.494ms
[2019-10-23T16:25:30.954+0300][356.746s][info][gc] GC(1475) Pause Young (Allocation Failure) 155M->156M(455M) 423.631ms
[2019-10-23T16:25:31.071+0300][356.863s][info][gc] GC(1476) Pause Young (Allocation Failure) 213M->213M(455M) 108.142ms
[2019-10-23T16:25:31.590+0300][357.381s][info][gc] GC(1477) Pause Young (Allocation Failure) 269M->269M(455M) 498.417ms
[2019-10-23T16:25:31.819+0300][357.610s][info][gc] GC(1478) Pause Young (Allocation Failure) 327M->327M(455M) 220.693ms
[2019-10-23T16:25:31.965+0300][357.756s][info][gc] GC(1479) Pause Full (Ergonomics) 327M->59M(455M) 145.839ms
[2019-10-23T16:25:32.237+0300][358.029s][info][gc] GC(1480) Pause Young (Allocation Failure) 116M->117M(455M) 263.611ms
[2019-10-23T16:25:32.549+0300][358.341s][info][gc] GC(1481) Pause Young (Allocation Failure) 174M->174M(455M) 292.478ms
[2019-10-23T16:25:32.676+0300][358.467s][info][gc] GC(1482) Pause Young (Allocation Failure) 232M->232M(455M) 116.610ms
[2019-10-23T16:25:33.123+0300][358.914s][info][gc] GC(1483) Pause Young (Allocation Failure) 289M->290M(455M) 426.934ms
[2019-10-23T16:25:33.243+0300][359.034s][info][gc] GC(1484) Pause Young (Allocation Failure) 347M->347M(455M) 110.568ms
[2019-10-23T16:25:33.468+0300][359.259s][info][gc] GC(1485) Pause Full (Ergonomics) 347M->79M(455M) 225.121ms
[2019-10-23T16:25:33.720+0300][359.511s][info][gc] GC(1486) Pause Young (Allocation Failure) 135M->135M(455M) 233.195ms
[2019-10-23T16:25:33.933+0300][359.724s][info][gc] GC(1487) Pause Young (Allocation Failure) 193M->193M(455M) 204.028ms
[2019-10-23T16:25:34.069+0300][359.860s][info][gc] GC(1488) Pause Young (Allocation Failure) 250M->250M(455M) 127.057ms
[2019-10-23T16:25:34.384+0300][360.176s][info][gc] GC(1489) Pause Young (Allocation Failure) 308M->308M(455M) 296.169ms
[2019-10-23T16:25:34.467+0300][360.259s][info][gc] GC(1490) Pause Full (Ergonomics) 308M->40M(455M) 82.966ms
[2019-10-23T16:25:34.734+0300][360.526s][info][gc] GC(1491) Pause Young (Allocation Failure) 98M->98M(455M) 257.922ms
[2019-10-23T16:25:35.158+0300][360.949s][info][gc] GC(1492) Pause Young (Allocation Failure) 155M->156M(455M) 403.914ms
[2019-10-23T16:25:35.282+0300][361.073s][info][gc] GC(1493) Pause Young (Allocation Failure) 213M->213M(455M) 115.019ms
[2019-10-23T16:25:35.779+0300][361.570s][info][gc] GC(1494) Pause Young (Allocation Failure) 269M->270M(455M) 478.697ms
[2019-10-23T16:25:35.934+0300][361.725s][info][gc] GC(1495) Pause Young (Allocation Failure) 327M->327M(455M) 146.351ms
[2019-10-23T16:25:36.061+0300][361.852s][info][gc] GC(1496) Pause Full (Ergonomics) 327M->59M(455M) 126.942ms
[2019-10-23T16:25:36.311+0300][362.101s][info][gc] GC(1497) Pause Young (Allocation Failure) 116M->117M(455M) 240.635ms
[2019-10-23T16:25:36.637+0300][362.428s][info][gc] GC(1498) Pause Young (Allocation Failure) 174M->174M(455M) 308.550ms
[2019-10-23T16:25:36.765+0300][362.556s][info][gc] GC(1499) Pause Young (Allocation Failure) 232M->232M(455M) 118.272ms
[2019-10-23T16:25:37.210+0300][363.001s][info][gc] GC(1500) Pause Young (Allocation Failure) 289M->290M(455M) 425.232ms
[2019-10-23T16:25:37.330+0300][363.121s][info][gc] GC(1501) Pause Young (Allocation Failure) 347M->347M(455M) 110.736ms
[2019-10-23T16:25:37.541+0300][363.332s][info][gc] GC(1502) Pause Full (Ergonomics) 347M->79M(455M) 211.594ms
[2019-10-23T16:25:37.811+0300][363.601s][info][gc] GC(1503) Pause Young (Allocation Failure) 135M->135M(455M) 250.801ms
[2019-10-23T16:25:38.015+0300][363.805s][info][gc] GC(1504) Pause Young (Allocation Failure) 193M->193M(455M) 195.767ms
[2019-10-23T16:25:38.151+0300][363.941s][info][gc] GC(1505) Pause Young (Allocation Failure) 250M->250M(455M) 125.543ms
[2019-10-23T16:25:38.465+0300][364.256s][info][gc] GC(1506) Pause Young (Allocation Failure) 308M->308M(455M) 295.287ms
[2019-10-23T16:25:38.545+0300][364.335s][info][gc] GC(1507) Pause Full (Ergonomics) 308M->40M(455M) 79.294ms
[2019-10-23T16:25:38.803+0300][364.594s][info][gc] GC(1508) Pause Young (Allocation Failure) 98M->98M(455M) 250.554ms
[2019-10-23T16:25:39.231+0300][365.022s][info][gc] GC(1509) Pause Young (Allocation Failure) 155M->156M(455M) 409.216ms
[2019-10-23T16:25:39.341+0300][365.132s][info][gc] GC(1510) Pause Young (Allocation Failure) 213M->213M(455M) 100.988ms
[2019-10-23T16:25:39.857+0300][365.648s][info][gc] GC(1511) Pause Young (Allocation Failure) 269M->269M(455M) 495.105ms
[2019-10-23T16:25:40.058+0300][365.849s][info][gc] GC(1512) Pause Young (Allocation Failure) 327M->327M(455M) 193.821ms
[2019-10-23T16:25:40.218+0300][366.009s][info][gc] GC(1513) Pause Full (Ergonomics) 327M->59M(455M) 159.358ms
[2019-10-23T16:25:40.500+0300][366.291s][info][gc] GC(1514) Pause Young (Allocation Failure) 116M->117M(455M) 273.150ms
[2019-10-23T16:25:40.811+0300][366.602s][info][gc] GC(1515) Pause Young (Allocation Failure) 174M->174M(455M) 292.131ms
[2019-10-23T16:25:40.939+0300][366.729s][info][gc] GC(1516) Pause Young (Allocation Failure) 232M->232M(455M) 116.104ms
[2019-10-23T16:25:41.314+0300][367.105s][info][gc] GC(1517) Pause Young (Allocation Failure) 289M->290M(455M) 356.269ms
[2019-10-23T16:25:41.436+0300][367.227s][info][gc] GC(1518) Pause Young (Allocation Failure) 347M->347M(455M) 113.288ms
[2019-10-23T16:25:41.660+0300][367.451s][info][gc] GC(1519) Pause Full (Ergonomics) 347M->79M(455M) 223.631ms
[2019-10-23T16:25:41.922+0300][367.712s][info][gc] GC(1520) Pause Young (Allocation Failure) 135M->135M(455M) 243.188ms
[2019-10-23T16:25:42.110+0300][367.901s][info][gc] GC(1521) Pause Young (Allocation Failure) 193M->193M(455M) 180.383ms
[2019-10-23T16:25:42.249+0300][368.039s][info][gc] GC(1522) Pause Young (Allocation Failure) 250M->250M(455M) 127.965ms
[2019-10-23T16:25:42.563+0300][368.354s][info][gc] GC(1523) Pause Young (Allocation Failure) 308M->308M(455M) 295.183ms
[2019-10-23T16:25:42.647+0300][368.437s][info][gc] GC(1524) Pause Full (Ergonomics) 308M->40M(455M) 83.626ms
[2019-10-23T16:25:42.904+0300][368.695s][info][gc] GC(1525) Pause Young (Allocation Failure) 98M->98M(455M) 246.771ms
[2019-10-23T16:25:43.303+0300][369.093s][info][gc] GC(1526) Pause Young (Allocation Failure) 155M->156M(455M) 379.679ms
[2019-10-23T16:25:43.426+0300][369.216s][info][gc] GC(1527) Pause Young (Allocation Failure) 213M->213M(455M) 114.300ms
[2019-10-23T16:25:43.930+0300][369.720s][info][gc] GC(1528) Pause Young (Allocation Failure) 269M->269M(455M) 486.211ms
[2019-10-23T16:25:44.114+0300][369.905s][info][gc] GC(1529) Pause Young (Allocation Failure) 327M->327M(455M) 176.465ms
[2019-10-23T16:25:44.254+0300][370.044s][info][gc] GC(1530) Pause Full (Ergonomics) 327M->59M(455M) 139.318ms
[2019-10-23T16:25:44.517+0300][370.308s][info][gc] GC(1531) Pause Young (Allocation Failure) 116M->117M(455M) 255.072ms
[2019-10-23T16:25:44.836+0300][370.627s][info][gc] GC(1532) Pause Young (Allocation Failure) 174M->174M(455M) 300.606ms
[2019-10-23T16:25:44.965+0300][370.756s][info][gc] GC(1533) Pause Young (Allocation Failure) 232M->232M(455M) 119.858ms
[2019-10-23T16:25:45.387+0300][371.178s][info][gc] GC(1534) Pause Young (Allocation Failure) 289M->290M(455M) 402.214ms
[2019-10-23T16:25:45.510+0300][371.302s][info][gc] GC(1535) Pause Young (Allocation Failure) 347M->347M(455M) 115.204ms
[2019-10-23T16:25:45.729+0300][371.520s][info][gc] GC(1536) Pause Full (Ergonomics) 347M->79M(455M) 218.035ms
[2019-10-23T16:25:46.014+0300][371.805s][info][gc] GC(1537) Pause Young (Allocation Failure) 135M->135M(455M) 265.951ms
[2019-10-23T16:25:46.238+0300][372.029s][info][gc] GC(1538) Pause Young (Allocation Failure) 193M->193M(455M) 214.707ms
[2019-10-23T16:25:46.376+0300][372.167s][info][gc] GC(1539) Pause Young (Allocation Failure) 250M->250M(455M) 128.828ms
[2019-10-23T16:25:46.696+0300][372.487s][info][gc] GC(1540) Pause Young (Allocation Failure) 308M->308M(455M) 301.181ms
[2019-10-23T16:25:46.782+0300][372.573s][info][gc] GC(1541) Pause Full (Ergonomics) 308M->40M(455M) 85.570ms
[2019-10-23T16:25:47.065+0300][372.856s][info][gc] GC(1542) Pause Young (Allocation Failure) 98M->98M(455M) 274.474ms
[2019-10-23T16:25:47.462+0300][373.253s][info][gc] GC(1543) Pause Young (Allocation Failure) 155M->156M(455M) 379.577ms
[2019-10-23T16:25:47.582+0300][373.373s][info][gc] GC(1544) Pause Young (Allocation Failure) 213M->213M(455M) 111.251ms
[2019-10-23T16:25:48.123+0300][373.914s][info][gc] GC(1545) Pause Young (Allocation Failure) 269M->269M(455M) 519.967ms
[2019-10-23T16:25:48.331+0300][374.121s][info][gc] GC(1546) Pause Young (Allocation Failure) 327M->327M(455M) 198.916ms
[2019-10-23T16:25:48.478+0300][374.270s][info][gc] GC(1547) Pause Full (Ergonomics) 327M->59M(455M) 148.279ms
[2019-10-23T16:25:48.749+0300][374.540s][info][gc] GC(1548) Pause Young (Allocation Failure) 116M->117M(455M) 260.856ms
[2019-10-23T16:25:49.060+0300][374.851s][info][gc] GC(1549) Pause Young (Allocation Failure) 174M->174M(455M) 292.443ms
[2019-10-23T16:25:49.184+0300][374.975s][info][gc] GC(1550) Pause Young (Allocation Failure) 232M->232M(455M) 115.221ms
[2019-10-23T16:25:49.624+0300][375.415s][info][gc] GC(1551) Pause Young (Allocation Failure) 289M->290M(455M) 419.756ms
[2019-10-23T16:25:49.743+0300][375.534s][info][gc] GC(1552) Pause Young (Allocation Failure) 347M->347M(455M) 110.424ms
[2019-10-23T16:25:49.944+0300][375.735s][info][gc] GC(1553) Pause Full (Ergonomics) 347M->79M(455M) 201.527ms
[2019-10-23T16:25:50.204+0300][375.995s][info][gc] GC(1554) Pause Young (Allocation Failure) 135M->135M(455M) 241.134ms
[2019-10-23T16:25:50.413+0300][376.204s][info][gc] GC(1555) Pause Young (Allocation Failure) 193M->193M(455M) 200.289ms
[2019-10-23T16:25:50.552+0300][376.343s][info][gc] GC(1556) Pause Young (Allocation Failure) 250M->250M(455M) 129.887ms
[2019-10-23T16:25:50.870+0300][376.661s][info][gc] GC(1557) Pause Young (Allocation Failure) 308M->308M(455M) 298.999ms
[2019-10-23T16:25:50.959+0300][376.750s][info][gc] GC(1558) Pause Full (Ergonomics) 308M->40M(455M) 88.987ms
[2019-10-23T16:25:51.224+0300][377.015s][info][gc] GC(1559) Pause Young (Allocation Failure) 98M->98M(455M) 256.218ms
[2019-10-23T16:25:51.661+0300][377.452s][info][gc] GC(1560) Pause Young (Allocation Failure) 155M->156M(455M) 417.509ms
[2019-10-23T16:25:51.783+0300][377.573s][info][gc] GC(1561) Pause Young (Allocation Failure) 213M->213M(455M) 112.693ms
[2019-10-23T16:25:52.281+0300][378.072s][info][gc] GC(1562) Pause Young (Allocation Failure) 269M->269M(455M) 477.654ms
[2019-10-23T16:25:52.490+0300][378.281s][info][gc] GC(1563) Pause Young (Allocation Failure) 327M->327M(455M) 200.103ms
[2019-10-23T16:25:52.641+0300][378.432s][info][gc] GC(1564) Pause Full (Ergonomics) 327M->59M(455M) 150.837ms
[2019-10-23T16:25:52.901+0300][378.692s][info][gc] GC(1565) Pause Young (Allocation Failure) 116M->117M(455M) 251.228ms
[2019-10-23T16:25:53.205+0300][378.995s][info][gc] GC(1566) Pause Young (Allocation Failure) 174M->174M(455M) 284.179ms
[2019-10-23T16:25:53.332+0300][379.122s][info][gc] GC(1567) Pause Young (Allocation Failure) 232M->232M(455M) 118.497ms
[2019-10-23T16:25:53.770+0300][379.560s][info][gc] GC(1568) Pause Young (Allocation Failure) 289M->290M(455M) 418.066ms
[2019-10-23T16:25:53.892+0300][379.683s][info][gc] GC(1569) Pause Young (Allocation Failure) 347M->347M(455M) 113.561ms
[2019-10-23T16:25:54.108+0300][379.900s][info][gc] GC(1570) Pause Full (Ergonomics) 347M->79M(455M) 216.600ms
[2019-10-23T16:25:54.381+0300][380.172s][info][gc] GC(1571) Pause Young (Allocation Failure) 135M->135M(455M) 254.525ms
[2019-10-23T16:25:54.562+0300][380.353s][info][gc] GC(1572) Pause Young (Allocation Failure) 193M->193M(455M) 172.842ms
[2019-10-23T16:25:54.702+0300][380.493s][info][gc] GC(1573) Pause Young (Allocation Failure) 250M->250M(455M) 129.035ms
[2019-10-23T16:25:55.013+0300][380.805s][info][gc] GC(1574) Pause Young (Allocation Failure) 308M->308M(455M) 292.367ms
[2019-10-23T16:25:55.091+0300][380.882s][info][gc] GC(1575) Pause Full (Ergonomics) 308M->40M(455M) 76.887ms
[2019-10-23T16:25:55.324+0300][381.115s][info][gc] GC(1576) Pause Young (Allocation Failure) 98M->98M(455M) 222.576ms
[2019-10-23T16:25:55.762+0300][381.553s][info][gc] GC(1577) Pause Young (Allocation Failure) 155M->156M(455M) 419.896ms
[2019-10-23T16:25:55.879+0300][381.670s][info][gc] GC(1578) Pause Young (Allocation Failure) 213M->213M(455M) 107.192ms
[2019-10-23T16:25:56.386+0300][382.177s][info][gc] GC(1579) Pause Young (Allocation Failure) 269M->269M(455M) 486.521ms
[2019-10-23T16:25:56.582+0300][382.373s][info][gc] GC(1580) Pause Young (Allocation Failure) 327M->327M(455M) 187.390ms
[2019-10-23T16:25:56.720+0300][382.511s][info][gc] GC(1581) Pause Full (Ergonomics) 327M->59M(455M) 138.503ms
[2019-10-23T16:25:56.994+0300][382.786s][info][gc] GC(1582) Pause Young (Allocation Failure) 116M->117M(455M) 265.642ms
[2019-10-23T16:25:57.331+0300][383.122s][info][gc] GC(1583) Pause Young (Allocation Failure) 174M->174M(455M) 316.990ms
[2019-10-23T16:25:57.464+0300][383.255s][info][gc] GC(1584) Pause Young (Allocation Failure) 232M->232M(455M) 122.800ms
[2019-10-23T16:25:57.868+0300][383.659s][info][gc] GC(1585) Pause Young (Allocation Failure) 289M->290M(455M) 383.714ms
[2019-10-23T16:25:57.984+0300][383.775s][info][gc] GC(1586) Pause Young (Allocation Failure) 347M->347M(455M) 106.933ms
[2019-10-23T16:25:58.200+0300][383.990s][info][gc] GC(1587) Pause Full (Ergonomics) 347M->79M(455M) 214.785ms
[2019-10-23T16:25:58.457+0300][384.248s][info][gc] GC(1588) Pause Young (Allocation Failure) 135M->135M(455M) 238.532ms
[2019-10-23T16:25:58.674+0300][384.464s][info][gc] GC(1589) Pause Young (Allocation Failure) 193M->193M(455M) 207.490ms
[2019-10-23T16:25:58.822+0300][384.612s][info][gc] GC(1590) Pause Young (Allocation Failure) 250M->250M(455M) 136.521ms
[2019-10-23T16:25:59.141+0300][384.931s][info][gc] GC(1591) Pause Young (Allocation Failure) 308M->308M(455M) 300.587ms
[2019-10-23T16:25:59.217+0300][385.008s][info][gc] GC(1592) Pause Full (Ergonomics) 308M->40M(455M) 76.067ms
[2019-10-23T16:25:59.485+0300][385.276s][info][gc] GC(1593) Pause Young (Allocation Failure) 98M->98M(455M) 257.069ms
[2019-10-23T16:25:59.919+0300][385.710s][info][gc] GC(1594) Pause Young (Allocation Failure) 155M->156M(455M) 415.536ms
[2019-10-23T16:26:00.045+0300][385.835s][info][gc] GC(1595) Pause Young (Allocation Failure) 213M->213M(455M) 115.998ms
[2019-10-23T16:26:00.554+0300][386.345s][info][gc] GC(1596) Pause Young (Allocation Failure) 269M->269M(455M) 489.406ms
[2019-10-23T16:26:00.745+0300][386.536s][info][gc] GC(1597) Pause Young (Allocation Failure) 327M->327M(455M) 182.795ms
[2019-10-23T16:26:00.875+0300][386.666s][info][gc] GC(1598) Pause Full (Ergonomics) 327M->59M(455M) 129.777ms
[2019-10-23T16:26:01.144+0300][386.935s][info][gc] GC(1599) Pause Young (Allocation Failure) 116M->117M(455M) 260.512ms
[2019-10-23T16:26:01.448+0300][387.239s][info][gc] GC(1600) Pause Young (Allocation Failure) 174M->174M(455M) 285.294ms
[2019-10-23T16:26:01.578+0300][387.369s][info][gc] GC(1601) Pause Young (Allocation Failure) 232M->232M(455M) 121.455ms
[2019-10-23T16:26:02.013+0300][387.804s][info][gc] GC(1602) Pause Young (Allocation Failure) 289M->290M(455M) 415.860ms
[2019-10-23T16:26:02.128+0300][387.919s][info][gc] GC(1603) Pause Young (Allocation Failure) 347M->347M(455M) 107.016ms
[2019-10-23T16:26:02.347+0300][388.137s][info][gc] GC(1604) Pause Full (Ergonomics) 347M->79M(455M) 217.841ms
[2019-10-23T16:26:02.615+0300][388.405s][info][gc] GC(1605) Pause Young (Allocation Failure) 135M->135M(455M) 250.214ms
[2019-10-23T16:26:02.804+0300][388.595s][info][gc] GC(1606) Pause Young (Allocation Failure) 193M->193M(455M) 180.654ms
[2019-10-23T16:26:02.944+0300][388.735s][info][gc] GC(1607) Pause Young (Allocation Failure) 250M->250M(455M) 128.940ms
[2019-10-23T16:26:03.232+0300][389.022s][info][gc] GC(1608) Pause Young (Allocation Failure) 308M->308M(455M) 269.226ms
[2019-10-23T16:26:03.318+0300][389.109s][info][gc] GC(1609) Pause Full (Ergonomics) 308M->40M(455M) 86.219ms
[2019-10-23T16:26:03.585+0300][389.375s][info][gc] GC(1610) Pause Young (Allocation Failure) 98M->98M(455M) 256.814ms
[2019-10-23T16:26:03.996+0300][389.787s][info][gc] GC(1611) Pause Young (Allocation Failure) 155M->156M(455M) 391.660ms
[2019-10-23T16:26:04.115+0300][389.905s][info][gc] GC(1612) Pause Young (Allocation Failure) 213M->213M(455M) 109.614ms
[2019-10-23T16:26:04.632+0300][390.422s][info][gc] GC(1613) Pause Young (Allocation Failure) 269M->270M(455M) 496.942ms
[2019-10-23T16:26:04.821+0300][390.612s][info][gc] GC(1614) Pause Young (Allocation Failure) 327M->327M(455M) 181.360ms
[2019-10-23T16:26:04.960+0300][390.751s][info][gc] GC(1615) Pause Full (Ergonomics) 327M->59M(455M) 139.216ms
[2019-10-23T16:26:05.218+0300][391.009s][info][gc] GC(1616) Pause Young (Allocation Failure) 116M->117M(455M) 249.812ms
[2019-10-23T16:26:05.518+0300][391.310s][info][gc] GC(1617) Pause Young (Allocation Failure) 174M->174M(455M) 281.812ms
[2019-10-23T16:26:05.646+0300][391.437s][info][gc] GC(1618) Pause Young (Allocation Failure) 232M->232M(455M) 117.589ms
[2019-10-23T16:26:06.076+0300][391.867s][info][gc] GC(1619) Pause Young (Allocation Failure) 289M->290M(455M) 410.407ms
[2019-10-23T16:26:06.197+0300][391.988s][info][gc] GC(1620) Pause Young (Allocation Failure) 347M->347M(455M) 111.674ms
[2019-10-23T16:26:06.417+0300][392.208s][info][gc] GC(1621) Pause Full (Ergonomics) 347M->79M(455M) 220.356ms
[2019-10-23T16:26:06.674+0300][392.465s][info][gc] GC(1622) Pause Young (Allocation Failure) 135M->135M(455M) 239.067ms
[2019-10-23T16:26:06.879+0300][392.670s][info][gc] GC(1623) Pause Young (Allocation Failure) 193M->193M(455M) 195.886ms
[2019-10-23T16:26:07.016+0300][392.807s][info][gc] GC(1624) Pause Young (Allocation Failure) 250M->250M(455M) 128.170ms
[2019-10-23T16:26:07.331+0300][393.123s][info][gc] GC(1625) Pause Young (Allocation Failure) 308M->308M(455M) 297.250ms
[2019-10-23T16:26:07.420+0300][393.211s][info][gc] GC(1626) Pause Full (Ergonomics) 308M->40M(455M) 87.950ms
[2019-10-23T16:26:07.687+0300][393.479s][info][gc] GC(1627) Pause Young (Allocation Failure) 98M->98M(455M) 257.536ms
[2019-10-23T16:26:08.115+0300][393.907s][info][gc] GC(1628) Pause Young (Allocation Failure) 155M->156M(455M) 408.093ms
[2019-10-23T16:26:08.235+0300][394.026s][info][gc] GC(1629) Pause Young (Allocation Failure) 213M->213M(455M) 111.003ms
[2019-10-23T16:26:08.759+0300][394.550s][info][gc] GC(1630) Pause Young (Allocation Failure) 269M->269M(455M) 503.357ms
[2019-10-23T16:26:08.963+0300][394.754s][info][gc] GC(1631) Pause Young (Allocation Failure) 327M->327M(455M) 195.533ms
[2019-10-23T16:26:09.114+0300][394.905s][info][gc] GC(1632) Pause Full (Ergonomics) 327M->59M(455M) 151.130ms
[2019-10-23T16:26:09.364+0300][395.154s][info][gc] GC(1633) Pause Young (Allocation Failure) 116M->117M(455M) 240.667ms
[2019-10-23T16:26:09.673+0300][395.464s][info][gc] GC(1634) Pause Young (Allocation Failure) 174M->174M(455M) 290.543ms
[2019-10-23T16:26:09.800+0300][395.591s][info][gc] GC(1635) Pause Young (Allocation Failure) 232M->232M(455M) 118.071ms
[2019-10-23T16:26:10.220+0300][396.010s][info][gc] GC(1636) Pause Young (Allocation Failure) 289M->290M(455M) 399.944ms
[2019-10-23T16:26:10.343+0300][396.134s][info][gc] GC(1637) Pause Young (Allocation Failure) 347M->347M(455M) 114.633ms
[2019-10-23T16:26:10.567+0300][396.358s][info][gc] GC(1638) Pause Full (Ergonomics) 347M->79M(455M) 223.710ms
[2019-10-23T16:26:10.832+0300][396.624s][info][gc] GC(1639) Pause Young (Allocation Failure) 135M->135M(455M) 246.763ms
[2019-10-23T16:26:11.025+0300][396.816s][info][gc] GC(1640) Pause Young (Allocation Failure) 193M->193M(455M) 183.923ms
[2019-10-23T16:26:11.162+0300][396.954s][info][gc] GC(1641) Pause Young (Allocation Failure) 250M->250M(455M) 129.069ms
[2019-10-23T16:26:11.493+0300][397.284s][info][gc] GC(1642) Pause Young (Allocation Failure) 308M->308M(455M) 311.443ms
[2019-10-23T16:26:11.580+0300][397.371s][info][gc] GC(1643) Pause Full (Ergonomics) 308M->40M(455M) 87.146ms
[2019-10-23T16:26:11.844+0300][397.635s][info][gc] GC(1644) Pause Young (Allocation Failure) 98M->98M(455M) 253.612ms
[2019-10-23T16:26:12.255+0300][398.046s][info][gc] GC(1645) Pause Young (Allocation Failure) 155M->156M(455M) 393.365ms
[2019-10-23T16:26:12.380+0300][398.171s][info][gc] GC(1646) Pause Young (Allocation Failure) 213M->213M(455M) 114.906ms
[2019-10-23T16:26:12.896+0300][398.686s][info][gc] GC(1647) Pause Young (Allocation Failure) 269M->269M(455M) 495.993ms
[2019-10-23T16:26:13.095+0300][398.886s][info][gc] GC(1648) Pause Young (Allocation Failure) 327M->327M(455M) 191.902ms
[2019-10-23T16:26:13.231+0300][399.022s][info][gc] GC(1649) Pause Full (Ergonomics) 327M->59M(455M) 135.088ms
[2019-10-23T16:26:13.498+0300][399.289s][info][gc] GC(1650) Pause Young (Allocation Failure) 116M->117M(455M) 258.728ms
[2019-10-23T16:26:13.809+0300][399.600s][info][gc] GC(1651) Pause Young (Allocation Failure) 174M->174M(455M) 291.677ms
[2019-10-23T16:26:13.936+0300][399.727s][info][gc] GC(1652) Pause Young (Allocation Failure) 232M->232M(455M) 118.446ms
[2019-10-23T16:26:14.359+0300][400.151s][info][gc] GC(1653) Pause Young (Allocation Failure) 289M->290M(455M) 404.985ms
[2019-10-23T16:26:14.478+0300][400.269s][info][gc] GC(1654) Pause Young (Allocation Failure) 347M->347M(455M) 109.443ms
[2019-10-23T16:26:14.671+0300][400.462s][info][gc] GC(1655) Pause Full (Ergonomics) 347M->79M(455M) 192.953ms
[2019-10-23T16:26:14.944+0300][400.735s][info][gc] GC(1656) Pause Young (Allocation Failure) 135M->135M(455M) 254.986ms
[2019-10-23T16:26:15.147+0300][400.938s][info][gc] GC(1657) Pause Young (Allocation Failure) 193M->193M(455M) 194.246ms
[2019-10-23T16:26:15.284+0300][401.075s][info][gc] GC(1658) Pause Young (Allocation Failure) 250M->250M(455M) 127.627ms
[2019-10-23T16:26:15.594+0300][401.385s][info][gc] GC(1659) Pause Young (Allocation Failure) 308M->308M(455M) 290.994ms
[2019-10-23T16:26:15.673+0300][401.463s][info][gc] GC(1660) Pause Full (Ergonomics) 308M->40M(455M) 78.161ms
[2019-10-23T16:26:15.944+0300][401.735s][info][gc] GC(1661) Pause Young (Allocation Failure) 98M->98M(455M) 261.576ms
[2019-10-23T16:26:16.352+0300][402.142s][info][gc] GC(1662) Pause Young (Allocation Failure) 155M->156M(455M) 388.806ms
[2019-10-23T16:26:16.470+0300][402.261s][info][gc] GC(1663) Pause Young (Allocation Failure) 213M->213M(455M) 110.019ms
[2019-10-23T16:26:16.978+0300][402.769s][info][gc] GC(1664) Pause Young (Allocation Failure) 269M->269M(455M) 487.436ms
[2019-10-23T16:26:17.190+0300][402.981s][info][gc] GC(1665) Pause Young (Allocation Failure) 327M->327M(455M) 203.432ms
[2019-10-23T16:26:17.338+0300][403.129s][info][gc] GC(1666) Pause Full (Ergonomics) 327M->59M(455M) 147.832ms
[2019-10-23T16:26:17.601+0300][403.392s][info][gc] GC(1667) Pause Young (Allocation Failure) 116M->117M(455M) 254.088ms
[2019-10-23T16:26:17.908+0300][403.699s][info][gc] GC(1668) Pause Young (Allocation Failure) 174M->174M(455M) 289.550ms
[2019-10-23T16:26:18.036+0300][403.826s][info][gc] GC(1669) Pause Young (Allocation Failure) 232M->232M(455M) 118.897ms
[2019-10-23T16:26:18.486+0300][404.277s][info][gc] GC(1670) Pause Young (Allocation Failure) 289M->290M(455M) 432.215ms
[2019-10-23T16:26:18.607+0300][404.398s][info][gc] GC(1671) Pause Young (Allocation Failure) 347M->347M(455M) 112.235ms
[2019-10-23T16:26:18.824+0300][404.614s][info][gc] GC(1672) Pause Full (Ergonomics) 347M->79M(455M) 216.418ms
[2019-10-23T16:26:19.063+0300][404.854s][info][gc] GC(1673) Pause Young (Allocation Failure) 135M->135M(455M) 221.704ms
[2019-10-23T16:26:19.272+0300][405.063s][info][gc] GC(1674) Pause Young (Allocation Failure) 193M->193M(455M) 200.622ms
[2019-10-23T16:26:19.410+0300][405.201s][info][gc] GC(1675) Pause Young (Allocation Failure) 250M->250M(455M) 128.885ms
[2019-10-23T16:26:19.745+0300][405.535s][info][gc] GC(1676) Pause Young (Allocation Failure) 308M->308M(455M) 314.717ms
[2019-10-23T16:26:19.832+0300][405.623s][info][gc] GC(1677) Pause Full (Ergonomics) 308M->40M(455M) 87.150ms
[2019-10-23T16:26:20.100+0300][405.890s][info][gc] GC(1678) Pause Young (Allocation Failure) 98M->98M(455M) 257.029ms
[2019-10-23T16:26:20.541+0300][406.331s][info][gc] GC(1679) Pause Young (Allocation Failure) 155M->156M(455M) 420.949ms
[2019-10-23T16:26:20.659+0300][406.450s][info][gc] GC(1680) Pause Young (Allocation Failure) 213M->213M(455M) 109.838ms
[2019-10-23T16:26:21.187+0300][406.978s][info][gc] GC(1681) Pause Young (Allocation Failure) 269M->269M(455M) 509.024ms
[2019-10-23T16:26:21.405+0300][407.196s][info][gc] GC(1682) Pause Young (Allocation Failure) 327M->327M(455M) 210.120ms
[2019-10-23T16:26:21.549+0300][407.340s][info][gc] GC(1683) Pause Full (Ergonomics) 327M->59M(455M) 143.740ms
[2019-10-23T16:26:21.814+0300][407.605s][info][gc] GC(1684) Pause Young (Allocation Failure) 116M->117M(455M) 256.362ms
[2019-10-23T16:26:22.126+0300][407.917s][info][gc] GC(1685) Pause Young (Allocation Failure) 174M->174M(455M) 293.227ms
[2019-10-23T16:26:22.251+0300][408.043s][info][gc] GC(1686) Pause Young (Allocation Failure) 232M->232M(455M) 116.317ms
[2019-10-23T16:26:22.685+0300][408.476s][info][gc] GC(1687) Pause Young (Allocation Failure) 289M->290M(455M) 414.339ms
[2019-10-23T16:26:22.805+0300][408.597s][info][gc] GC(1688) Pause Young (Allocation Failure) 347M->347M(455M) 111.187ms
[2019-10-23T16:26:23.002+0300][408.793s][info][gc] GC(1689) Pause Full (Ergonomics) 347M->79M(455M) 196.078ms
[2019-10-23T16:26:23.273+0300][409.064s][info][gc] GC(1690) Pause Young (Allocation Failure) 135M->135M(455M) 251.240ms
[2019-10-23T16:26:23.481+0300][409.272s][info][gc] GC(1691) Pause Young (Allocation Failure) 193M->193M(455M) 198.573ms
[2019-10-23T16:26:23.622+0300][409.414s][info][gc] GC(1692) Pause Young (Allocation Failure) 250M->250M(455M) 130.765ms
[2019-10-23T16:26:23.969+0300][409.760s][info][gc] GC(1693) Pause Young (Allocation Failure) 308M->308M(455M) 326.853ms
[2019-10-23T16:26:24.036+0300][409.827s][info][gc] GC(1694) Pause Full (Ergonomics) 308M->40M(455M) 67.021ms
[2019-10-23T16:26:24.313+0300][410.104s][info][gc] GC(1695) Pause Young (Allocation Failure) 98M->98M(455M) 265.420ms
[2019-10-23T16:26:24.734+0300][410.525s][info][gc] GC(1696) Pause Young (Allocation Failure) 155M->156M(455M) 401.235ms
[2019-10-23T16:26:24.860+0300][410.651s][info][gc] GC(1697) Pause Young (Allocation Failure) 213M->213M(455M) 116.768ms
[2019-10-23T16:26:25.371+0300][411.161s][info][gc] GC(1698) Pause Young (Allocation Failure) 269M->269M(455M) 489.366ms
[2019-10-23T16:26:25.576+0300][411.366s][info][gc] GC(1699) Pause Young (Allocation Failure) 327M->327M(455M) 196.209ms
[2019-10-23T16:26:25.723+0300][411.513s][info][gc] GC(1700) Pause Full (Ergonomics) 327M->59M(455M) 146.473ms
[2019-10-23T16:26:26.001+0300][411.791s][info][gc] GC(1701) Pause Young (Allocation Failure) 116M->117M(455M) 266.772ms
[2019-10-23T16:26:26.337+0300][412.128s][info][gc] GC(1702) Pause Young (Allocation Failure) 174M->174M(455M) 317.381ms
[2019-10-23T16:26:26.468+0300][412.258s][info][gc] GC(1703) Pause Young (Allocation Failure) 232M->232M(455M) 121.734ms
[2019-10-23T16:26:26.901+0300][412.692s][info][gc] GC(1704) Pause Young (Allocation Failure) 289M->290M(455M) 413.686ms
[2019-10-23T16:26:27.018+0300][412.809s][info][gc] GC(1705) Pause Young (Allocation Failure) 347M->347M(455M) 105.032ms
[2019-10-23T16:26:27.241+0300][413.032s][info][gc] GC(1706) Pause Full (Ergonomics) 347M->79M(455M) 223.431ms
[2019-10-23T16:26:27.517+0300][413.308s][info][gc] GC(1707) Pause Young (Allocation Failure) 135M->135M(455M) 256.399ms
[2019-10-23T16:26:27.708+0300][413.499s][info][gc] GC(1708) Pause Young (Allocation Failure) 193M->193M(455M) 181.841ms
[2019-10-23T16:26:27.854+0300][413.645s][info][gc] GC(1709) Pause Young (Allocation Failure) 250M->250M(455M) 135.222ms
[2019-10-23T16:26:28.149+0300][413.940s][info][gc] GC(1710) Pause Young (Allocation Failure) 308M->308M(455M) 275.900ms
[2019-10-23T16:26:28.223+0300][414.014s][info][gc] GC(1711) Pause Full (Ergonomics) 308M->40M(455M) 73.402ms
[2019-10-23T16:26:28.485+0300][414.276s][info][gc] GC(1712) Pause Young (Allocation Failure) 98M->98M(455M) 253.649ms
[2019-10-23T16:26:28.921+0300][414.711s][info][gc] GC(1713) Pause Young (Allocation Failure) 155M->156M(455M) 415.371ms
[2019-10-23T16:26:29.046+0300][414.837s][info][gc] GC(1714) Pause Young (Allocation Failure) 213M->213M(455M) 115.894ms
[2019-10-23T16:26:29.559+0300][415.350s][info][gc] GC(1715) Pause Young (Allocation Failure) 269M->269M(455M) 492.069ms
[2019-10-23T16:26:29.758+0300][415.549s][info][gc] GC(1716) Pause Young (Allocation Failure) 327M->327M(455M) 189.962ms
[2019-10-23T16:26:29.901+0300][415.692s][info][gc] GC(1717) Pause Full (Ergonomics) 327M->59M(455M) 142.501ms
[2019-10-23T16:26:30.172+0300][415.963s][info][gc] GC(1718) Pause Young (Allocation Failure) 116M->117M(455M) 262.216ms
[2019-10-23T16:26:30.488+0300][416.279s][info][gc] GC(1719) Pause Young (Allocation Failure) 174M->174M(455M) 297.758ms
[2019-10-23T16:26:30.621+0300][416.412s][info][gc] GC(1720) Pause Young (Allocation Failure) 232M->232M(455M) 121.650ms
[2019-10-23T16:26:31.059+0300][416.850s][info][gc] GC(1721) Pause Young (Allocation Failure) 289M->290M(455M) 418.228ms
[2019-10-23T16:26:31.181+0300][416.972s][info][gc] GC(1722) Pause Young (Allocation Failure) 347M->347M(455M) 112.045ms
[2019-10-23T16:26:31.379+0300][417.170s][info][gc] GC(1723) Pause Full (Ergonomics) 347M->79M(455M) 198.123ms
[2019-10-23T16:26:31.656+0300][417.447s][info][gc] GC(1724) Pause Young (Allocation Failure) 135M->135M(455M) 258.335ms
[2019-10-23T16:26:31.845+0300][417.635s][info][gc] GC(1725) Pause Young (Allocation Failure) 193M->193M(455M) 179.426ms
[2019-10-23T16:26:31.980+0300][417.771s][info][gc] GC(1726) Pause Young (Allocation Failure) 250M->250M(455M) 127.281ms
[2019-10-23T16:26:32.280+0300][418.072s][info][gc] GC(1727) Pause Young (Allocation Failure) 308M->308M(455M) 281.342ms
[2019-10-23T16:26:32.366+0300][418.157s][info][gc] GC(1728) Pause Full (Ergonomics) 308M->40M(455M) 85.151ms
[2019-10-23T16:26:32.631+0300][418.422s][info][gc] GC(1729) Pause Young (Allocation Failure) 98M->98M(455M) 256.491ms
[2019-10-23T16:26:33.060+0300][418.852s][info][gc] GC(1730) Pause Young (Allocation Failure) 155M->156M(455M) 410.681ms
[2019-10-23T16:26:33.179+0300][418.971s][info][gc] GC(1731) Pause Young (Allocation Failure) 213M->213M(455M) 109.934ms
[2019-10-23T16:26:33.702+0300][419.493s][info][gc] GC(1732) Pause Young (Allocation Failure) 269M->269M(455M) 500.595ms
[2019-10-23T16:26:33.867+0300][419.658s][info][gc] GC(1733) Pause Young (Allocation Failure) 327M->327M(455M) 156.981ms
[2019-10-23T16:26:34.017+0300][419.808s][info][gc] GC(1734) Pause Full (Ergonomics) 327M->59M(455M) 149.948ms
[2019-10-23T16:26:34.269+0300][420.060s][info][gc] GC(1735) Pause Young (Allocation Failure) 116M->117M(455M) 243.008ms
[2019-10-23T16:26:34.597+0300][420.387s][info][gc] GC(1736) Pause Young (Allocation Failure) 174M->174M(455M) 309.692ms
[2019-10-23T16:26:34.725+0300][420.515s][info][gc] GC(1737) Pause Young (Allocation Failure) 232M->232M(455M) 118.771ms
[2019-10-23T16:26:35.145+0300][420.936s][info][gc] GC(1738) Pause Young (Allocation Failure) 289M->290M(455M) 402.312ms
[2019-10-23T16:26:35.266+0300][421.056s][info][gc] GC(1739) Pause Young (Allocation Failure) 347M->347M(455M) 111.748ms
[2019-10-23T16:26:35.475+0300][421.266s][info][gc] GC(1740) Pause Full (Ergonomics) 347M->79M(455M) 209.395ms
[2019-10-23T16:26:35.745+0300][421.536s][info][gc] GC(1741) Pause Young (Allocation Failure) 135M->135M(455M) 250.562ms
[2019-10-23T16:26:35.952+0300][421.743s][info][gc] GC(1742) Pause Young (Allocation Failure) 193M->193M(455M) 197.939ms
[2019-10-23T16:26:36.089+0300][421.880s][info][gc] GC(1743) Pause Young (Allocation Failure) 250M->250M(455M) 128.688ms
[2019-10-23T16:26:36.414+0300][422.205s][info][gc] GC(1744) Pause Young (Allocation Failure) 308M->308M(455M) 304.548ms
[2019-10-23T16:26:36.489+0300][422.280s][info][gc] GC(1745) Pause Full (Ergonomics) 308M->40M(455M) 75.273ms
[2019-10-23T16:26:36.751+0300][422.542s][info][gc] GC(1746) Pause Young (Allocation Failure) 98M->98M(455M) 252.959ms
[2019-10-23T16:26:37.197+0300][422.988s][info][gc] GC(1747) Pause Young (Allocation Failure) 155M->156M(455M) 427.000ms
[2019-10-23T16:26:37.317+0300][423.108s][info][gc] GC(1748) Pause Young (Allocation Failure) 213M->213M(455M) 109.578ms
[2019-10-23T16:26:37.821+0300][423.612s][info][gc] GC(1749) Pause Young (Allocation Failure) 269M->269M(455M) 483.985ms
[2019-10-23T16:26:38.003+0300][423.794s][info][gc] GC(1750) Pause Young (Allocation Failure) 327M->327M(455M) 174.507ms
[2019-10-23T16:26:38.155+0300][423.946s][info][gc] GC(1751) Pause Full (Ergonomics) 327M->59M(455M) 151.204ms
[2019-10-23T16:26:38.423+0300][424.213s][info][gc] GC(1752) Pause Young (Allocation Failure) 116M->117M(455M) 259.021ms
[2019-10-23T16:26:38.735+0300][424.526s][info][gc] GC(1753) Pause Young (Allocation Failure) 174M->174M(455M) 294.336ms
[2019-10-23T16:26:38.864+0300][424.655s][info][gc] GC(1754) Pause Young (Allocation Failure) 232M->232M(455M) 119.885ms
[2019-10-23T16:26:39.302+0300][425.092s][info][gc] GC(1755) Pause Young (Allocation Failure) 289M->290M(455M) 418.765ms
[2019-10-23T16:26:39.430+0300][425.220s][info][gc] GC(1756) Pause Young (Allocation Failure) 347M->347M(455M) 117.416ms
[2019-10-23T16:26:39.637+0300][425.428s][info][gc] GC(1757) Pause Full (Ergonomics) 347M->79M(455M) 207.532ms
[2019-10-23T16:26:39.912+0300][425.703s][info][gc] GC(1758) Pause Young (Allocation Failure) 135M->135M(455M) 255.542ms
[2019-10-23T16:26:40.130+0300][425.921s][info][gc] GC(1759) Pause Young (Allocation Failure) 193M->193M(455M) 208.950ms
[2019-10-23T16:26:40.269+0300][426.060s][info][gc] GC(1760) Pause Young (Allocation Failure) 250M->250M(455M) 129.262ms
[2019-10-23T16:26:40.568+0300][426.359s][info][gc] GC(1761) Pause Young (Allocation Failure) 308M->308M(455M) 279.655ms
[2019-10-23T16:26:40.648+0300][426.440s][info][gc] GC(1762) Pause Full (Ergonomics) 308M->40M(455M) 80.122ms
[2019-10-23T16:26:40.922+0300][426.713s][info][gc] GC(1763) Pause Young (Allocation Failure) 98M->98M(455M) 262.954ms
[2019-10-23T16:26:41.358+0300][427.149s][info][gc] GC(1764) Pause Young (Allocation Failure) 155M->156M(455M) 416.717ms
[2019-10-23T16:26:41.477+0300][427.268s][info][gc] GC(1765) Pause Young (Allocation Failure) 213M->213M(455M) 108.191ms
[2019-10-23T16:26:42.008+0300][427.799s][info][gc] GC(1766) Pause Young (Allocation Failure) 269M->269M(455M) 509.664ms
[2019-10-23T16:26:42.203+0300][427.993s][info][gc] GC(1767) Pause Young (Allocation Failure) 327M->327M(455M) 185.024ms
[2019-10-23T16:26:42.347+0300][428.138s][info][gc] GC(1768) Pause Full (Ergonomics) 327M->59M(455M) 144.682ms
[2019-10-23T16:26:42.624+0300][428.415s][info][gc] GC(1769) Pause Young (Allocation Failure) 116M->117M(455M) 266.365ms
[2019-10-23T16:26:42.922+0300][428.713s][info][gc] GC(1770) Pause Young (Allocation Failure) 174M->174M(455M) 278.882ms
[2019-10-23T16:26:43.060+0300][428.851s][info][gc] GC(1771) Pause Young (Allocation Failure) 232M->232M(455M) 128.511ms
[2019-10-23T16:26:43.473+0300][429.264s][info][gc] GC(1772) Pause Young (Allocation Failure) 289M->290M(455M) 392.646ms
[2019-10-23T16:26:43.601+0300][429.391s][info][gc] GC(1773) Pause Young (Allocation Failure) 347M->347M(455M) 114.891ms
[2019-10-23T16:26:43.822+0300][429.613s][info][gc] GC(1774) Pause Full (Ergonomics) 347M->79M(455M) 221.502ms
[2019-10-23T16:26:44.099+0300][429.890s][info][gc] GC(1775) Pause Young (Allocation Failure) 135M->135M(455M) 258.853ms
[2019-10-23T16:26:44.307+0300][430.097s][info][gc] GC(1776) Pause Young (Allocation Failure) 193M->193M(455M) 199.046ms
[2019-10-23T16:26:44.448+0300][430.239s][info][gc] GC(1777) Pause Young (Allocation Failure) 250M->250M(455M) 130.872ms
[2019-10-23T16:26:44.761+0300][430.552s][info][gc] GC(1778) Pause Young (Allocation Failure) 308M->308M(455M) 295.146ms
[2019-10-23T16:26:44.845+0300][430.636s][info][gc] GC(1779) Pause Full (Ergonomics) 308M->40M(455M) 83.385ms
[2019-10-23T16:26:45.118+0300][430.909s][info][gc] GC(1780) Pause Young (Allocation Failure) 98M->98M(455M) 264.199ms
[2019-10-23T16:26:45.556+0300][431.347s][info][gc] GC(1781) Pause Young (Allocation Failure) 155M->156M(455M) 418.825ms
[2019-10-23T16:26:45.675+0300][431.466s][info][gc] GC(1782) Pause Young (Allocation Failure) 213M->213M(455M) 110.890ms
[2019-10-23T16:26:46.200+0300][431.991s][info][gc] GC(1783) Pause Young (Allocation Failure) 269M->269M(455M) 506.372ms
[2019-10-23T16:26:46.411+0300][432.202s][info][gc] GC(1784) Pause Young (Allocation Failure) 327M->327M(455M) 202.474ms
[2019-10-23T16:26:46.558+0300][432.349s][info][gc] GC(1785) Pause Full (Ergonomics) 327M->59M(455M) 146.563ms
[2019-10-23T16:26:46.818+0300][432.609s][info][gc] GC(1786) Pause Young (Allocation Failure) 116M->117M(455M) 251.418ms
[2019-10-23T16:26:47.143+0300][432.934s][info][gc] GC(1787) Pause Young (Allocation Failure) 174M->174M(455M) 306.266ms
[2019-10-23T16:26:47.272+0300][433.064s][info][gc] GC(1788) Pause Young (Allocation Failure) 232M->232M(455M) 120.321ms
[2019-10-23T16:26:47.688+0300][433.480s][info][gc] GC(1789) Pause Young (Allocation Failure) 289M->290M(455M) 397.295ms
[2019-10-23T16:26:47.812+0300][433.603s][info][gc] GC(1790) Pause Young (Allocation Failure) 347M->347M(455M) 113.391ms
[2019-10-23T16:26:48.020+0300][433.812s][info][gc] GC(1791) Pause Full (Ergonomics) 347M->79M(455M) 207.929ms
[2019-10-23T16:26:48.284+0300][434.075s][info][gc] GC(1792) Pause Young (Allocation Failure) 135M->135M(455M) 245.519ms
[2019-10-23T16:26:48.487+0300][434.278s][info][gc] GC(1793) Pause Young (Allocation Failure) 193M->193M(455M) 194.067ms
[2019-10-23T16:26:48.628+0300][434.419s][info][gc] GC(1794) Pause Young (Allocation Failure) 250M->250M(455M) 129.613ms
[2019-10-23T16:26:48.946+0300][434.737s][info][gc] GC(1795) Pause Young (Allocation Failure) 308M->308M(455M) 300.149ms
[2019-10-23T16:26:49.031+0300][434.822s][info][gc] GC(1796) Pause Full (Ergonomics) 308M->40M(455M) 84.779ms
[2019-10-23T16:26:49.288+0300][435.079s][info][gc] GC(1797) Pause Young (Allocation Failure) 98M->98M(455M) 246.744ms
[2019-10-23T16:26:49.723+0300][435.514s][info][gc] GC(1798) Pause Young (Allocation Failure) 155M->155M(455M) 415.021ms
[2019-10-23T16:26:49.844+0300][435.634s][info][gc] GC(1799) Pause Young (Allocation Failure) 213M->213M(455M) 110.872ms
[2019-10-23T16:26:50.364+0300][436.155s][info][gc] GC(1800) Pause Young (Allocation Failure) 269M->269M(455M) 500.387ms
[2019-10-23T16:26:50.565+0300][436.356s][info][gc] GC(1801) Pause Young (Allocation Failure) 327M->327M(455M) 193.190ms
[2019-10-23T16:26:50.706+0300][436.496s][info][gc] GC(1802) Pause Full (Ergonomics) 327M->59M(455M) 140.514ms
[2019-10-23T16:26:50.979+0300][436.770s][info][gc] GC(1803) Pause Young (Allocation Failure) 116M->117M(455M) 263.845ms
[2019-10-23T16:26:51.286+0300][437.076s][info][gc] GC(1804) Pause Young (Allocation Failure) 174M->174M(455M) 288.158ms
[2019-10-23T16:26:51.413+0300][437.203s][info][gc] GC(1805) Pause Young (Allocation Failure) 232M->232M(455M) 117.983ms
[2019-10-23T16:26:51.815+0300][437.606s][info][gc] GC(1806) Pause Young (Allocation Failure) 289M->290M(455M) 383.143ms
[2019-10-23T16:26:51.936+0300][437.727s][info][gc] GC(1807) Pause Young (Allocation Failure) 347M->347M(455M) 112.786ms
[2019-10-23T16:26:52.138+0300][437.929s][info][gc] GC(1808) Pause Full (Ergonomics) 347M->79M(455M) 201.718ms
[2019-10-23T16:26:52.403+0300][438.193s][info][gc] GC(1809) Pause Young (Allocation Failure) 135M->135M(455M) 246.248ms
[2019-10-23T16:26:52.613+0300][438.404s][info][gc] GC(1810) Pause Young (Allocation Failure) 193M->193M(455M) 200.971ms
[2019-10-23T16:26:52.750+0300][438.541s][info][gc] GC(1811) Pause Young (Allocation Failure) 250M->250M(455M) 127.800ms
[2019-10-23T16:26:53.051+0300][438.842s][info][gc] GC(1812) Pause Young (Allocation Failure) 308M->308M(455M) 280.251ms
[2019-10-23T16:26:53.131+0300][438.922s][info][gc] GC(1813) Pause Full (Ergonomics) 308M->40M(455M) 80.084ms
[2019-10-23T16:26:53.426+0300][439.218s][info][gc] GC(1814) Pause Young (Allocation Failure) 98M->98M(455M) 285.786ms
[2019-10-23T16:26:53.869+0300][439.660s][info][gc] GC(1815) Pause Young (Allocation Failure) 155M->156M(455M) 423.967ms
[2019-10-23T16:26:53.990+0300][439.781s][info][gc] GC(1816) Pause Young (Allocation Failure) 213M->213M(455M) 111.721ms
[2019-10-23T16:26:54.449+0300][440.240s][info][gc] GC(1817) Pause Young (Allocation Failure) 269M->269M(455M) 437.332ms
[2019-10-23T16:26:54.647+0300][440.438s][info][gc] GC(1818) Pause Young (Allocation Failure) 327M->327M(455M) 189.883ms
[2019-10-23T16:26:54.790+0300][440.580s][info][gc] GC(1819) Pause Full (Ergonomics) 327M->59M(455M) 142.585ms
[2019-10-23T16:26:55.040+0300][440.830s][info][gc] GC(1820) Pause Young (Allocation Failure) 116M->117M(455M) 241.455ms
[2019-10-23T16:26:55.336+0300][441.127s][info][gc] GC(1821) Pause Young (Allocation Failure) 174M->174M(455M) 278.569ms
[2019-10-23T16:26:55.462+0300][441.252s][info][gc] GC(1822) Pause Young (Allocation Failure) 232M->232M(455M) 116.776ms
[2019-10-23T16:26:55.878+0300][441.669s][info][gc] GC(1823) Pause Young (Allocation Failure) 289M->290M(455M) 397.646ms
[2019-10-23T16:26:56.001+0300][441.791s][info][gc] GC(1824) Pause Young (Allocation Failure) 347M->347M(455M) 112.611ms
[2019-10-23T16:26:56.232+0300][442.023s][info][gc] GC(1825) Pause Full (Ergonomics) 347M->79M(455M) 231.202ms
[2019-10-23T16:26:56.503+0300][442.294s][info][gc] GC(1826) Pause Young (Allocation Failure) 135M->135M(455M) 253.288ms
[2019-10-23T16:26:56.698+0300][442.490s][info][gc] GC(1827) Pause Young (Allocation Failure) 193M->193M(455M) 186.790ms
[2019-10-23T16:26:56.835+0300][442.626s][info][gc] GC(1828) Pause Young (Allocation Failure) 250M->250M(455M) 127.773ms
[2019-10-23T16:26:57.140+0300][442.931s][info][gc] GC(1829) Pause Young (Allocation Failure) 308M->308M(455M) 284.917ms
[2019-10-23T16:26:57.213+0300][443.005s][info][gc] GC(1830) Pause Full (Ergonomics) 308M->40M(455M) 73.272ms
[2019-10-23T16:26:57.445+0300][443.236s][info][gc] GC(1831) Pause Young (Allocation Failure) 98M->98M(455M) 221.191ms
[2019-10-23T16:26:57.865+0300][443.657s][info][gc] GC(1832) Pause Young (Allocation Failure) 156M->156M(455M) 400.349ms
[2019-10-23T16:26:57.990+0300][443.782s][info][gc] GC(1833) Pause Young (Allocation Failure) 213M->213M(455M) 116.007ms
[2019-10-23T16:26:58.489+0300][444.280s][info][gc] GC(1834) Pause Young (Allocation Failure) 269M->269M(455M) 478.360ms
[2019-10-23T16:26:58.683+0300][444.475s][info][gc] GC(1835) Pause Young (Allocation Failure) 327M->327M(455M) 186.146ms
[2019-10-23T16:26:58.838+0300][444.630s][info][gc] GC(1836) Pause Full (Ergonomics) 327M->59M(455M) 154.483ms
[2019-10-23T16:26:59.102+0300][444.893s][info][gc] GC(1837) Pause Young (Allocation Failure) 116M->117M(455M) 255.065ms
[2019-10-23T16:26:59.428+0300][445.218s][info][gc] GC(1838) Pause Young (Allocation Failure) 174M->174M(455M) 306.691ms
[2019-10-23T16:26:59.554+0300][445.345s][info][gc] GC(1839) Pause Young (Allocation Failure) 232M->232M(455M) 118.145ms
[2019-10-23T16:26:59.952+0300][445.743s][info][gc] GC(1840) Pause Young (Allocation Failure) 289M->290M(455M) 379.458ms
[2019-10-23T16:27:00.071+0300][445.862s][info][gc] GC(1841) Pause Young (Allocation Failure) 347M->347M(455M) 110.359ms
[2019-10-23T16:27:00.293+0300][446.084s][info][gc] GC(1842) Pause Full (Ergonomics) 347M->79M(455M) 221.662ms
[2019-10-23T16:27:00.555+0300][446.346s][info][gc] GC(1843) Pause Young (Allocation Failure) 135M->135M(455M) 242.601ms
[2019-10-23T16:27:00.740+0300][446.531s][info][gc] GC(1844) Pause Young (Allocation Failure) 193M->193M(455M) 175.448ms
[2019-10-23T16:27:00.876+0300][446.667s][info][gc] GC(1845) Pause Young (Allocation Failure) 250M->250M(455M) 127.812ms
[2019-10-23T16:27:01.153+0300][446.944s][info][gc] GC(1846) Pause Young (Allocation Failure) 308M->308M(455M) 257.670ms
[2019-10-23T16:27:01.215+0300][447.006s][info][gc] GC(1847) Pause Full (Ergonomics) 308M->40M(455M) 62.212ms
[2019-10-23T16:27:01.495+0300][447.286s][info][gc] GC(1848) Pause Young (Allocation Failure) 98M->98M(455M) 270.996ms
[2019-10-23T16:27:01.911+0300][447.702s][info][gc] GC(1849) Pause Young (Allocation Failure) 155M->156M(455M) 397.495ms
[2019-10-23T16:27:02.020+0300][447.811s][info][gc] GC(1850) Pause Young (Allocation Failure) 213M->213M(455M) 98.964ms
[2019-10-23T16:27:02.518+0300][448.309s][info][gc] GC(1851) Pause Young (Allocation Failure) 269M->269M(455M) 476.666ms
[2019-10-23T16:27:02.721+0300][448.512s][info][gc] GC(1852) Pause Young (Allocation Failure) 327M->327M(455M) 194.049ms
[2019-10-23T16:27:02.872+0300][448.662s][info][gc] GC(1853) Pause Full (Ergonomics) 327M->59M(455M) 150.335ms
[2019-10-23T16:27:03.141+0300][448.932s][info][gc] GC(1854) Pause Young (Allocation Failure) 116M->117M(455M) 260.505ms
[2019-10-23T16:27:03.448+0300][449.238s][info][gc] GC(1855) Pause Young (Allocation Failure) 174M->174M(455M) 286.856ms
[2019-10-23T16:27:03.578+0300][449.369s][info][gc] GC(1856) Pause Young (Allocation Failure) 232M->232M(455M) 118.676ms
[2019-10-23T16:27:03.984+0300][449.775s][info][gc] GC(1857) Pause Young (Allocation Failure) 289M->290M(455M) 386.317ms
[2019-10-23T16:27:04.103+0300][449.893s][info][gc] GC(1858) Pause Young (Allocation Failure) 347M->347M(455M) 109.741ms
[2019-10-23T16:27:04.332+0300][450.122s][info][gc] GC(1859) Pause Full (Ergonomics) 347M->79M(455M) 228.656ms
[2019-10-23T16:27:04.588+0300][450.379s][info][gc] GC(1860) Pause Young (Allocation Failure) 135M->135M(455M) 237.601ms
[2019-10-23T16:27:04.761+0300][450.551s][info][gc] GC(1861) Pause Young (Allocation Failure) 193M->193M(455M) 164.651ms
[2019-10-23T16:27:04.898+0300][450.689s][info][gc] GC(1862) Pause Young (Allocation Failure) 250M->250M(455M) 128.828ms
[2019-10-23T16:27:05.219+0300][451.010s][info][gc] GC(1863) Pause Young (Allocation Failure) 308M->308M(455M) 302.191ms
[2019-10-23T16:27:05.305+0300][451.096s][info][gc] GC(1864) Pause Full (Ergonomics) 308M->40M(455M) 85.812ms
[2019-10-23T16:27:05.519+0300][451.310s][info][gc] GC(1865) Pause Young (Allocation Failure) 98M->98M(455M) 203.516ms
[2019-10-23T16:27:05.955+0300][451.746s][info][gc] GC(1866) Pause Young (Allocation Failure) 155M->156M(455M) 418.075ms
[2019-10-23T16:27:06.071+0300][451.862s][info][gc] GC(1867) Pause Young (Allocation Failure) 213M->213M(455M) 106.693ms
[2019-10-23T16:27:06.611+0300][452.402s][info][gc] GC(1868) Pause Young (Allocation Failure) 269M->269M(455M) 519.464ms
[2019-10-23T16:27:06.790+0300][452.581s][info][gc] GC(1869) Pause Young (Allocation Failure) 327M->327M(455M) 170.627ms
[2019-10-23T16:27:06.942+0300][452.733s][info][gc] GC(1870) Pause Full (Ergonomics) 327M->59M(455M) 151.996ms
[2019-10-23T16:27:07.217+0300][453.007s][info][gc] GC(1871) Pause Young (Allocation Failure) 116M->117M(455M) 265.734ms
[2019-10-23T16:27:07.510+0300][453.301s][info][gc] GC(1872) Pause Young (Allocation Failure) 174M->174M(455M) 275.464ms
[2019-10-23T16:27:07.636+0300][453.427s][info][gc] GC(1873) Pause Young (Allocation Failure) 232M->232M(455M) 117.547ms
[2019-10-23T16:27:08.065+0300][453.855s][info][gc] GC(1874) Pause Young (Allocation Failure) 289M->290M(455M) 409.803ms
[2019-10-23T16:27:08.186+0300][453.976s][info][gc] GC(1875) Pause Young (Allocation Failure) 347M->347M(455M) 112.229ms
[2019-10-23T16:27:08.393+0300][454.184s][info][gc] GC(1876) Pause Full (Ergonomics) 347M->79M(455M) 207.229ms
[2019-10-23T16:27:08.642+0300][454.433s][info][gc] GC(1877) Pause Young (Allocation Failure) 135M->135M(455M) 229.686ms
[2019-10-23T16:27:08.854+0300][454.645s][info][gc] GC(1878) Pause Young (Allocation Failure) 193M->193M(455M) 202.709ms
[2019-10-23T16:27:08.991+0300][454.781s][info][gc] GC(1879) Pause Young (Allocation Failure) 250M->250M(455M) 127.681ms
[2019-10-23T16:27:09.316+0300][455.106s][info][gc] GC(1880) Pause Young (Allocation Failure) 308M->308M(455M) 306.521ms
[2019-10-23T16:27:09.398+0300][455.188s][info][gc] GC(1881) Pause Full (Ergonomics) 308M->40M(455M) 81.766ms
[2019-10-23T16:27:09.651+0300][455.442s][info][gc] GC(1882) Pause Young (Allocation Failure) 98M->98M(455M) 243.289ms
[2019-10-23T16:27:10.067+0300][455.858s][info][gc] GC(1883) Pause Young (Allocation Failure) 155M->156M(455M) 398.657ms
[2019-10-23T16:27:10.192+0300][455.983s][info][gc] GC(1884) Pause Young (Allocation Failure) 213M->213M(455M) 115.303ms
[2019-10-23T16:27:10.718+0300][456.509s][info][gc] GC(1885) Pause Young (Allocation Failure) 269M->269M(455M) 505.065ms
[2019-10-23T16:27:10.914+0300][456.705s][info][gc] GC(1886) Pause Young (Allocation Failure) 327M->327M(455M) 188.233ms
[2019-10-23T16:27:11.055+0300][456.846s][info][gc] GC(1887) Pause Full (Ergonomics) 327M->59M(455M) 140.387ms
[2019-10-23T16:27:11.312+0300][457.102s][info][gc] GC(1888) Pause Young (Allocation Failure) 116M->117M(455M) 247.338ms
[2019-10-23T16:27:11.621+0300][457.411s][info][gc] GC(1889) Pause Young (Allocation Failure) 174M->174M(455M) 289.523ms
[2019-10-23T16:27:11.751+0300][457.542s][info][gc] GC(1890) Pause Young (Allocation Failure) 232M->232M(455M) 119.966ms
[2019-10-23T16:27:12.179+0300][457.970s][info][gc] GC(1891) Pause Young (Allocation Failure) 289M->290M(455M) 408.469ms
[2019-10-23T16:27:12.291+0300][458.082s][info][gc] GC(1892) Pause Young (Allocation Failure) 347M->347M(455M) 103.296ms
[2019-10-23T16:27:12.518+0300][458.309s][info][gc] GC(1893) Pause Full (Ergonomics) 347M->79M(455M) 226.889ms
[2019-10-23T16:27:12.792+0300][458.583s][info][gc] GC(1894) Pause Young (Allocation Failure) 135M->135M(455M) 256.858ms
[2019-10-23T16:27:13.000+0300][458.791s][info][gc] GC(1895) Pause Young (Allocation Failure) 193M->193M(455M) 198.819ms
[2019-10-23T16:27:13.145+0300][458.936s][info][gc] GC(1896) Pause Young (Allocation Failure) 250M->250M(455M) 135.984ms
[2019-10-23T16:27:13.453+0300][459.244s][info][gc] GC(1897) Pause Young (Allocation Failure) 308M->308M(455M) 289.430ms
[2019-10-23T16:27:13.536+0300][459.327s][info][gc] GC(1898) Pause Full (Ergonomics) 308M->40M(455M) 82.422ms
[2019-10-23T16:27:13.752+0300][459.543s][info][gc] GC(1899) Pause Young (Allocation Failure) 98M->98M(455M) 205.128ms
[2019-10-23T16:27:14.158+0300][459.949s][info][gc] GC(1900) Pause Young (Allocation Failure) 155M->156M(455M) 387.047ms
[2019-10-23T16:27:14.284+0300][460.075s][info][gc] GC(1901) Pause Young (Allocation Failure) 213M->213M(455M) 116.663ms
[2019-10-23T16:27:14.791+0300][460.582s][info][gc] GC(1902) Pause Young (Allocation Failure) 269M->269M(455M) 486.315ms
[2019-10-23T16:27:14.996+0300][460.787s][info][gc] GC(1903) Pause Young (Allocation Failure) 327M->327M(455M) 196.175ms
[2019-10-23T16:27:15.136+0300][460.927s][info][gc] GC(1904) Pause Full (Ergonomics) 327M->59M(455M) 140.121ms
[2019-10-23T16:27:15.393+0300][461.184s][info][gc] GC(1905) Pause Young (Allocation Failure) 116M->117M(455M) 248.427ms
[2019-10-23T16:27:15.705+0300][461.496s][info][gc] GC(1906) Pause Young (Allocation Failure) 174M->174M(455M) 293.958ms
[2019-10-23T16:27:15.832+0300][461.622s][info][gc] GC(1907) Pause Young (Allocation Failure) 232M->232M(455M) 117.728ms
[2019-10-23T16:27:16.249+0300][462.040s][info][gc] GC(1908) Pause Young (Allocation Failure) 289M->290M(455M) 397.866ms
[2019-10-23T16:27:16.369+0300][462.160s][info][gc] GC(1909) Pause Young (Allocation Failure) 347M->347M(455M) 111.371ms
[2019-10-23T16:27:16.594+0300][462.385s][info][gc] GC(1910) Pause Full (Ergonomics) 347M->79M(455M) 225.145ms
[2019-10-23T16:27:16.839+0300][462.630s][info][gc] GC(1911) Pause Young (Allocation Failure) 135M->135M(455M) 226.362ms
[2019-10-23T16:27:17.044+0300][462.836s][info][gc] GC(1912) Pause Young (Allocation Failure) 193M->193M(455M) 197.804ms
[2019-10-23T16:27:17.184+0300][462.976s][info][gc] GC(1913) Pause Young (Allocation Failure) 250M->250M(455M) 128.816ms
[2019-10-23T16:27:17.504+0300][463.296s][info][gc] GC(1914) Pause Young (Allocation Failure) 308M->308M(455M) 299.962ms
[2019-10-23T16:27:17.581+0300][463.372s][info][gc] GC(1915) Pause Full (Ergonomics) 308M->40M(455M) 76.056ms
[2019-10-23T16:27:17.805+0300][463.596s][info][gc] GC(1916) Pause Young (Allocation Failure) 98M->98M(455M) 214.076ms
[2019-10-23T16:27:18.234+0300][464.025s][info][gc] GC(1917) Pause Young (Allocation Failure) 155M->155M(455M) 409.404ms
[2019-10-23T16:27:18.343+0300][464.134s][info][gc] GC(1918) Pause Young (Allocation Failure) 213M->213M(455M) 100.686ms
[2019-10-23T16:27:18.853+0300][464.644s][info][gc] GC(1919) Pause Young (Allocation Failure) 269M->269M(455M) 487.946ms
[2019-10-23T16:27:19.008+0300][464.799s][info][gc] GC(1920) Pause Young (Allocation Failure) 327M->327M(455M) 146.863ms
[2019-10-23T16:27:19.164+0300][464.955s][info][gc] GC(1921) Pause Full (Ergonomics) 327M->59M(455M) 156.131ms
[2019-10-23T16:27:19.446+0300][465.237s][info][gc] GC(1922) Pause Young (Allocation Failure) 116M->117M(455M) 273.038ms
[2019-10-23T16:27:19.772+0300][465.563s][info][gc] GC(1923) Pause Young (Allocation Failure) 174M->174M(455M) 307.867ms
[2019-10-23T16:27:19.901+0300][465.691s][info][gc] GC(1924) Pause Young (Allocation Failure) 232M->232M(455M) 118.923ms
[2019-10-23T16:27:20.348+0300][466.138s][info][gc] GC(1925) Pause Young (Allocation Failure) 289M->290M(455M) 427.833ms
[2019-10-23T16:27:20.460+0300][466.250s][info][gc] GC(1926) Pause Young (Allocation Failure) 347M->347M(455M) 102.451ms
[2019-10-23T16:27:20.640+0300][466.431s][info][gc] GC(1927) Pause Full (Ergonomics) 347M->79M(455M) 180.369ms
[2019-10-23T16:27:20.922+0300][466.713s][info][gc] GC(1928) Pause Young (Allocation Failure) 135M->135M(455M) 263.469ms
[2019-10-23T16:27:21.108+0300][466.899s][info][gc] GC(1929) Pause Young (Allocation Failure) 193M->193M(455M) 176.170ms
[2019-10-23T16:27:21.245+0300][467.036s][info][gc] GC(1930) Pause Young (Allocation Failure) 250M->250M(455M) 128.261ms
[2019-10-23T16:27:21.570+0300][467.361s][info][gc] GC(1931) Pause Young (Allocation Failure) 308M->308M(455M) 306.327ms
[2019-10-23T16:27:21.653+0300][467.444s][info][gc] GC(1932) Pause Full (Ergonomics) 308M->40M(455M) 82.610ms
[2019-10-23T16:27:21.910+0300][467.701s][info][gc] GC(1933) Pause Young (Allocation Failure) 98M->98M(455M) 246.352ms
[2019-10-23T16:27:22.292+0300][468.083s][info][gc] GC(1934) Pause Young (Allocation Failure) 155M->156M(455M) 362.828ms
[2019-10-23T16:27:22.404+0300][468.195s][info][gc] GC(1935) Pause Young (Allocation Failure) 213M->213M(455M) 103.663ms
[2019-10-23T16:27:22.922+0300][468.713s][info][gc] GC(1936) Pause Young (Allocation Failure) 269M->269M(455M) 495.800ms
[2019-10-23T16:27:23.134+0300][468.926s][info][gc] GC(1937) Pause Young (Allocation Failure) 327M->327M(455M) 203.895ms
[2019-10-23T16:27:23.275+0300][469.066s][info][gc] GC(1938) Pause Full (Ergonomics) 327M->59M(455M) 140.310ms
[2019-10-23T16:27:23.486+0300][469.277s][info][gc] GC(1939) Pause Young (Allocation Failure) 116M->117M(455M) 202.659ms
[2019-10-23T16:27:23.795+0300][469.586s][info][gc] GC(1940) Pause Young (Allocation Failure) 174M->174M(455M) 289.356ms
[2019-10-23T16:27:23.929+0300][469.720s][info][gc] GC(1941) Pause Young (Allocation Failure) 232M->232M(455M) 123.476ms
[2019-10-23T16:27:24.378+0300][470.168s][info][gc] GC(1942) Pause Young (Allocation Failure) 289M->290M(455M) 428.801ms
[2019-10-23T16:27:24.486+0300][470.277s][info][gc] GC(1943) Pause Young (Allocation Failure) 347M->347M(455M) 99.979ms
[2019-10-23T16:27:24.704+0300][470.495s][info][gc] GC(1944) Pause Full (Ergonomics) 347M->79M(455M) 217.502ms
[2019-10-23T16:27:24.958+0300][470.749s][info][gc] GC(1945) Pause Young (Allocation Failure) 135M->135M(455M) 235.260ms
[2019-10-23T16:27:25.167+0300][470.958s][info][gc] GC(1946) Pause Young (Allocation Failure) 193M->193M(455M) 200.066ms
[2019-10-23T16:27:25.304+0300][471.095s][info][gc] GC(1947) Pause Young (Allocation Failure) 250M->250M(455M) 128.731ms
[2019-10-23T16:27:25.593+0300][471.384s][info][gc] GC(1948) Pause Young (Allocation Failure) 308M->308M(455M) 270.713ms
[2019-10-23T16:27:25.674+0300][471.465s][info][gc] GC(1949) Pause Full (Ergonomics) 308M->40M(455M) 80.377ms
[2019-10-23T16:27:25.931+0300][471.722s][info][gc] GC(1950) Pause Young (Allocation Failure) 98M->98M(455M) 246.218ms
[2019-10-23T16:27:26.361+0300][472.152s][info][gc] GC(1951) Pause Young (Allocation Failure) 155M->156M(455M) 410.982ms
[2019-10-23T16:27:26.486+0300][472.277s][info][gc] GC(1952) Pause Young (Allocation Failure) 213M->213M(455M) 116.487ms
[2019-10-23T16:27:26.989+0300][472.779s][info][gc] GC(1953) Pause Young (Allocation Failure) 269M->269M(455M) 480.756ms
[2019-10-23T16:27:27.190+0300][472.980s][info][gc] GC(1954) Pause Young (Allocation Failure) 327M->327M(455M) 193.031ms
[2019-10-23T16:27:27.340+0300][473.131s][info][gc] GC(1955) Pause Full (Ergonomics) 327M->59M(455M) 150.434ms
[2019-10-23T16:27:27.604+0300][473.394s][info][gc] GC(1956) Pause Young (Allocation Failure) 116M->117M(455M) 254.260ms
[2019-10-23T16:27:27.906+0300][473.696s][info][gc] GC(1957) Pause Young (Allocation Failure) 174M->174M(455M) 283.581ms
[2019-10-23T16:27:28.031+0300][473.822s][info][gc] GC(1958) Pause Young (Allocation Failure) 232M->232M(455M) 114.490ms
[2019-10-23T16:27:28.445+0300][474.236s][info][gc] GC(1959) Pause Young (Allocation Failure) 289M->290M(455M) 395.655ms
[2019-10-23T16:27:28.579+0300][474.370s][info][gc] GC(1960) Pause Young (Allocation Failure) 347M->347M(455M) 122.190ms
[2019-10-23T16:27:28.785+0300][474.576s][info][gc] GC(1961) Pause Full (Ergonomics) 347M->79M(455M) 206.233ms
[2019-10-23T16:27:29.057+0300][474.848s][info][gc] GC(1962) Pause Young (Allocation Failure) 135M->135M(455M) 251.961ms
[2019-10-23T16:27:29.274+0300][475.065s][info][gc] GC(1963) Pause Young (Allocation Failure) 193M->193M(455M) 207.952ms
[2019-10-23T16:27:29.410+0300][475.201s][info][gc] GC(1964) Pause Young (Allocation Failure) 250M->250M(455M) 127.540ms
[2019-10-23T16:27:29.747+0300][475.537s][info][gc] GC(1965) Pause Young (Allocation Failure) 308M->308M(455M) 317.380ms
[2019-10-23T16:27:29.828+0300][475.618s][info][gc] GC(1966) Pause Full (Ergonomics) 308M->40M(455M) 80.773ms
[2019-10-23T16:27:30.102+0300][475.894s][info][gc] GC(1967) Pause Young (Allocation Failure) 98M->98M(455M) 266.731ms
[2019-10-23T16:27:30.520+0300][476.311s][info][gc] GC(1968) Pause Young (Allocation Failure) 155M->156M(455M) 398.310ms
[2019-10-23T16:27:30.641+0300][476.432s][info][gc] GC(1969) Pause Young (Allocation Failure) 213M->213M(455M) 111.111ms
[2019-10-23T16:27:31.152+0300][476.943s][info][gc] GC(1970) Pause Young (Allocation Failure) 269M->269M(455M) 490.240ms
[2019-10-23T16:27:31.362+0300][477.153s][info][gc] GC(1971) Pause Young (Allocation Failure) 327M->327M(455M) 202.566ms
[2019-10-23T16:27:31.500+0300][477.291s][info][gc] GC(1972) Pause Full (Ergonomics) 327M->59M(455M) 137.637ms
[2019-10-23T16:27:31.763+0300][477.554s][info][gc] GC(1973) Pause Young (Allocation Failure) 116M->117M(455M) 254.356ms
[2019-10-23T16:27:32.019+0300][477.810s][info][gc] GC(1974) Pause Young (Allocation Failure) 174M->174M(455M) 237.999ms
[2019-10-23T16:27:32.146+0300][477.937s][info][gc] GC(1975) Pause Young (Allocation Failure) 232M->232M(455M) 118.322ms
[2019-10-23T16:27:32.552+0300][478.343s][info][gc] GC(1976) Pause Young (Allocation Failure) 289M->290M(455M) 387.315ms
[2019-10-23T16:27:32.669+0300][478.460s][info][gc] GC(1977) Pause Young (Allocation Failure) 347M->347M(455M) 108.450ms
[2019-10-23T16:27:32.887+0300][478.678s][info][gc] GC(1978) Pause Full (Ergonomics) 347M->79M(455M) 217.321ms
[2019-10-23T16:27:33.143+0300][478.934s][info][gc] GC(1979) Pause Young (Allocation Failure) 135M->135M(455M) 237.710ms
[2019-10-23T16:27:33.329+0300][479.120s][info][gc] GC(1980) Pause Young (Allocation Failure) 193M->193M(455M) 176.912ms
[2019-10-23T16:27:33.475+0300][479.266s][info][gc] GC(1981) Pause Young (Allocation Failure) 250M->250M(455M) 134.739ms
[2019-10-23T16:27:33.797+0300][479.588s][info][gc] GC(1982) Pause Young (Allocation Failure) 308M->308M(455M) 302.933ms
[2019-10-23T16:27:33.884+0300][479.675s][info][gc] GC(1983) Pause Full (Ergonomics) 308M->40M(455M) 86.354ms
[2019-10-23T16:27:34.154+0300][479.944s][info][gc] GC(1984) Pause Young (Allocation Failure) 98M->98M(455M) 258.591ms
[2019-10-23T16:27:34.552+0300][480.343s][info][gc] GC(1985) Pause Young (Allocation Failure) 156M->156M(455M) 378.934ms
[2019-10-23T16:27:34.677+0300][480.468s][info][gc] GC(1986) Pause Young (Allocation Failure) 213M->213M(455M) 114.477ms
[2019-10-23T16:27:35.188+0300][480.979s][info][gc] GC(1987) Pause Young (Allocation Failure) 269M->269M(455M) 489.450ms
[2019-10-23T16:27:35.393+0300][481.184s][info][gc] GC(1988) Pause Young (Allocation Failure) 327M->327M(455M) 196.648ms
[2019-10-23T16:27:35.527+0300][481.318s][info][gc] GC(1989) Pause Full (Ergonomics) 327M->59M(455M) 134.310ms
[2019-10-23T16:27:35.796+0300][481.587s][info][gc] GC(1990) Pause Young (Allocation Failure) 116M->117M(455M) 259.963ms
[2019-10-23T16:27:36.121+0300][481.912s][info][gc] GC(1991) Pause Young (Allocation Failure) 174M->174M(455M) 306.033ms
[2019-10-23T16:27:36.253+0300][482.044s][info][gc] GC(1992) Pause Young (Allocation Failure) 232M->232M(455M) 121.180ms
[2019-10-23T16:27:36.652+0300][482.443s][info][gc] GC(1993) Pause Young (Allocation Failure) 289M->290M(455M) 380.259ms
[2019-10-23T16:27:36.779+0300][482.570s][info][gc] GC(1994) Pause Young (Allocation Failure) 347M->347M(455M) 114.031ms
[2019-10-23T16:27:36.989+0300][482.780s][info][gc] GC(1995) Pause Full (Ergonomics) 347M->79M(455M) 209.951ms
[2019-10-23T16:27:37.255+0300][483.046s][info][gc] GC(1996) Pause Young (Allocation Failure) 135M->135M(455M) 244.248ms
[2019-10-23T16:27:37.460+0300][483.250s][info][gc] GC(1997) Pause Young (Allocation Failure) 193M->193M(455M) 195.195ms
[2019-10-23T16:27:37.611+0300][483.402s][info][gc] GC(1998) Pause Young (Allocation Failure) 250M->250M(455M) 140.611ms
[2019-10-23T16:27:37.912+0300][483.703s][info][gc] GC(1999) Pause Young (Allocation Failure) 308M->308M(455M) 277.349ms
[2019-10-23T16:27:37.991+0300][483.782s][info][gc] GC(2000) Pause Full (Ergonomics) 308M->40M(455M) 79.195ms
[2019-10-23T16:27:38.253+0300][484.043s][info][gc] GC(2001) Pause Young (Allocation Failure) 98M->98M(455M) 250.445ms
[2019-10-23T16:27:38.667+0300][484.457s][info][gc] GC(2002) Pause Young (Allocation Failure) 155M->156M(455M) 393.700ms
[2019-10-23T16:27:38.801+0300][484.592s][info][gc] GC(2003) Pause Young (Allocation Failure) 213M->213M(455M) 124.522ms
[2019-10-23T16:27:39.300+0300][485.091s][info][gc] GC(2004) Pause Young (Allocation Failure) 269M->269M(455M) 478.497ms
[2019-10-23T16:27:39.501+0300][485.291s][info][gc] GC(2005) Pause Young (Allocation Failure) 327M->327M(455M) 191.159ms
[2019-10-23T16:27:39.641+0300][485.431s][info][gc] GC(2006) Pause Full (Ergonomics) 327M->59M(455M) 140.240ms
[2019-10-23T16:27:39.904+0300][485.695s][info][gc] GC(2007) Pause Young (Allocation Failure) 116M->117M(455M) 251.718ms
[2019-10-23T16:27:40.244+0300][486.034s][info][gc] GC(2008) Pause Young (Allocation Failure) 174M->174M(455M) 320.054ms
[2019-10-23T16:27:40.375+0300][486.166s][info][gc] GC(2009) Pause Young (Allocation Failure) 232M->232M(455M) 122.632ms
[2019-10-23T16:27:40.788+0300][486.579s][info][gc] GC(2010) Pause Young (Allocation Failure) 289M->290M(455M) 394.027ms
[2019-10-23T16:27:40.910+0300][486.701s][info][gc] GC(2011) Pause Young (Allocation Failure) 347M->347M(455M) 113.108ms
[2019-10-23T16:27:41.140+0300][486.931s][info][gc] GC(2012) Pause Full (Ergonomics) 347M->79M(455M) 229.389ms
[2019-10-23T16:27:41.419+0300][487.210s][info][gc] GC(2013) Pause Young (Allocation Failure) 135M->135M(455M) 260.327ms
[2019-10-23T16:27:41.617+0300][487.408s][info][gc] GC(2014) Pause Young (Allocation Failure) 193M->193M(455M) 189.656ms
[2019-10-23T16:27:41.753+0300][487.544s][info][gc] GC(2015) Pause Young (Allocation Failure) 250M->250M(455M) 127.141ms
[2019-10-23T16:27:42.069+0300][487.860s][info][gc] GC(2016) Pause Young (Allocation Failure) 308M->308M(455M) 295.658ms
[2019-10-23T16:27:42.155+0300][487.945s][info][gc] GC(2017) Pause Full (Ergonomics) 308M->40M(455M) 85.406ms
[2019-10-23T16:27:42.426+0300][488.217s][info][gc] GC(2018) Pause Young (Allocation Failure) 98M->98M(455M) 261.025ms
[2019-10-23T16:27:42.886+0300][488.677s][info][gc] GC(2019) Pause Young (Allocation Failure) 155M->156M(455M) 441.661ms
[2019-10-23T16:27:42.997+0300][488.788s][info][gc] GC(2020) Pause Young (Allocation Failure) 213M->213M(455M) 101.330ms
[2019-10-23T16:27:43.520+0300][489.312s][info][gc] GC(2021) Pause Young (Allocation Failure) 269M->269M(455M) 501.826ms
[2019-10-23T16:27:43.729+0300][489.520s][info][gc] GC(2022) Pause Young (Allocation Failure) 327M->327M(455M) 200.430ms
[2019-10-23T16:27:43.880+0300][489.671s][info][gc] GC(2023) Pause Full (Ergonomics) 327M->59M(455M) 150.831ms
[2019-10-23T16:27:44.151+0300][489.942s][info][gc] GC(2024) Pause Young (Allocation Failure) 116M->117M(455M) 262.346ms
[2019-10-23T16:27:44.466+0300][490.256s][info][gc] GC(2025) Pause Young (Allocation Failure) 174M->174M(455M) 295.523ms
[2019-10-23T16:27:44.593+0300][490.384s][info][gc] GC(2026) Pause Young (Allocation Failure) 232M->232M(455M) 118.424ms
[2019-10-23T16:27:45.038+0300][490.829s][info][gc] GC(2027) Pause Young (Allocation Failure) 289M->290M(455M) 426.421ms
[2019-10-23T16:27:45.159+0300][490.949s][info][gc] GC(2028) Pause Young (Allocation Failure) 347M->347M(455M) 111.774ms
[2019-10-23T16:27:45.381+0300][491.172s][info][gc] GC(2029) Pause Full (Ergonomics) 347M->79M(455M) 222.350ms
[2019-10-23T16:27:45.647+0300][491.438s][info][gc] GC(2030) Pause Young (Allocation Failure) 135M->135M(455M) 246.749ms
[2019-10-23T16:27:45.856+0300][491.647s][info][gc] GC(2031) Pause Young (Allocation Failure) 193M->193M(455M) 198.916ms
[2019-10-23T16:27:45.993+0300][491.785s][info][gc] GC(2032) Pause Young (Allocation Failure) 250M->250M(455M) 128.480ms
[2019-10-23T16:27:46.309+0300][492.100s][info][gc] GC(2033) Pause Young (Allocation Failure) 308M->308M(455M) 295.890ms
[2019-10-23T16:27:46.397+0300][492.188s][info][gc] GC(2034) Pause Full (Ergonomics) 308M->40M(455M) 87.513ms
[2019-10-23T16:27:46.654+0300][492.444s][info][gc] GC(2035) Pause Young (Allocation Failure) 98M->98M(455M) 246.566ms
[2019-10-23T16:27:47.085+0300][492.876s][info][gc] GC(2036) Pause Young (Allocation Failure) 155M->155M(455M) 412.428ms
[2019-10-23T16:27:47.201+0300][492.991s][info][gc] GC(2037) Pause Young (Allocation Failure) 213M->213M(455M) 105.913ms
[2019-10-23T16:27:47.687+0300][493.477s][info][gc] GC(2038) Pause Young (Allocation Failure) 269M->269M(455M) 464.963ms
[2019-10-23T16:27:47.837+0300][493.628s][info][gc] GC(2039) Pause Young (Allocation Failure) 327M->327M(455M) 142.561ms
[2019-10-23T16:27:47.993+0300][493.784s][info][gc] GC(2040) Pause Full (Ergonomics) 327M->59M(455M) 155.587ms
[2019-10-23T16:27:48.238+0300][494.029s][info][gc] GC(2041) Pause Young (Allocation Failure) 116M->117M(455M) 236.193ms
[2019-10-23T16:27:48.550+0300][494.341s][info][gc] GC(2042) Pause Young (Allocation Failure) 174M->174M(455M) 294.293ms
[2019-10-23T16:27:48.677+0300][494.468s][info][gc] GC(2043) Pause Young (Allocation Failure) 232M->232M(455M) 117.777ms
[2019-10-23T16:27:49.042+0300][494.833s][info][gc] GC(2044) Pause Young (Allocation Failure) 289M->290M(455M) 346.320ms
[2019-10-23T16:27:49.161+0300][494.951s][info][gc] GC(2045) Pause Young (Allocation Failure) 347M->347M(455M) 109.833ms
[2019-10-23T16:27:49.386+0300][495.176s][info][gc] GC(2046) Pause Full (Ergonomics) 347M->79M(455M) 224.728ms
[2019-10-23T16:27:49.652+0300][495.443s][info][gc] GC(2047) Pause Young (Allocation Failure) 135M->135M(455M) 248.698ms
[2019-10-23T16:27:49.868+0300][495.659s][info][gc] GC(2048) Pause Young (Allocation Failure) 193M->193M(455M) 207.110ms
[2019-10-23T16:27:50.006+0300][495.797s][info][gc] GC(2049) Pause Young (Allocation Failure) 250M->250M(455M) 127.653ms
[2019-10-23T16:27:50.283+0300][496.074s][info][gc] GC(2050) Pause Young (Allocation Failure) 308M->308M(455M) 257.953ms
[2019-10-23T16:27:50.373+0300][496.163s][info][gc] GC(2051) Pause Full (Ergonomics) 308M->40M(455M) 89.705ms
[2019-10-23T16:27:50.642+0300][496.433s][info][gc] GC(2052) Pause Young (Allocation Failure) 98M->98M(455M) 260.281ms
[2019-10-23T16:27:51.068+0300][496.858s][info][gc] GC(2053) Pause Young (Allocation Failure) 155M->156M(455M) 405.735ms
[2019-10-23T16:27:51.191+0300][496.982s][info][gc] GC(2054) Pause Young (Allocation Failure) 213M->213M(455M) 115.087ms
[2019-10-23T16:27:51.690+0300][497.481s][info][gc] GC(2055) Pause Young (Allocation Failure) 269M->270M(455M) 478.546ms
[2019-10-23T16:27:51.895+0300][497.686s][info][gc] GC(2056) Pause Young (Allocation Failure) 327M->327M(455M) 197.203ms
[2019-10-23T16:27:52.051+0300][497.842s][info][gc] GC(2057) Pause Full (Ergonomics) 327M->59M(455M) 155.111ms
[2019-10-23T16:27:52.315+0300][498.106s][info][gc] GC(2058) Pause Young (Allocation Failure) 116M->117M(455M) 255.619ms
[2019-10-23T16:27:52.619+0300][498.410s][info][gc] GC(2059) Pause Young (Allocation Failure) 174M->174M(455M) 285.783ms
[2019-10-23T16:27:52.746+0300][498.538s][info][gc] GC(2060) Pause Young (Allocation Failure) 232M->232M(455M) 117.775ms
[2019-10-23T16:27:53.183+0300][498.974s][info][gc] GC(2061) Pause Young (Allocation Failure) 289M->290M(455M) 418.018ms
[2019-10-23T16:27:53.303+0300][499.094s][info][gc] GC(2062) Pause Young (Allocation Failure) 347M->347M(455M) 111.178ms
[2019-10-23T16:27:53.502+0300][499.293s][info][gc] GC(2063) Pause Full (Ergonomics) 347M->79M(455M) 198.932ms
[2019-10-23T16:27:53.772+0300][499.563s][info][gc] GC(2064) Pause Young (Allocation Failure) 135M->135M(455M) 251.357ms
[2019-10-23T16:27:53.959+0300][499.750s][info][gc] GC(2065) Pause Young (Allocation Failure) 193M->193M(455M) 178.218ms
[2019-10-23T16:27:54.097+0300][499.887s][info][gc] GC(2066) Pause Young (Allocation Failure) 250M->250M(455M) 128.354ms
[2019-10-23T16:27:54.380+0300][500.171s][info][gc] GC(2067) Pause Young (Allocation Failure) 308M->308M(455M) 264.030ms
[2019-10-23T16:27:54.449+0300][500.240s][info][gc] GC(2068) Pause Full (Ergonomics) 308M->40M(455M) 68.838ms
[2019-10-23T16:27:54.706+0300][500.497s][info][gc] GC(2069) Pause Young (Allocation Failure) 98M->98M(455M) 247.064ms
[2019-10-23T16:27:55.140+0300][500.931s][info][gc] GC(2070) Pause Young (Allocation Failure) 155M->156M(455M) 413.477ms
[2019-10-23T16:27:55.253+0300][501.044s][info][gc] GC(2071) Pause Young (Allocation Failure) 213M->213M(455M) 104.107ms
[2019-10-23T16:27:55.788+0300][501.579s][info][gc] GC(2072) Pause Young (Allocation Failure) 269M->269M(455M) 513.394ms
[2019-10-23T16:27:55.973+0300][501.763s][info][gc] GC(2073) Pause Young (Allocation Failure) 327M->327M(455M) 175.689ms
[2019-10-23T16:27:56.126+0300][501.916s][info][gc] GC(2074) Pause Full (Ergonomics) 327M->59M(455M) 152.856ms
[2019-10-23T16:27:56.358+0300][502.148s][info][gc] GC(2075) Pause Young (Allocation Failure) 116M->117M(455M) 222.884ms
[2019-10-23T16:27:56.677+0300][502.467s][info][gc] GC(2076) Pause Young (Allocation Failure) 174M->174M(455M) 300.363ms
[2019-10-23T16:27:56.803+0300][502.594s][info][gc] GC(2077) Pause Young (Allocation Failure) 232M->232M(455M) 116.092ms
[2019-10-23T16:27:57.216+0300][503.006s][info][gc] GC(2078) Pause Young (Allocation Failure) 289M->290M(455M) 392.831ms
[2019-10-23T16:27:57.337+0300][503.127s][info][gc] GC(2079) Pause Young (Allocation Failure) 347M->347M(455M) 111.984ms
[2019-10-23T16:27:57.556+0300][503.346s][info][gc] GC(2080) Pause Full (Ergonomics) 347M->79M(455M) 219.111ms
[2019-10-23T16:27:57.813+0300][503.604s][info][gc] GC(2081) Pause Young (Allocation Failure) 135M->135M(455M) 239.664ms
[2019-10-23T16:27:58.020+0300][503.811s][info][gc] GC(2082) Pause Young (Allocation Failure) 193M->193M(455M) 198.312ms
[2019-10-23T16:27:58.156+0300][503.948s][info][gc] GC(2083) Pause Young (Allocation Failure) 250M->250M(455M) 127.340ms
[2019-10-23T16:27:58.458+0300][504.250s][info][gc] GC(2084) Pause Young (Allocation Failure) 308M->308M(455M) 284.914ms
[2019-10-23T16:27:58.542+0300][504.334s][info][gc] GC(2085) Pause Full (Ergonomics) 308M->40M(455M) 83.768ms
[2019-10-23T16:27:58.818+0300][504.609s][info][gc] GC(2086) Pause Young (Allocation Failure) 98M->98M(455M) 264.963ms
[2019-10-23T16:27:59.257+0300][505.048s][info][gc] GC(2087) Pause Young (Allocation Failure) 155M->156M(455M) 418.774ms
[2019-10-23T16:27:59.377+0300][505.168s][info][gc] GC(2088) Pause Young (Allocation Failure) 213M->213M(455M) 111.613ms
[2019-10-23T16:27:59.879+0300][505.670s][info][gc] GC(2089) Pause Young (Allocation Failure) 269M->269M(455M) 481.240ms
[2019-10-23T16:28:00.102+0300][505.893s][info][gc] GC(2090) Pause Young (Allocation Failure) 327M->327M(455M) 214.413ms
[2019-10-23T16:28:00.259+0300][506.050s][info][gc] GC(2091) Pause Full (Ergonomics) 327M->59M(455M) 156.951ms
[2019-10-23T16:28:00.514+0300][506.305s][info][gc] GC(2092) Pause Young (Allocation Failure) 116M->117M(455M) 246.065ms
[2019-10-23T16:28:00.820+0300][506.611s][info][gc] GC(2093) Pause Young (Allocation Failure) 174M->174M(455M) 286.790ms
[2019-10-23T16:28:00.950+0300][506.740s][info][gc] GC(2094) Pause Young (Allocation Failure) 232M->232M(455M) 121.086ms
[2019-10-23T16:28:01.365+0300][507.156s][info][gc] GC(2095) Pause Young (Allocation Failure) 289M->290M(455M) 395.164ms
[2019-10-23T16:28:01.488+0300][507.279s][info][gc] GC(2096) Pause Young (Allocation Failure) 347M->347M(455M) 114.313ms
[2019-10-23T16:28:01.716+0300][507.507s][info][gc] GC(2097) Pause Full (Ergonomics) 347M->79M(455M) 227.188ms
[2019-10-23T16:28:01.974+0300][507.764s][info][gc] GC(2098) Pause Young (Allocation Failure) 135M->135M(455M) 238.886ms
[2019-10-23T16:28:02.177+0300][507.967s][info][gc] GC(2099) Pause Young (Allocation Failure) 193M->193M(455M) 193.796ms
[2019-10-23T16:28:02.315+0300][508.106s][info][gc] GC(2100) Pause Young (Allocation Failure) 250M->250M(455M) 127.670ms
[2019-10-23T16:28:02.595+0300][508.385s][info][gc] GC(2101) Pause Young (Allocation Failure) 308M->308M(455M) 259.556ms
[2019-10-23T16:28:02.664+0300][508.454s][info][gc] GC(2102) Pause Full (Ergonomics) 308M->40M(455M) 69.151ms
[2019-10-23T16:28:02.936+0300][508.727s][info][gc] GC(2103) Pause Young (Allocation Failure) 98M->98M(455M) 263.201ms
[2019-10-23T16:28:03.381+0300][509.172s][info][gc] GC(2104) Pause Young (Allocation Failure) 155M->156M(455M) 426.249ms
[2019-10-23T16:28:03.488+0300][509.279s][info][gc] GC(2105) Pause Young (Allocation Failure) 213M->213M(455M) 97.989ms
[2019-10-23T16:28:03.938+0300][509.729s][info][gc] GC(2106) Pause Young (Allocation Failure) 269M->269M(455M) 428.399ms
[2019-10-23T16:28:04.150+0300][509.941s][info][gc] GC(2107) Pause Young (Allocation Failure) 327M->327M(455M) 203.847ms
[2019-10-23T16:28:04.271+0300][510.062s][info][gc] GC(2108) Pause Full (Ergonomics) 327M->59M(455M) 121.000ms
[2019-10-23T16:28:04.525+0300][510.316s][info][gc] GC(2109) Pause Young (Allocation Failure) 116M->117M(455M) 245.592ms
[2019-10-23T16:28:04.865+0300][510.656s][info][gc] GC(2110) Pause Young (Allocation Failure) 174M->174M(455M) 320.910ms
[2019-10-23T16:28:04.989+0300][510.780s][info][gc] GC(2111) Pause Young (Allocation Failure) 232M->232M(455M) 114.996ms
[2019-10-23T16:28:05.413+0300][511.204s][info][gc] GC(2112) Pause Young (Allocation Failure) 289M->290M(455M) 404.684ms
[2019-10-23T16:28:05.531+0300][511.322s][info][gc] GC(2113) Pause Young (Allocation Failure) 347M->347M(455M) 109.654ms
[2019-10-23T16:28:05.739+0300][511.530s][info][gc] GC(2114) Pause Full (Ergonomics) 347M->79M(455M) 207.940ms
[2019-10-23T16:28:06.008+0300][511.799s][info][gc] GC(2115) Pause Young (Allocation Failure) 135M->135M(455M) 250.066ms
[2019-10-23T16:28:06.210+0300][512.001s][info][gc] GC(2116) Pause Young (Allocation Failure) 193M->193M(455M) 192.196ms
[2019-10-23T16:28:06.347+0300][512.138s][info][gc] GC(2117) Pause Young (Allocation Failure) 250M->250M(455M) 128.168ms
[2019-10-23T16:28:06.663+0300][512.454s][info][gc] GC(2118) Pause Young (Allocation Failure) 308M->308M(455M) 297.049ms
[2019-10-23T16:28:06.751+0300][512.541s][info][gc] GC(2119) Pause Full (Ergonomics) 308M->40M(455M) 87.600ms
[2019-10-23T16:28:07.019+0300][512.810s][info][gc] GC(2120) Pause Young (Allocation Failure) 98M->98M(455M) 258.120ms
[2019-10-23T16:28:07.458+0300][513.248s][info][gc] GC(2121) Pause Young (Allocation Failure) 156M->156M(455M) 419.717ms
[2019-10-23T16:28:07.582+0300][513.372s][info][gc] GC(2122) Pause Young (Allocation Failure) 213M->213M(455M) 114.322ms
[2019-10-23T16:28:08.053+0300][513.844s][info][gc] GC(2123) Pause Young (Allocation Failure) 269M->270M(455M) 451.588ms
[2019-10-23T16:28:08.256+0300][514.047s][info][gc] GC(2124) Pause Young (Allocation Failure) 327M->327M(455M) 194.766ms
[2019-10-23T16:28:08.401+0300][514.192s][info][gc] GC(2125) Pause Full (Ergonomics) 327M->59M(455M) 145.581ms
[2019-10-23T16:28:08.665+0300][514.457s][info][gc] GC(2126) Pause Young (Allocation Failure) 116M->117M(455M) 255.434ms
[2019-10-23T16:28:08.985+0300][514.776s][info][gc] GC(2127) Pause Young (Allocation Failure) 174M->174M(455M) 301.326ms
[2019-10-23T16:28:09.110+0300][514.901s][info][gc] GC(2128) Pause Young (Allocation Failure) 232M->232M(455M) 115.314ms
[2019-10-23T16:28:09.518+0300][515.309s][info][gc] GC(2129) Pause Young (Allocation Failure) 289M->290M(455M) 389.689ms
[2019-10-23T16:28:09.633+0300][515.425s][info][gc] GC(2130) Pause Young (Allocation Failure) 347M->347M(455M) 105.635ms
[2019-10-23T16:28:09.859+0300][515.650s][info][gc] GC(2131) Pause Full (Ergonomics) 347M->79M(455M) 225.449ms
[2019-10-23T16:28:10.123+0300][515.914s][info][gc] GC(2132) Pause Young (Allocation Failure) 135M->135M(455M) 245.336ms
[2019-10-23T16:28:10.327+0300][516.118s][info][gc] GC(2133) Pause Young (Allocation Failure) 193M->193M(455M) 195.129ms
[2019-10-23T16:28:10.466+0300][516.258s][info][gc] GC(2134) Pause Young (Allocation Failure) 250M->250M(455M) 129.995ms
[2019-10-23T16:28:10.801+0300][516.592s][info][gc] GC(2135) Pause Young (Allocation Failure) 308M->308M(455M) 315.949ms
[2019-10-23T16:28:10.889+0300][516.680s][info][gc] GC(2136) Pause Full (Ergonomics) 308M->40M(455M) 87.781ms
[2019-10-23T16:28:11.140+0300][516.931s][info][gc] GC(2137) Pause Young (Allocation Failure) 98M->98M(455M) 241.543ms
[2019-10-23T16:28:11.572+0300][517.364s][info][gc] GC(2138) Pause Young (Allocation Failure) 155M->156M(455M) 414.420ms
[2019-10-23T16:28:11.694+0300][517.486s][info][gc] GC(2139) Pause Young (Allocation Failure) 213M->213M(455M) 111.549ms
[2019-10-23T16:28:12.166+0300][517.957s][info][gc] GC(2140) Pause Young (Allocation Failure) 269M->269M(455M) 450.004ms
[2019-10-23T16:28:12.355+0300][518.147s][info][gc] GC(2141) Pause Young (Allocation Failure) 327M->327M(455M) 181.450ms
[2019-10-23T16:28:12.490+0300][518.282s][info][gc] GC(2142) Pause Full (Ergonomics) 327M->59M(455M) 134.667ms
[2019-10-23T16:28:12.754+0300][518.545s][info][gc] GC(2143) Pause Young (Allocation Failure) 116M->117M(455M) 254.613ms
[2019-10-23T16:28:13.003+0300][518.794s][info][gc] GC(2144) Pause Young (Allocation Failure) 174M->174M(455M) 230.333ms
[2019-10-23T16:28:13.128+0300][518.920s][info][gc] GC(2145) Pause Young (Allocation Failure) 232M->232M(455M) 115.524ms
[2019-10-23T16:28:13.558+0300][519.349s][info][gc] GC(2146) Pause Young (Allocation Failure) 289M->290M(455M) 409.888ms
[2019-10-23T16:28:13.679+0300][519.470s][info][gc] GC(2147) Pause Young (Allocation Failure) 347M->347M(455M) 110.546ms
[2019-10-23T16:28:13.906+0300][519.697s][info][gc] GC(2148) Pause Full (Ergonomics) 347M->79M(455M) 226.271ms
[2019-10-23T16:28:14.157+0300][519.948s][info][gc] GC(2149) Pause Young (Allocation Failure) 135M->135M(455M) 232.745ms
[2019-10-23T16:28:14.323+0300][520.114s][info][gc] GC(2150) Pause Young (Allocation Failure) 193M->193M(455M) 157.731ms
[2019-10-23T16:28:14.462+0300][520.253s][info][gc] GC(2151) Pause Young (Allocation Failure) 250M->250M(455M) 128.191ms
[2019-10-23T16:28:14.783+0300][520.574s][info][gc] GC(2152) Pause Young (Allocation Failure) 308M->308M(455M) 301.996ms
[2019-10-23T16:28:14.853+0300][520.644s][info][gc] GC(2153) Pause Full (Ergonomics) 308M->40M(455M) 69.580ms
[2019-10-23T16:28:15.125+0300][520.916s][info][gc] GC(2154) Pause Young (Allocation Failure) 98M->98M(455M) 261.527ms
[2019-10-23T16:28:15.558+0300][521.349s][info][gc] GC(2155) Pause Young (Allocation Failure) 155M->155M(455M) 413.801ms
[2019-10-23T16:28:15.677+0300][521.468s][info][gc] GC(2156) Pause Young (Allocation Failure) 213M->213M(455M) 111.033ms
[2019-10-23T16:28:16.220+0300][522.011s][info][gc] GC(2157) Pause Young (Allocation Failure) 269M->269M(455M) 521.563ms
[2019-10-23T16:28:16.428+0300][522.219s][info][gc] GC(2158) Pause Young (Allocation Failure) 327M->327M(455M) 198.985ms
[2019-10-23T16:28:16.577+0300][522.368s][info][gc] GC(2159) Pause Full (Ergonomics) 327M->59M(455M) 148.934ms
[2019-10-23T16:28:16.837+0300][522.628s][info][gc] GC(2160) Pause Young (Allocation Failure) 116M->117M(455M) 249.613ms
[2019-10-23T16:28:17.104+0300][522.895s][info][gc] GC(2161) Pause Young (Allocation Failure) 174M->174M(455M) 249.208ms
[2019-10-23T16:28:17.229+0300][523.020s][info][gc] GC(2162) Pause Young (Allocation Failure) 232M->232M(455M) 116.649ms
[2019-10-23T16:28:17.656+0300][523.447s][info][gc] GC(2163) Pause Young (Allocation Failure) 289M->290M(455M) 407.421ms
[2019-10-23T16:28:17.775+0300][523.566s][info][gc] GC(2164) Pause Young (Allocation Failure) 347M->347M(455M) 109.631ms
[2019-10-23T16:28:17.993+0300][523.784s][info][gc] GC(2165) Pause Full (Ergonomics) 347M->79M(455M) 217.523ms
[2019-10-23T16:28:18.236+0300][524.027s][info][gc] GC(2166) Pause Young (Allocation Failure) 135M->135M(455M) 224.497ms
[2019-10-23T16:28:18.403+0300][524.194s][info][gc] GC(2167) Pause Young (Allocation Failure) 193M->193M(455M) 158.612ms
[2019-10-23T16:28:18.541+0300][524.331s][info][gc] GC(2168) Pause Young (Allocation Failure) 250M->250M(455M) 128.078ms
[2019-10-23T16:28:18.815+0300][524.605s][info][gc] GC(2169) Pause Young (Allocation Failure) 308M->308M(455M) 254.554ms
[2019-10-23T16:28:18.884+0300][524.675s][info][gc] GC(2170) Pause Full (Ergonomics) 308M->40M(455M) 69.454ms
[2019-10-23T16:28:19.099+0300][524.890s][info][gc] GC(2171) Pause Young (Allocation Failure) 98M->98M(455M) 204.377ms
[2019-10-23T16:28:19.511+0300][525.302s][info][gc] GC(2172) Pause Young (Allocation Failure) 155M->156M(455M) 393.377ms
[2019-10-23T16:28:19.629+0300][525.419s][info][gc] GC(2173) Pause Young (Allocation Failure) 213M->213M(455M) 106.728ms
[2019-10-23T16:28:20.089+0300][525.880s][info][gc] GC(2174) Pause Young (Allocation Failure) 269M->269M(455M) 440.903ms
[2019-10-23T16:28:20.294+0300][526.084s][info][gc] GC(2175) Pause Young (Allocation Failure) 327M->327M(455M) 196.501ms
[2019-10-23T16:28:20.447+0300][526.238s][info][gc] GC(2176) Pause Full (Ergonomics) 327M->59M(455M) 153.280ms
[2019-10-23T16:28:20.712+0300][526.503s][info][gc] GC(2177) Pause Young (Allocation Failure) 116M->117M(455M) 256.371ms
[2019-10-23T16:28:21.033+0300][526.823s][info][gc] GC(2178) Pause Young (Allocation Failure) 174M->174M(455M) 300.904ms
[2019-10-23T16:28:21.160+0300][526.951s][info][gc] GC(2179) Pause Young (Allocation Failure) 232M->232M(455M) 117.151ms
[2019-10-23T16:28:21.586+0300][527.376s][info][gc] GC(2180) Pause Young (Allocation Failure) 289M->290M(455M) 405.651ms
[2019-10-23T16:28:21.699+0300][527.489s][info][gc] GC(2181) Pause Young (Allocation Failure) 347M->347M(455M) 102.606ms
[2019-10-23T16:28:21.909+0300][527.699s][info][gc] GC(2182) Pause Full (Ergonomics) 347M->79M(455M) 209.485ms
[2019-10-23T16:28:22.145+0300][527.936s][info][gc] GC(2183) Pause Young (Allocation Failure) 135M->135M(455M) 217.649ms
[2019-10-23T16:28:22.344+0300][528.134s][info][gc] GC(2184) Pause Young (Allocation Failure) 193M->193M(455M) 189.778ms
[2019-10-23T16:28:22.481+0300][528.271s][info][gc] GC(2185) Pause Young (Allocation Failure) 250M->250M(455M) 127.720ms
[2019-10-23T16:28:22.758+0300][528.549s][info][gc] GC(2186) Pause Young (Allocation Failure) 308M->308M(455M) 259.886ms
[2019-10-23T16:28:22.845+0300][528.636s][info][gc] GC(2187) Pause Full (Ergonomics) 308M->40M(455M) 86.369ms
[2019-10-23T16:28:23.122+0300][528.913s][info][gc] GC(2188) Pause Young (Allocation Failure) 98M->98M(455M) 268.209ms
[2019-10-23T16:28:23.572+0300][529.363s][info][gc] GC(2189) Pause Young (Allocation Failure) 155M->156M(455M) 431.075ms
[2019-10-23T16:28:23.694+0300][529.485s][info][gc] GC(2190) Pause Young (Allocation Failure) 213M->213M(455M) 111.402ms
[2019-10-23T16:28:24.169+0300][529.960s][info][gc] GC(2191) Pause Young (Allocation Failure) 269M->269M(455M) 455.671ms
[2019-10-23T16:28:24.383+0300][530.174s][info][gc] GC(2192) Pause Young (Allocation Failure) 327M->327M(455M) 205.218ms
[2019-10-23T16:28:24.524+0300][530.315s][info][gc] GC(2193) Pause Full (Ergonomics) 327M->59M(455M) 140.718ms
[2019-10-23T16:28:24.777+0300][530.568s][info][gc] GC(2194) Pause Young (Allocation Failure) 116M->117M(455M) 242.431ms
[2019-10-23T16:28:25.082+0300][530.873s][info][gc] GC(2195) Pause Young (Allocation Failure) 174M->174M(455M) 286.861ms
[2019-10-23T16:28:25.217+0300][531.007s][info][gc] GC(2196) Pause Young (Allocation Failure) 232M->232M(455M) 125.663ms
[2019-10-23T16:28:25.618+0300][531.408s][info][gc] GC(2197) Pause Young (Allocation Failure) 289M->290M(455M) 379.583ms
[2019-10-23T16:28:25.744+0300][531.535s][info][gc] GC(2198) Pause Young (Allocation Failure) 347M->347M(455M) 115.271ms
[2019-10-23T16:28:25.937+0300][531.728s][info][gc] GC(2199) Pause Full (Ergonomics) 347M->79M(455M) 193.442ms
[2019-10-23T16:28:26.201+0300][531.992s][info][gc] GC(2200) Pause Young (Allocation Failure) 135M->135M(455M) 245.183ms
[2019-10-23T16:28:26.412+0300][532.203s][info][gc] GC(2201) Pause Young (Allocation Failure) 193M->193M(455M) 201.685ms
[2019-10-23T16:28:26.551+0300][532.343s][info][gc] GC(2202) Pause Young (Allocation Failure) 250M->250M(455M) 130.572ms
[2019-10-23T16:28:26.873+0300][532.665s][info][gc] GC(2203) Pause Young (Allocation Failure) 308M->308M(455M) 302.585ms
[2019-10-23T16:28:26.960+0300][532.751s][info][gc] GC(2204) Pause Full (Ergonomics) 308M->40M(455M) 85.968ms
[2019-10-23T16:28:27.219+0300][533.010s][info][gc] GC(2205) Pause Young (Allocation Failure) 98M->98M(455M) 248.888ms
[2019-10-23T16:28:27.639+0300][533.431s][info][gc] GC(2206) Pause Young (Allocation Failure) 155M->156M(455M) 401.416ms
[2019-10-23T16:28:27.760+0300][533.552s][info][gc] GC(2207) Pause Young (Allocation Failure) 213M->213M(455M) 111.386ms
[2019-10-23T16:28:28.286+0300][534.077s][info][gc] GC(2208) Pause Young (Allocation Failure) 269M->269M(455M) 503.887ms
[2019-10-23T16:28:28.451+0300][534.242s][info][gc] GC(2209) Pause Young (Allocation Failure) 327M->327M(455M) 157.045ms
[2019-10-23T16:28:28.596+0300][534.387s][info][gc] GC(2210) Pause Full (Ergonomics) 327M->59M(455M) 144.991ms
[2019-10-23T16:28:28.869+0300][534.660s][info][gc] GC(2211) Pause Young (Allocation Failure) 116M->117M(455M) 264.036ms
[2019-10-23T16:28:29.186+0300][534.977s][info][gc] GC(2212) Pause Young (Allocation Failure) 174M->174M(455M) 297.241ms
[2019-10-23T16:28:29.316+0300][535.106s][info][gc] GC(2213) Pause Young (Allocation Failure) 232M->232M(455M) 118.640ms
[2019-10-23T16:28:29.752+0300][535.543s][info][gc] GC(2214) Pause Young (Allocation Failure) 289M->290M(455M) 418.251ms
[2019-10-23T16:28:29.878+0300][535.669s][info][gc] GC(2215) Pause Young (Allocation Failure) 347M->347M(455M) 116.672ms
[2019-10-23T16:28:30.061+0300][535.851s][info][gc] GC(2216) Pause Full (Ergonomics) 347M->79M(455M) 182.197ms
[2019-10-23T16:28:30.330+0300][536.120s][info][gc] GC(2217) Pause Young (Allocation Failure) 135M->135M(455M) 250.275ms
[2019-10-23T16:28:30.516+0300][536.306s][info][gc] GC(2218) Pause Young (Allocation Failure) 193M->193M(455M) 176.600ms
[2019-10-23T16:28:30.656+0300][536.447s][info][gc] GC(2219) Pause Young (Allocation Failure) 250M->250M(455M) 131.806ms
[2019-10-23T16:28:30.969+0300][536.759s][info][gc] GC(2220) Pause Young (Allocation Failure) 308M->308M(455M) 292.429ms
[2019-10-23T16:28:31.050+0300][536.840s][info][gc] GC(2221) Pause Full (Ergonomics) 308M->40M(455M) 81.064ms
[2019-10-23T16:28:31.317+0300][537.108s][info][gc] GC(2222) Pause Young (Allocation Failure) 98M->98M(455M) 256.923ms
[2019-10-23T16:28:31.759+0300][537.550s][info][gc] GC(2223) Pause Young (Allocation Failure) 155M->156M(455M) 423.416ms
[2019-10-23T16:28:31.883+0300][537.674s][info][gc] GC(2224) Pause Young (Allocation Failure) 213M->213M(455M) 113.225ms
[2019-10-23T16:28:32.394+0300][538.185s][info][gc] GC(2225) Pause Young (Allocation Failure) 269M->269M(455M) 489.405ms
[2019-10-23T16:28:32.635+0300][538.426s][info][gc] GC(2226) Pause Young (Allocation Failure) 327M->327M(455M) 231.974ms
[2019-10-23T16:28:32.785+0300][538.576s][info][gc] GC(2227) Pause Full (Ergonomics) 327M->59M(455M) 149.757ms
[2019-10-23T16:28:33.054+0300][538.845s][info][gc] GC(2228) Pause Young (Allocation Failure) 116M->117M(455M) 260.249ms
[2019-10-23T16:28:33.369+0300][539.160s][info][gc] GC(2229) Pause Young (Allocation Failure) 174M->174M(455M) 295.064ms
[2019-10-23T16:28:33.501+0300][539.292s][info][gc] GC(2230) Pause Young (Allocation Failure) 232M->232M(455M) 121.269ms
[2019-10-23T16:28:33.945+0300][539.736s][info][gc] GC(2231) Pause Young (Allocation Failure) 289M->290M(455M) 424.203ms
[2019-10-23T16:28:34.071+0300][539.862s][info][gc] GC(2232) Pause Young (Allocation Failure) 347M->347M(455M) 116.934ms
[2019-10-23T16:28:34.285+0300][540.075s][info][gc] GC(2233) Pause Full (Ergonomics) 347M->79M(455M) 213.140ms
[2019-10-23T16:28:34.540+0300][540.331s][info][gc] GC(2234) Pause Young (Allocation Failure) 135M->135M(455M) 234.618ms
[2019-10-23T16:28:34.738+0300][540.528s][info][gc] GC(2235) Pause Young (Allocation Failure) 193M->193M(455M) 188.364ms
[2019-10-23T16:28:34.878+0300][540.669s][info][gc] GC(2236) Pause Young (Allocation Failure) 250M->250M(455M) 129.335ms
[2019-10-23T16:28:35.201+0300][540.992s][info][gc] GC(2237) Pause Young (Allocation Failure) 308M->308M(455M) 304.849ms
[2019-10-23T16:28:35.279+0300][541.070s][info][gc] GC(2238) Pause Full (Ergonomics) 308M->40M(455M) 77.730ms
[2019-10-23T16:28:35.550+0300][541.340s][info][gc] GC(2239) Pause Young (Allocation Failure) 98M->98M(455M) 259.642ms
[2019-10-23T16:28:35.990+0300][541.781s][info][gc] GC(2240) Pause Young (Allocation Failure) 155M->156M(455M) 422.005ms
[2019-10-23T16:28:36.115+0300][541.905s][info][gc] GC(2241) Pause Young (Allocation Failure) 213M->213M(455M) 114.086ms
